[
  [
    "FilterHeal",
    [
      {
        "weaponName": "Bahamut Rod",
        "range": "All"
      },
      {
        "weaponName": "Fairy Tale",
        "range": "All"
      },
      {
        "weaponName": "Gambanteinn",
        "range": "All"
      },
      {
        "weaponName": "Umbrella",
        "range": "SingleTarget"
      },
      {
        "weaponName": "Crystal Sword",
        "range": "All"
      },
      {
        "weaponName": "Tranquilizer Gun",
        "range": "Self"
      },
      {
        "weaponName": "Centipede",
        "range": "All"
      },
      {
        "weaponName": "Espee Rapiere Next-G",
        "range": "SingleTarget"
      },
      {
        "weaponName": "Prime Number",
        "range": "All"
      },
      {
        "weaponName": "Pilot's Collar",
        "range": "All"
      },
      {
        "weaponName": "Rubber Collar",
        "range": "SingleTarget"
      },
      {
        "weaponName": "Grand Gloves",
        "range": "Self"
      },
      {
        "weaponName": "Lifeguard Wraps",
        "range": "All"
      },
      {
        "weaponName": "Enhance Sword (Z)",
        "range": "SingleTarget"
      }
    ]
  ],
  [
    "FilterVeil",
    [
      {
        "weaponName": "Greatsword (A)",
        "range": "Self"
      },
      {
        "weaponName": "Shinra Greatsword: Model I",
        "range": "Self"
      },
      {
        "weaponName": "Tranquility",
        "range": "Self"
      },
      {
        "weaponName": "Volcanic Heat",
        "range": "Self"
      }
    ]
  ],
  [
    "FilterProvoke",
    [
      {
        "weaponName": "Gargantuan Monolith",
        "range": "Self"
      },
      {
        "weaponName": "Orchard Shovel",
        "range": "Self"
      },
      {
        "weaponName": "Tranquility",
        "range": "Self"
      },
      {
        "weaponName": "Type-90 Longsword",
        "range": "Self"
      },
      {
        "weaponName": "Blade of Ruin",
        "range": "Self"
      }
    ]
  ],
  [
    "FilterEnfeeble",
    [
      {
        "weaponName": "Rocket Lance",
        "range": "SingleTarget"
      }
    ]
  ],
  [
    "FilterStop",
    [
      {
        "weaponName": "Flayer",
        "range": "SingleTarget"
      },
      {
        "weaponName": "Mop",
        "range": "All"
      },
      {
        "weaponName": "Spear",
        "range": "SingleTarget"
      },
      {
        "weaponName": "Trident",
        "range": "SingleTarget"
      }
    ]
  ],
  [
    "FilterExploitWeakness",
    [
      {
        "weaponName": "Blue Daffodil Gloves",
        "range": "Self"
      }
    ]
  ],
  [
    "FilterPatkUp",
    [
      {
        "weaponName": "Gambanteinn",
        "range": "All",
        "potencies": {
          "ob6": {
            "max": "High",
            "base": "Mid"
          },
          "ob10": {
            "max": "High",
            "base": "Mid"
          },
          "ob1": {
            "max": "Mid",
            "base": "Low"
          },
          "ob0": {
            "max": "Mid",
            "base": "Low"
          }
        }
      },
      {
        "weaponName": "Kamura Wand",
        "range": "All",
        "potencies": {
          "ob6": {
            "max": "High",
            "base": "High"
          },
          "ob10": {
            "max": "High",
            "base": "High"
          },
          "ob1": {
            "max": "High",
            "base": "Mid"
          },
          "ob0": {
            "max": "High",
            "base": "Mid"
          }
        }
      },
      {
        "weaponName": "Stalwart Integrity",
        "range": "All",
        "potencies": {
          "ob6": {
            "max": "High",
            "base": "High"
          },
          "ob10": {
            "max": "High",
            "base": "High"
          },
          "ob1": {
            "max": "High",
            "base": "Mid"
          },
          "ob0": {
            "max": "High",
            "base": "Mid"
          }
        }
      },
      {
        "weaponName": "Rhad Cannon",
        "range": "SingleTarget",
        "potencies": {
          "ob6": {
            "max": "Mid",
            "base": "Low"
          },
          "ob10": {
            "max": "Mid",
            "base": "Low"
          },
          "ob1": {
            "max": "Mid",
            "base": "Low"
          },
          "ob0": {
            "max": "Mid",
            "base": "Low"
          }
        }
      },
      {
        "weaponName": "Catsmegaphone",
        "range": "SingleTarget",
        "potencies": {
          "ob6": {
            "max": "Mid",
            "base": "Low"
          },
          "ob10": {
            "max": "Mid",
            "base": "Low"
          },
          "ob1": {
            "max": "Mid",
            "base": "Low"
          },
          "ob0": {
            "max": "Mid",
            "base": "Low"
          }
        }
      },
      {
        "weaponName": "Marching Horn",
        "range": "SingleTarget",
        "potencies": {
          "ob6": {
            "max": "High",
            "base": "High"
          },
          "ob10": {
            "max": "High",
            "base": "High"
          },
          "ob1": {
            "max": "Mid",
            "base": "Mid"
          },
          "ob0": {
            "max": "Mid",
            "base": "Mid"
          }
        }
      },
      {
        "weaponName": "Quina Megaphone",
        "range": "All",
        "potencies": {
          "ob6": {
            "max": "High",
            "base": "High"
          },
          "ob10": {
            "max": "High",
            "base": "High"
          },
          "ob1": {
            "max": "High",
            "base": "Mid"
          },
          "ob0": {
            "max": "High",
            "base": "Mid"
          }
        }
      },
      {
        "weaponName": "Trumpet Shell",
        "range": "All",
        "potencies": {
          "ob6": {
            "max": "Mid",
            "base": "Mid"
          },
          "ob10": {
            "max": "Mid",
            "base": "Mid"
          },
          "ob1": {
            "max": "Mid",
            "base": "Low"
          },
          "ob0": {
            "max": "Mid",
            "base": "Low"
          }
        }
      },
      {
        "weaponName": "Scimitar",
        "range": "SingleTarget",
        "potencies": {
          "ob6": {
            "max": "High",
            "base": "Mid"
          },
          "ob10": {
            "max": "High",
            "base": "Mid"
          },
          "ob1": {
            "max": "Mid",
            "base": "Mid"
          },
          "ob0": {
            "max": "Mid",
            "base": "Mid"
          }
        }
      },
      {
        "weaponName": "Glavenus Sword",
        "range": "Self",
        "potencies": {
          "ob6": {
            "max": "High",
            "base": "High"
          },
          "ob10": {
            "max": "High",
            "base": "High"
          },
          "ob1": {
            "max": "Mid",
            "base": "Mid"
          },
          "ob0": {
            "max": "Mid",
            "base": "Mid"
          }
        }
      },
      {
        "weaponName": "Pumpkin Lamppost",
        "range": "SingleTarget",
        "potencies": {
          "ob6": {
            "max": "High",
            "base": "High"
          },
          "ob10": {
            "max": "High",
            "base": "High"
          },
          "ob1": {
            "max": "High",
            "base": "Mid"
          },
          "ob0": {
            "max": "High",
            "base": "Mid"
          }
        }
      },
      {
        "weaponName": "Bramble Spine",
        "range": "SingleTarget",
        "potencies": {
          "ob6": {
            "max": "High",
            "base": "High"
          },
          "ob10": {
            "max": "High",
            "base": "High"
          },
          "ob1": {
            "max": "High",
            "base": "Mid"
          },
          "ob0": {
            "max": "High",
            "base": "Mid"
          }
        }
      },
      {
        "weaponName": "Giant Fork",
        "range": "SingleTarget",
        "potencies": {
          "ob6": {
            "max": "Mid",
            "base": "Low"
          },
          "ob10": {
            "max": "Mid",
            "base": "Low"
          },
          "ob1": {
            "max": "Mid",
            "base": "Low"
          },
          "ob0": {
            "max": "Mid",
            "base": "Low"
          }
        }
      },
      {
        "weaponName": "Shinra Military Sword",
        "range": "Self",
        "potencies": {
          "ob6": {
            "max": "Mid",
            "base": "Mid"
          },
          "ob10": {
            "max": "Mid",
            "base": "Mid"
          },
          "ob1": {
            "max": "Mid",
            "base": "Mid"
          },
          "ob0": {
            "max": "Mid",
            "base": "Mid"
          }
        }
      },
      {
        "weaponName": "Amarant's Claws",
        "range": "Self",
        "potencies": {
          "ob6": {
            "max": "High",
            "base": "High"
          },
          "ob10": {
            "max": "High",
            "base": "High"
          },
          "ob1": {
            "max": "Mid",
            "base": "Mid"
          },
          "ob0": {
            "max": "Mid",
            "base": "Mid"
          }
        }
      },
      {
        "weaponName": "Oven Mitts",
        "range": "SingleTarget",
        "potencies": {
          "ob6": {
            "max": "Mid",
            "base": "Low"
          },
          "ob10": {
            "max": "Mid",
            "base": "Low"
          },
          "ob1": {
            "max": "Mid",
            "base": "Low"
          },
          "ob0": {
            "max": "Mid",
            "base": "Low"
          }
        }
      },
      {
        "weaponName": "Sabin's Claws",
        "range": "Self",
        "potencies": {
          "ob6": {
            "max": "High",
            "base": "Low"
          },
          "ob10": {
            "max": "High",
            "base": "Low"
          },
          "ob1": {
            "max": "Mid",
            "base": "Low"
          },
          "ob0": {
            "max": "Mid",
            "base": "Low"
          }
        }
      },
      {
        "weaponName": "Work Gloves",
        "range": "Self",
        "potencies": {
          "ob6": {
            "max": "High",
            "base": "High"
          },
          "ob10": {
            "max": "High",
            "base": "High"
          },
          "ob1": {
            "max": "High",
            "base": "Mid"
          },
          "ob0": {
            "max": "High",
            "base": "Mid"
          }
        }
      },
      {
        "weaponName": "Rhad Gun",
        "range": "SingleTarget",
        "potencies": {
          "ob6": {
            "max": "Mid",
            "base": "Low"
          },
          "ob10": {
            "max": "Mid",
            "base": "Low"
          },
          "ob1": {
            "max": "Mid",
            "base": "Low"
          },
          "ob0": {
            "max": "Mid",
            "base": "Low"
          }
        }
      },
      {
        "weaponName": "Arctic Star",
        "range": "Self",
        "potencies": {
          "ob6": {
            "max": "High",
            "base": "Mid"
          },
          "ob10": {
            "max": "High",
            "base": "Mid"
          },
          "ob1": {
            "max": "Mid",
            "base": "Mid"
          },
          "ob0": {
            "max": "Mid",
            "base": "Mid"
          }
        }
      },
      {
        "weaponName": "Arctic Star",
        "range": "SingleTarget",
        "potencies": {
          "ob6": {
            "max": "High",
            "base": "High"
          },
          "ob10": {
            "max": "High",
            "base": "High"
          },
          "ob1": {
            "max": "High",
            "base": "Mid"
          },
          "ob0": {
            "max": "High",
            "base": "Mid"
          }
        }
      },
      {
        "weaponName": "Ceremonial Sword (Z)",
        "range": "Self",
        "potencies": {
          "ob6": {
            "max": "High",
            "base": "High"
          },
          "ob10": {
            "max": "High",
            "base": "High"
          },
          "ob1": {
            "max": "High",
            "base": "Mid"
          },
          "ob0": {
            "max": "High",
            "base": "Mid"
          }
        }
      }
    ]
  ],
  [
    "FilterMatkUp",
    [
      {
        "weaponName": "Citric Wand",
        "range": "SingleTarget",
        "potencies": {
          "ob6": {
            "max": "High",
            "base": "Mid"
          },
          "ob10": {
            "max": "High",
            "base": "Mid"
          },
          "ob1": {
            "max": "Mid",
            "base": "Mid"
          },
          "ob0": {
            "max": "Mid",
            "base": "Mid"
          }
        }
      },
      {
        "weaponName": "Crimson Staff",
        "range": "All",
        "potencies": {
          "ob6": {
            "max": "High",
            "base": "High"
          },
          "ob10": {
            "max": "High",
            "base": "High"
          },
          "ob1": {
            "max": "Mid",
            "base": "Mid"
          },
          "ob0": {
            "max": "Mid",
            "base": "Mid"
          }
        }
      },
      {
        "weaponName": "Garnet's Rod",
        "range": "SingleTarget",
        "potencies": {
          "ob6": {
            "max": "High",
            "base": "High"
          },
          "ob10": {
            "max": "High",
            "base": "High"
          },
          "ob1": {
            "max": "High",
            "base": "Mid"
          },
          "ob0": {
            "max": "High",
            "base": "Mid"
          }
        }
      },
      {
        "weaponName": "Escutcheon Cannon",
        "range": "All",
        "potencies": {
          "ob6": {
            "max": "High",
            "base": "High"
          },
          "ob10": {
            "max": "High",
            "base": "High"
          },
          "ob1": {
            "max": "High",
            "base": "Mid"
          },
          "ob0": {
            "max": "High",
            "base": "Mid"
          }
        }
      },
      {
        "weaponName": "Microlaser",
        "range": "SingleTarget",
        "potencies": {
          "ob6": {
            "max": "High",
            "base": "High"
          },
          "ob10": {
            "max": "High",
            "base": "High"
          },
          "ob1": {
            "max": "High",
            "base": "Mid"
          },
          "ob0": {
            "max": "High",
            "base": "Mid"
          }
        }
      },
      {
        "weaponName": "Flower Vase",
        "range": "SingleTarget",
        "potencies": {
          "ob6": {
            "max": "High",
            "base": "High"
          },
          "ob10": {
            "max": "High",
            "base": "High"
          },
          "ob1": {
            "max": "High",
            "base": "Mid"
          },
          "ob0": {
            "max": "High",
            "base": "Mid"
          }
        }
      },
      {
        "weaponName": "Trumpet Shell",
        "range": "All",
        "potencies": {
          "ob6": {
            "max": "Mid",
            "base": "Mid"
          },
          "ob10": {
            "max": "Mid",
            "base": "Mid"
          },
          "ob1": {
            "max": "Mid",
            "base": "Low"
          },
          "ob0": {
            "max": "Mid",
            "base": "Low"
          }
        }
      },
      {
        "weaponName": "Scimitar",
        "range": "SingleTarget",
        "potencies": {
          "ob6": {
            "max": "High",
            "base": "Mid"
          },
          "ob10": {
            "max": "High",
            "base": "Mid"
          },
          "ob1": {
            "max": "Mid",
            "base": "Mid"
          },
          "ob0": {
            "max": "Mid",
            "base": "Mid"
          }
        }
      },
      {
        "weaponName": "Luminary Sword",
        "range": "All",
        "potencies": {
          "ob6": {
            "max": "High",
            "base": "Low"
          },
          "ob10": {
            "max": "High",
            "base": "Low"
          },
          "ob1": {
            "max": "Mid",
            "base": "Low"
          },
          "ob0": {
            "max": "Mid",
            "base": "Low"
          }
        }
      },
      {
        "weaponName": "Aonibi",
        "range": "Self",
        "potencies": {
          "ob6": {
            "max": "High",
            "base": "High"
          },
          "ob10": {
            "max": "High",
            "base": "High"
          },
          "ob1": {
            "max": "High",
            "base": "Mid"
          },
          "ob0": {
            "max": "High",
            "base": "Mid"
          }
        }
      },
      {
        "weaponName": "Bahamut Fangs",
        "range": "All",
        "potencies": {
          "ob6": {
            "max": "High",
            "base": "Mid"
          },
          "ob10": {
            "max": "High",
            "base": "Mid"
          },
          "ob1": {
            "max": "Mid",
            "base": "Mid"
          },
          "ob0": {
            "max": "Mid",
            "base": "Mid"
          }
        }
      },
      {
        "weaponName": "Bunny Gloves",
        "range": "Self",
        "potencies": {
          "ob6": {
            "max": "High",
            "base": "Low"
          },
          "ob10": {
            "max": "High",
            "base": "Low"
          },
          "ob1": {
            "max": "Mid",
            "base": "Low"
          },
          "ob0": {
            "max": "Mid",
            "base": "Low"
          }
        }
      },
      {
        "weaponName": "Kirin Gloves",
        "range": "Self",
        "potencies": {
          "ob6": {
            "max": "Mid",
            "base": "Mid"
          },
          "ob10": {
            "max": "Mid",
            "base": "Mid"
          },
          "ob1": {
            "max": "Mid",
            "base": "Low"
          },
          "ob0": {
            "max": "Mid",
            "base": "Low"
          }
        }
      },
      {
        "weaponName": "Sabin's Claws",
        "range": "Self",
        "potencies": {
          "ob6": {
            "max": "High",
            "base": "Low"
          },
          "ob10": {
            "max": "High",
            "base": "Low"
          },
          "ob1": {
            "max": "Mid",
            "base": "Low"
          },
          "ob0": {
            "max": "Mid",
            "base": "Low"
          }
        }
      },
      {
        "weaponName": "Sawed-Off GS",
        "range": "Self",
        "potencies": {
          "ob6": {
            "max": "High",
            "base": "High"
          },
          "ob10": {
            "max": "High",
            "base": "High"
          },
          "ob1": {
            "max": "High",
            "base": "Mid"
          },
          "ob0": {
            "max": "High",
            "base": "Mid"
          }
        }
      },
      {
        "weaponName": "Crystal Cross",
        "range": "SingleTarget",
        "potencies": {
          "ob6": {
            "max": "High",
            "base": "High"
          },
          "ob10": {
            "max": "High",
            "base": "High"
          },
          "ob1": {
            "max": "High",
            "base": "Mid"
          },
          "ob0": {
            "max": "High",
            "base": "Mid"
          }
        }
      }
    ]
  ],
  [
    "FilterPdefUp",
    [
      {
        "weaponName": "Bahamut Rod",
        "range": "All",
        "potencies": {
          "ob6": {
            "max": "Mid",
            "base": "Mid"
          },
          "ob10": {
            "max": "Mid",
            "base": "Mid"
          },
          "ob1": {
            "max": "Mid",
            "base": "Low"
          },
          "ob0": {
            "max": "Mid",
            "base": "Low"
          }
        }
      },
      {
        "weaponName": "Mythril Rod",
        "range": "All",
        "potencies": {
          "ob6": {
            "max": "Mid",
            "base": "Mid"
          },
          "ob10": {
            "max": "Mid",
            "base": "Mid"
          },
          "ob1": {
            "max": "Mid",
            "base": "Low"
          },
          "ob0": {
            "max": "Mid",
            "base": "Low"
          }
        }
      },
      {
        "weaponName": "Stalwart Integrity",
        "range": "All",
        "potencies": {
          "ob6": {
            "max": "High",
            "base": "High"
          },
          "ob10": {
            "max": "High",
            "base": "High"
          },
          "ob1": {
            "max": "High",
            "base": "Mid"
          },
          "ob0": {
            "max": "High",
            "base": "Mid"
          }
        }
      },
      {
        "weaponName": "Assault Gun",
        "range": "All",
        "potencies": {
          "ob6": {
            "max": "High",
            "base": "High"
          },
          "ob10": {
            "max": "High",
            "base": "High"
          },
          "ob1": {
            "max": "High",
            "base": "Mid"
          },
          "ob0": {
            "max": "High",
            "base": "Mid"
          }
        }
      },
      {
        "weaponName": "Lefko Kypseli",
        "range": "SingleTarget",
        "potencies": {
          "ob6": {
            "max": "High",
            "base": "Mid"
          },
          "ob10": {
            "max": "High",
            "base": "Mid"
          },
          "ob1": {
            "max": "Mid",
            "base": "Mid"
          },
          "ob0": {
            "max": "Mid",
            "base": "Mid"
          }
        }
      },
      {
        "weaponName": "Crystal Megaphone",
        "range": "SingleTarget",
        "potencies": {
          "ob6": {
            "max": "High",
            "base": "High"
          },
          "ob10": {
            "max": "High",
            "base": "High"
          },
          "ob1": {
            "max": "High",
            "base": "Mid"
          },
          "ob0": {
            "max": "Mid",
            "base": "Mid"
          }
        }
      },
      {
        "weaponName": "Quina Megaphone",
        "range": "All",
        "potencies": {
          "ob6": {
            "max": "High",
            "base": "High"
          },
          "ob10": {
            "max": "High",
            "base": "High"
          },
          "ob1": {
            "max": "High",
            "base": "Mid"
          },
          "ob0": {
            "max": "High",
            "base": "Mid"
          }
        }
      },
      {
        "weaponName": "Slash Lance",
        "range": "All",
        "potencies": {
          "ob6": {
            "max": "High",
            "base": "High"
          },
          "ob10": {
            "max": "High",
            "base": "High"
          },
          "ob1": {
            "max": "High",
            "base": "Mid"
          },
          "ob0": {
            "max": "High",
            "base": "Mid"
          }
        }
      },
      {
        "weaponName": "Viper Halberd",
        "range": "Self",
        "potencies": {
          "ob6": {
            "max": "High",
            "base": "High"
          },
          "ob10": {
            "max": "High",
            "base": "High"
          },
          "ob1": {
            "max": "High",
            "base": "Mid"
          },
          "ob0": {
            "max": "High",
            "base": "Mid"
          }
        }
      },
      {
        "weaponName": "Butterfly Edge",
        "range": "SingleTarget",
        "potencies": {
          "ob6": {
            "max": "High",
            "base": "High"
          },
          "ob10": {
            "max": "High",
            "base": "High"
          },
          "ob1": {
            "max": "High",
            "base": "Mid"
          },
          "ob0": {
            "max": "High",
            "base": "Mid"
          }
        }
      },
      {
        "weaponName": "Hardcore Squad",
        "range": "All",
        "potencies": {
          "ob6": {
            "max": "Mid",
            "base": "Mid"
          },
          "ob10": {
            "max": "Mid",
            "base": "Mid"
          },
          "ob1": {
            "max": "Mid",
            "base": "Low"
          },
          "ob0": {
            "max": "Mid",
            "base": "Low"
          }
        }
      },
      {
        "weaponName": "Centipede",
        "range": "All",
        "potencies": {
          "ob6": {
            "max": "High",
            "base": "Mid"
          },
          "ob10": {
            "max": "High",
            "base": "Mid"
          },
          "ob1": {
            "max": "Mid",
            "base": "Mid"
          },
          "ob0": {
            "max": "Mid",
            "base": "Mid"
          }
        }
      },
      {
        "weaponName": "Syringe Rapier",
        "range": "All",
        "potencies": {
          "ob6": {
            "max": "High",
            "base": "Mid"
          },
          "ob10": {
            "max": "High",
            "base": "Mid"
          },
          "ob1": {
            "max": "Mid",
            "base": "Mid"
          },
          "ob0": {
            "max": "Mid",
            "base": "Mid"
          }
        }
      },
      {
        "weaponName": "Mythril Type-0 Katana",
        "range": "Self",
        "potencies": {
          "ob6": {
            "max": "High",
            "base": "High"
          },
          "ob10": {
            "max": "High",
            "base": "High"
          },
          "ob1": {
            "max": "High",
            "base": "Mid"
          },
          "ob0": {
            "max": "High",
            "base": "Mid"
          }
        }
      },
      {
        "weaponName": "Torn Wing",
        "range": "SingleTarget",
        "potencies": {
          "ob6": {
            "max": "High",
            "base": "Mid"
          },
          "ob10": {
            "max": "High",
            "base": "Mid"
          },
          "ob1": {
            "max": "Mid",
            "base": "Mid"
          },
          "ob0": {
            "max": "Mid",
            "base": "Mid"
          }
        }
      },
      {
        "weaponName": "Work Gloves",
        "range": "Self",
        "potencies": {
          "ob6": {
            "max": "High",
            "base": "High"
          },
          "ob10": {
            "max": "High",
            "base": "High"
          },
          "ob1": {
            "max": "High",
            "base": "Mid"
          },
          "ob0": {
            "max": "High",
            "base": "Mid"
          }
        }
      },
      {
        "weaponName": "Defender",
        "range": "SingleTarget",
        "potencies": {
          "ob6": {
            "max": "High",
            "base": "High"
          },
          "ob10": {
            "max": "High",
            "base": "High"
          },
          "ob1": {
            "max": "High",
            "base": "Mid"
          },
          "ob0": {
            "max": "High",
            "base": "Mid"
          }
        }
      }
    ]
  ],
  [
    "FilterMdefUp",
    [
      {
        "weaponName": "Chocobo Staff",
        "range": "SingleTarget",
        "potencies": {
          "ob6": {
            "max": "High",
            "base": "Mid"
          },
          "ob10": {
            "max": "High",
            "base": "Mid"
          },
          "ob1": {
            "max": "Mid",
            "base": "Mid"
          },
          "ob0": {
            "max": "Mid",
            "base": "Mid"
          }
        }
      },
      {
        "weaponName": "Guard Stick",
        "range": "SingleTarget",
        "potencies": {
          "ob6": {
            "max": "High",
            "base": "High"
          },
          "ob10": {
            "max": "High",
            "base": "High"
          },
          "ob1": {
            "max": "High",
            "base": "Mid"
          },
          "ob0": {
            "max": "High",
            "base": "Mid"
          }
        }
      },
      {
        "weaponName": "Kamura Wand",
        "range": "All",
        "potencies": {
          "ob6": {
            "max": "High",
            "base": "High"
          },
          "ob10": {
            "max": "High",
            "base": "High"
          },
          "ob1": {
            "max": "High",
            "base": "Mid"
          },
          "ob0": {
            "max": "High",
            "base": "Mid"
          }
        }
      },
      {
        "weaponName": "Mythril Rod",
        "range": "All",
        "potencies": {
          "ob6": {
            "max": "Mid",
            "base": "Mid"
          },
          "ob10": {
            "max": "Mid",
            "base": "Mid"
          },
          "ob1": {
            "max": "Mid",
            "base": "Low"
          },
          "ob0": {
            "max": "Mid",
            "base": "Low"
          }
        }
      },
      {
        "weaponName": "Gargantuan Monolith",
        "range": "Self",
        "potencies": {
          "ob6": {
            "max": "High",
            "base": "High"
          },
          "ob10": {
            "max": "High",
            "base": "High"
          },
          "ob1": {
            "max": "High",
            "base": "Mid"
          },
          "ob0": {
            "max": "High",
            "base": "Mid"
          }
        }
      },
      {
        "weaponName": "Escutcheon Cannon",
        "range": "All",
        "potencies": {
          "ob6": {
            "max": "High",
            "base": "High"
          },
          "ob10": {
            "max": "High",
            "base": "High"
          },
          "ob1": {
            "max": "High",
            "base": "Mid"
          },
          "ob0": {
            "max": "High",
            "base": "Mid"
          }
        }
      },
      {
        "weaponName": "Heavy Vulcan",
        "range": "SingleTarget",
        "potencies": {
          "ob6": {
            "max": "High",
            "base": "High"
          },
          "ob10": {
            "max": "High",
            "base": "High"
          },
          "ob1": {
            "max": "High",
            "base": "Mid"
          },
          "ob0": {
            "max": "High",
            "base": "Mid"
          }
        }
      },
      {
        "weaponName": "Viper Halberd",
        "range": "Self",
        "potencies": {
          "ob6": {
            "max": "High",
            "base": "High"
          },
          "ob10": {
            "max": "High",
            "base": "High"
          },
          "ob1": {
            "max": "High",
            "base": "Mid"
          },
          "ob0": {
            "max": "High",
            "base": "Mid"
          }
        }
      },
      {
        "weaponName": "Bandaged Sword",
        "range": "All",
        "potencies": {
          "ob6": {
            "max": "High",
            "base": "High"
          },
          "ob10": {
            "max": "High",
            "base": "High"
          },
          "ob1": {
            "max": "High",
            "base": "Mid"
          },
          "ob0": {
            "max": "High",
            "base": "Mid"
          }
        }
      },
      {
        "weaponName": "Hardcore Squad",
        "range": "All",
        "potencies": {
          "ob6": {
            "max": "Mid",
            "base": "Mid"
          },
          "ob10": {
            "max": "Mid",
            "base": "Mid"
          },
          "ob1": {
            "max": "Mid",
            "base": "Low"
          },
          "ob0": {
            "max": "Mid",
            "base": "Low"
          }
        }
      },
      {
        "weaponName": "Pumpkin Blaster",
        "range": "SingleTarget",
        "potencies": {
          "ob6": {
            "max": "High",
            "base": "Mid"
          },
          "ob10": {
            "max": "High",
            "base": "Mid"
          },
          "ob1": {
            "max": "Mid",
            "base": "Mid"
          },
          "ob0": {
            "max": "Mid",
            "base": "Mid"
          }
        }
      },
      {
        "weaponName": "SSR1976",
        "range": "SingleTarget",
        "potencies": {
          "ob6": {
            "max": "High",
            "base": "High"
          },
          "ob10": {
            "max": "High",
            "base": "High"
          },
          "ob1": {
            "max": "High",
            "base": "Mid"
          },
          "ob0": {
            "max": "High",
            "base": "Mid"
          }
        }
      },
      {
        "weaponName": "Core Defender",
        "range": "All",
        "potencies": {
          "ob6": {
            "max": "High",
            "base": "High"
          },
          "ob10": {
            "max": "High",
            "base": "High"
          },
          "ob1": {
            "max": "High",
            "base": "Mid"
          },
          "ob0": {
            "max": "High",
            "base": "Mid"
          }
        }
      },
      {
        "weaponName": "Syringe Rapier",
        "range": "All",
        "potencies": {
          "ob6": {
            "max": "High",
            "base": "Mid"
          },
          "ob10": {
            "max": "High",
            "base": "Mid"
          },
          "ob1": {
            "max": "Mid",
            "base": "Mid"
          },
          "ob0": {
            "max": "Mid",
            "base": "Mid"
          }
        }
      },
      {
        "weaponName": "Pilot's Collar",
        "range": "All",
        "potencies": {
          "ob6": {
            "max": "High",
            "base": "Mid"
          },
          "ob10": {
            "max": "High",
            "base": "Mid"
          },
          "ob1": {
            "max": "Mid",
            "base": "Mid"
          },
          "ob0": {
            "max": "Mid",
            "base": "Mid"
          }
        }
      },
      {
        "weaponName": "Sleek Collar",
        "range": "All",
        "potencies": {
          "ob6": {
            "max": "High",
            "base": "High"
          },
          "ob10": {
            "max": "High",
            "base": "High"
          },
          "ob1": {
            "max": "High",
            "base": "Mid"
          },
          "ob0": {
            "max": "High",
            "base": "Mid"
          }
        }
      },
      {
        "weaponName": "Sawed-Off GS",
        "range": "Self",
        "potencies": {
          "ob6": {
            "max": "High",
            "base": "High"
          },
          "ob10": {
            "max": "High",
            "base": "High"
          },
          "ob1": {
            "max": "High",
            "base": "Mid"
          },
          "ob0": {
            "max": "High",
            "base": "Mid"
          }
        }
      },
      {
        "weaponName": "Bahamut Cutter",
        "range": "All",
        "potencies": {
          "ob6": {
            "max": "High",
            "base": "Mid"
          },
          "ob10": {
            "max": "High",
            "base": "Mid"
          },
          "ob1": {
            "max": "Mid",
            "base": "Mid"
          },
          "ob0": {
            "max": "Mid",
            "base": "Mid"
          }
        }
      }
    ]
  ],
  [
    "FilterFireDamageUp",
    [
      {
        "weaponName": "Locke's Sword",
        "range": "Self",
        "potencies": {
          "ob6": {
            "max": "High",
            "base": "Mid"
          },
          "ob10": {
            "max": "High",
            "base": "Mid"
          },
          "ob1": {
            "max": "Mid",
            "base": "Mid"
          },
          "ob0": {
            "max": "Mid",
            "base": "Mid"
          }
        }
      },
      {
        "weaponName": "Luminary Sword",
        "range": "All",
        "potencies": {
          "ob6": {
            "max": "High",
            "base": "Low"
          },
          "ob10": {
            "max": "High",
            "base": "Low"
          },
          "ob1": {
            "max": "Mid",
            "base": "Low"
          },
          "ob0": {
            "max": "Mid",
            "base": "Low"
          }
        }
      },
      {
        "weaponName": "Striped Moogle Float",
        "range": "Self",
        "potencies": {
          "ob6": {
            "max": "High",
            "base": "Low"
          },
          "ob10": {
            "max": "High",
            "base": "Low"
          },
          "ob1": {
            "max": "Mid",
            "base": "Low"
          },
          "ob0": {
            "max": "Mid",
            "base": "Low"
          }
        }
      }
    ]
  ],
  [
    "FilterIceDamageUp",
    [
      {
        "weaponName": "Citric Wand",
        "range": "SingleTarget",
        "potencies": {
          "ob6": {
            "max": "High",
            "base": "High"
          },
          "ob10": {
            "max": "High",
            "base": "High"
          },
          "ob1": {
            "max": "Mid",
            "base": "Mid"
          },
          "ob0": {
            "max": "Mid",
            "base": "Mid"
          }
        }
      },
      {
        "weaponName": "Scimitar",
        "range": "SingleTarget",
        "potencies": {
          "ob6": {
            "max": "High",
            "base": "Mid"
          },
          "ob10": {
            "max": "High",
            "base": "Mid"
          },
          "ob1": {
            "max": "Mid",
            "base": "Mid"
          },
          "ob0": {
            "max": "Mid",
            "base": "Mid"
          }
        }
      },
      {
        "weaponName": "Locke's Sword",
        "range": "Self",
        "potencies": {
          "ob6": {
            "max": "High",
            "base": "Mid"
          },
          "ob10": {
            "max": "High",
            "base": "Mid"
          },
          "ob1": {
            "max": "Mid",
            "base": "Mid"
          },
          "ob0": {
            "max": "Mid",
            "base": "Mid"
          }
        }
      }
    ]
  ],
  [
    "FilterThunderDamageUp",
    [
      {
        "weaponName": "Locke's Sword",
        "range": "Self",
        "potencies": {
          "ob6": {
            "max": "High",
            "base": "Mid"
          },
          "ob10": {
            "max": "High",
            "base": "Mid"
          },
          "ob1": {
            "max": "Mid",
            "base": "Mid"
          },
          "ob0": {
            "max": "Mid",
            "base": "Mid"
          }
        }
      }
    ]
  ],
  [
    "FilterEarthDamageUp",
    [
      {
        "weaponName": "Kugelblitz",
        "range": "Self",
        "potencies": {
          "ob6": {
            "max": "High",
            "base": "High"
          },
          "ob10": {
            "max": "High",
            "base": "High"
          },
          "ob1": {
            "max": "Mid",
            "base": "Mid"
          },
          "ob0": {
            "max": "Mid",
            "base": "Mid"
          }
        }
      }
    ]
  ],
  [
    "FilterWaterDamageUp",
    [
      {
        "weaponName": "Slay the Day",
        "range": "Self",
        "potencies": {
          "ob6": {
            "max": "High",
            "base": "High"
          },
          "ob10": {
            "max": "High",
            "base": "High"
          },
          "ob1": {
            "max": "Mid",
            "base": "Mid"
          },
          "ob0": {
            "max": "Mid",
            "base": "Mid"
          }
        }
      },
      {
        "weaponName": "Feathered Gloves",
        "range": "Self",
        "potencies": {
          "ob6": {
            "max": "High",
            "base": "High"
          },
          "ob10": {
            "max": "High",
            "base": "High"
          },
          "ob1": {
            "max": "Mid",
            "base": "Mid"
          },
          "ob0": {
            "max": "Mid",
            "base": "Mid"
          }
        }
      }
    ]
  ],
  [
    "FilterWindDamageUp",
    [
      {
        "weaponName": "Shinra Military Sword",
        "range": "Self",
        "potencies": {
          "ob6": {
            "max": "High",
            "base": "High"
          },
          "ob10": {
            "max": "High",
            "base": "High"
          },
          "ob1": {
            "max": "Mid",
            "base": "Mid"
          },
          "ob0": {
            "max": "Mid",
            "base": "Mid"
          }
        }
      }
    ]
  ],
  [
    "FilterPatkDown",
    [
      {
        "weaponName": "Full Metal Staff",
        "range": "All",
        "potencies": {
          "ob6": {
            "max": "Mid",
            "base": "Mid"
          },
          "ob10": {
            "max": "Mid",
            "base": "Mid"
          },
          "ob1": {
            "max": "Mid",
            "base": "Low"
          },
          "ob0": {
            "max": "Mid",
            "base": "Low"
          }
        }
      },
      {
        "weaponName": "Turks' Blade",
        "range": "All",
        "potencies": {
          "ob6": {
            "max": "Mid",
            "base": "Low"
          },
          "ob10": {
            "max": "Mid",
            "base": "Low"
          },
          "ob1": {
            "max": "Mid",
            "base": "Low"
          },
          "ob0": {
            "max": "Mid",
            "base": "Low"
          }
        }
      },
      {
        "weaponName": "Type-91 Two-Hander",
        "range": "SingleTarget",
        "potencies": {
          "ob6": {
            "max": "High",
            "base": "Mid"
          },
          "ob10": {
            "max": "High",
            "base": "Mid"
          },
          "ob1": {
            "max": "Mid",
            "base": "Mid"
          },
          "ob0": {
            "max": "Mid",
            "base": "Mid"
          }
        }
      },
      {
        "weaponName": "Electrocannon",
        "range": "All",
        "potencies": {
          "ob6": {
            "max": "High",
            "base": "Mid"
          },
          "ob10": {
            "max": "High",
            "base": "Mid"
          },
          "ob1": {
            "max": "Mid",
            "base": "Mid"
          },
          "ob0": {
            "max": "Mid",
            "base": "Mid"
          }
        }
      },
      {
        "weaponName": "Battle Trumpet",
        "range": "All",
        "potencies": {
          "ob6": {
            "max": "High",
            "base": "High"
          },
          "ob10": {
            "max": "High",
            "base": "High"
          },
          "ob1": {
            "max": "High",
            "base": "Mid"
          },
          "ob0": {
            "max": "High",
            "base": "Mid"
          }
        }
      },
      {
        "weaponName": "Pole Axe",
        "range": "All",
        "potencies": {
          "ob6": {
            "max": "High",
            "base": "Mid"
          },
          "ob10": {
            "max": "High",
            "base": "Mid"
          },
          "ob1": {
            "max": "Mid",
            "base": "Mid"
          },
          "ob0": {
            "max": "Mid",
            "base": "Mid"
          }
        }
      },
      {
        "weaponName": "Iron Blade",
        "range": "All",
        "potencies": {
          "ob6": {
            "max": "Mid",
            "base": "Mid"
          },
          "ob10": {
            "max": "Mid",
            "base": "Mid"
          },
          "ob1": {
            "max": "Mid",
            "base": "Low"
          },
          "ob0": {
            "max": "Mid",
            "base": "Low"
          }
        }
      },
      {
        "weaponName": "Steiner's Blade",
        "range": "SingleTarget",
        "potencies": {
          "ob6": {
            "max": "Mid",
            "base": "Low"
          },
          "ob10": {
            "max": "Mid",
            "base": "Low"
          },
          "ob1": {
            "max": "Mid",
            "base": "Low"
          },
          "ob0": {
            "max": "Mid",
            "base": "Low"
          }
        }
      },
      {
        "weaponName": "Featherscatter",
        "range": "SingleTarget",
        "potencies": {
          "ob6": {
            "max": "Mid",
            "base": "Low"
          },
          "ob10": {
            "max": "Mid",
            "base": "Low"
          },
          "ob1": {
            "max": "Mid",
            "base": "Low"
          },
          "ob0": {
            "max": "Mid",
            "base": "Low"
          }
        }
      },
      {
        "weaponName": "Marine Shooter",
        "range": "All",
        "potencies": {
          "ob6": {
            "max": "High",
            "base": "Mid"
          },
          "ob10": {
            "max": "High",
            "base": "Mid"
          },
          "ob1": {
            "max": "Mid",
            "base": "Mid"
          },
          "ob0": {
            "max": "Mid",
            "base": "Mid"
          }
        }
      },
      {
        "weaponName": "Slick Beetle",
        "range": "SingleTarget",
        "potencies": {
          "ob6": {
            "max": "High",
            "base": "High"
          },
          "ob10": {
            "max": "High",
            "base": "High"
          },
          "ob1": {
            "max": "High",
            "base": "Mid"
          },
          "ob0": {
            "max": "High",
            "base": "Mid"
          }
        }
      },
      {
        "weaponName": "Steward Collar",
        "range": "SingleTarget",
        "potencies": {
          "ob6": {
            "max": "Mid",
            "base": "Low"
          },
          "ob10": {
            "max": "Mid",
            "base": "Low"
          },
          "ob1": {
            "max": "Mid",
            "base": "Low"
          },
          "ob0": {
            "max": "Mid",
            "base": "Low"
          }
        }
      },
      {
        "weaponName": "Kuja's Spirit Blade",
        "range": "All",
        "potencies": {
          "ob6": {
            "max": "High",
            "base": "Mid"
          },
          "ob10": {
            "max": "High",
            "base": "Mid"
          },
          "ob1": {
            "max": "Mid",
            "base": "Mid"
          },
          "ob0": {
            "max": "Mid",
            "base": "Mid"
          }
        }
      },
      {
        "weaponName": "Northern Lights",
        "range": "SingleTarget",
        "potencies": {
          "ob6": {
            "max": "High",
            "base": "High"
          },
          "ob10": {
            "max": "High",
            "base": "High"
          },
          "ob1": {
            "max": "High",
            "base": "Mid"
          },
          "ob0": {
            "max": "High",
            "base": "Mid"
          }
        }
      },
      {
        "weaponName": "Leather Gloves",
        "range": "SingleTarget",
        "potencies": {
          "ob6": {
            "max": "High",
            "base": "High"
          },
          "ob10": {
            "max": "High",
            "base": "High"
          },
          "ob1": {
            "max": "High",
            "base": "Mid"
          },
          "ob0": {
            "max": "High",
            "base": "Mid"
          }
        }
      },
      {
        "weaponName": "Steward Gloves",
        "range": "SingleTarget",
        "potencies": {
          "ob6": {
            "max": "Mid",
            "base": "Low"
          },
          "ob10": {
            "max": "Mid",
            "base": "Low"
          },
          "ob1": {
            "max": "Mid",
            "base": "Low"
          },
          "ob0": {
            "max": "Mid",
            "base": "Low"
          }
        }
      },
      {
        "weaponName": "S1976C",
        "range": "All",
        "potencies": {
          "ob6": {
            "max": "High",
            "base": "Mid"
          },
          "ob10": {
            "max": "High",
            "base": "Mid"
          },
          "ob1": {
            "max": "Mid",
            "base": "Mid"
          },
          "ob0": {
            "max": "Mid",
            "base": "Mid"
          }
        }
      },
      {
        "weaponName": "4-Point Shuriken",
        "range": "All",
        "potencies": {
          "ob6": {
            "max": "Mid",
            "base": "Mid"
          },
          "ob10": {
            "max": "Mid",
            "base": "Mid"
          },
          "ob1": {
            "max": "Mid",
            "base": "Low"
          },
          "ob0": {
            "max": "Mid",
            "base": "Low"
          }
        }
      }
    ]
  ],
  [
    "FilterMatkDown",
    [
      {
        "weaponName": "Type-91 Two-Hander",
        "range": "SingleTarget",
        "potencies": {
          "ob6": {
            "max": "Mid",
            "base": "Mid"
          },
          "ob10": {
            "max": "Mid",
            "base": "Mid"
          },
          "ob1": {
            "max": "Mid",
            "base": "Mid"
          },
          "ob0": {
            "max": "Mid",
            "base": "Mid"
          }
        }
      },
      {
        "weaponName": "Electrocannon",
        "range": "All",
        "potencies": {
          "ob6": {
            "max": "Mid",
            "base": "Mid"
          },
          "ob10": {
            "max": "Mid",
            "base": "Mid"
          },
          "ob1": {
            "max": "Mid",
            "base": "Mid"
          },
          "ob0": {
            "max": "Mid",
            "base": "Mid"
          }
        }
      },
      {
        "weaponName": "Solid Bazooka",
        "range": "SingleTarget",
        "potencies": {
          "ob6": {
            "max": "High",
            "base": "High"
          },
          "ob10": {
            "max": "High",
            "base": "High"
          },
          "ob1": {
            "max": "High",
            "base": "Mid"
          },
          "ob0": {
            "max": "High",
            "base": "Mid"
          }
        }
      },
      {
        "weaponName": "Battle Trumpet",
        "range": "All",
        "potencies": {
          "ob6": {
            "max": "Mid",
            "base": "Mid"
          },
          "ob10": {
            "max": "Mid",
            "base": "Mid"
          },
          "ob1": {
            "max": "Mid",
            "base": "Low"
          },
          "ob0": {
            "max": "Mid",
            "base": "Low"
          }
        }
      },
      {
        "weaponName": "Gold Megaphone",
        "range": "SingleTarget",
        "potencies": {
          "ob6": {
            "max": "Mid",
            "base": "Mid"
          },
          "ob10": {
            "max": "High",
            "base": "High"
          },
          "ob1": {
            "max": "High",
            "base": "Mid"
          },
          "ob0": {
            "max": "High",
            "base": "Mid"
          }
        }
      },
      {
        "weaponName": "Pole Axe",
        "range": "All",
        "potencies": {
          "ob6": {
            "max": "High",
            "base": "Mid"
          },
          "ob10": {
            "max": "High",
            "base": "Mid"
          },
          "ob1": {
            "max": "Mid",
            "base": "Mid"
          },
          "ob0": {
            "max": "Mid",
            "base": "Mid"
          }
        }
      },
      {
        "weaponName": "Mad Minute",
        "range": "SingleTarget",
        "potencies": {
          "ob6": {
            "max": "High",
            "base": "High"
          },
          "ob10": {
            "max": "High",
            "base": "High"
          },
          "ob1": {
            "max": "High",
            "base": "Mid"
          },
          "ob0": {
            "max": "High",
            "base": "Mid"
          }
        }
      },
      {
        "weaponName": "Junk Collar",
        "range": "SingleTarget",
        "potencies": {
          "ob6": {
            "max": "High",
            "base": "High"
          },
          "ob10": {
            "max": "High",
            "base": "High"
          },
          "ob1": {
            "max": "High",
            "base": "Mid"
          },
          "ob0": {
            "max": "High",
            "base": "Mid"
          }
        }
      },
      {
        "weaponName": "Kuja's Spirit Blade",
        "range": "All",
        "potencies": {
          "ob6": {
            "max": "High",
            "base": "Mid"
          },
          "ob10": {
            "max": "High",
            "base": "Mid"
          },
          "ob1": {
            "max": "Mid",
            "base": "Mid"
          },
          "ob0": {
            "max": "Mid",
            "base": "Mid"
          }
        }
      },
      {
        "weaponName": "Amarant's Claws",
        "range": "SingleTarget",
        "potencies": {
          "ob6": {
            "max": "High",
            "base": "Mid"
          },
          "ob10": {
            "max": "High",
            "base": "Mid"
          },
          "ob1": {
            "max": "Mid",
            "base": "Mid"
          },
          "ob0": {
            "max": "Mid",
            "base": "Mid"
          }
        }
      },
      {
        "weaponName": "Tiger Fangs",
        "range": "SingleTarget",
        "potencies": {
          "ob6": {
            "max": "High",
            "base": "High"
          },
          "ob10": {
            "max": "High",
            "base": "High"
          },
          "ob1": {
            "max": "High",
            "base": "Mid"
          },
          "ob0": {
            "max": "High",
            "base": "Mid"
          }
        }
      },
      {
        "weaponName": "S1976C",
        "range": "All",
        "potencies": {
          "ob6": {
            "max": "High",
            "base": "Mid"
          },
          "ob10": {
            "max": "High",
            "base": "Mid"
          },
          "ob1": {
            "max": "Mid",
            "base": "Mid"
          },
          "ob0": {
            "max": "Mid",
            "base": "Mid"
          }
        }
      },
      {
        "weaponName": "Twinkling Star",
        "range": "SingleTarget",
        "potencies": {
          "ob6": {
            "max": "High",
            "base": "Mid"
          },
          "ob10": {
            "max": "High",
            "base": "Mid"
          },
          "ob1": {
            "max": "Mid",
            "base": "Mid"
          },
          "ob0": {
            "max": "Mid",
            "base": "Mid"
          }
        }
      }
    ]
  ],
  [
    "FilterPdefDown",
    [
      {
        "weaponName": "Dawn's Prayers",
        "range": "SingleTarget",
        "potencies": {
          "ob6": {
            "max": "Mid",
            "base": "Low"
          },
          "ob10": {
            "max": "Mid",
            "base": "Low"
          },
          "ob1": {
            "max": "Mid",
            "base": "Low"
          },
          "ob0": {
            "max": "Mid",
            "base": "Low"
          }
        }
      },
      {
        "weaponName": "Floral Wand",
        "range": "SingleTarget",
        "potencies": {
          "ob6": {
            "max": "Mid",
            "base": "Mid"
          },
          "ob10": {
            "max": "Mid",
            "base": "Mid"
          },
          "ob1": {
            "max": "Mid",
            "base": "Mid"
          },
          "ob0": {
            "max": "Mid",
            "base": "Mid"
          }
        }
      },
      {
        "weaponName": "Sun Umbrella",
        "range": "SingleTarget",
        "potencies": {
          "ob6": {
            "max": "Mid",
            "base": "Mid"
          },
          "ob10": {
            "max": "Mid",
            "base": "Mid"
          },
          "ob1": {
            "max": "Mid",
            "base": "Low"
          },
          "ob0": {
            "max": "Mid",
            "base": "Low"
          }
        }
      },
      {
        "weaponName": "Greatsword (A)",
        "range": "All",
        "potencies": {
          "ob6": {
            "max": "High",
            "base": "High"
          },
          "ob10": {
            "max": "High",
            "base": "High"
          },
          "ob1": {
            "max": "High",
            "base": "Mid"
          },
          "ob0": {
            "max": "High",
            "base": "Mid"
          }
        }
      },
      {
        "weaponName": "W Machine",
        "range": "SingleTarget",
        "potencies": {
          "ob6": {
            "max": "High",
            "base": "High"
          },
          "ob10": {
            "max": "High",
            "base": "High"
          },
          "ob1": {
            "max": "High",
            "base": "Mid"
          },
          "ob0": {
            "max": "High",
            "base": "Mid"
          }
        }
      },
      {
        "weaponName": "Silver Megaphone",
        "range": "SingleTarget",
        "potencies": {
          "ob6": {
            "max": "High",
            "base": "High"
          },
          "ob10": {
            "max": "High",
            "base": "High"
          },
          "ob1": {
            "max": "High",
            "base": "High"
          },
          "ob0": {
            "max": "High",
            "base": "High"
          }
        }
      },
      {
        "weaponName": "Silver Megaphone",
        "range": "SingleTarget",
        "potencies": {
          "ob6": {
            "max": "Low",
            "base": "Low"
          },
          "ob10": {
            "max": "Low",
            "base": "Low"
          },
          "ob1": {
            "max": "Low",
            "base": "Low"
          },
          "ob0": {
            "max": "Low",
            "base": "Low"
          }
        }
      },
      {
        "weaponName": "Glavenus Sword",
        "range": "SingleTarget",
        "potencies": {
          "ob6": {
            "max": "Mid",
            "base": "Mid"
          },
          "ob10": {
            "max": "Mid",
            "base": "Mid"
          },
          "ob1": {
            "max": "Mid",
            "base": "Mid"
          },
          "ob0": {
            "max": "Mid",
            "base": "Mid"
          }
        }
      },
      {
        "weaponName": "Hardedge",
        "range": "SingleTarget",
        "potencies": {
          "ob6": {
            "max": "High",
            "base": "High"
          },
          "ob10": {
            "max": "High",
            "base": "High"
          },
          "ob1": {
            "max": "High",
            "base": "Mid"
          },
          "ob0": {
            "max": "High",
            "base": "Mid"
          }
        }
      },
      {
        "weaponName": "Sleek Saber",
        "range": "All",
        "potencies": {
          "ob6": {
            "max": "Mid",
            "base": "Low"
          },
          "ob10": {
            "max": "Mid",
            "base": "Low"
          },
          "ob1": {
            "max": "Mid",
            "base": "Low"
          },
          "ob0": {
            "max": "Mid",
            "base": "Low"
          }
        }
      },
      {
        "weaponName": "Best Wishes",
        "range": "SingleTarget",
        "potencies": {
          "ob6": {
            "max": "Mid",
            "base": "Low"
          },
          "ob10": {
            "max": "Mid",
            "base": "Low"
          },
          "ob1": {
            "max": "Mid",
            "base": "Low"
          },
          "ob0": {
            "max": "Mid",
            "base": "Low"
          }
        }
      },
      {
        "weaponName": "Piece of Cake",
        "range": "SingleTarget",
        "potencies": {
          "ob6": {
            "max": "High",
            "base": "High"
          },
          "ob10": {
            "max": "High",
            "base": "High"
          },
          "ob1": {
            "max": "High",
            "base": "Mid"
          },
          "ob0": {
            "max": "High",
            "base": "Mid"
          }
        }
      },
      {
        "weaponName": "Slay the Day",
        "range": "SingleTarget",
        "potencies": {
          "ob6": {
            "max": "Mid",
            "base": "Mid"
          },
          "ob10": {
            "max": "Mid",
            "base": "Mid"
          },
          "ob1": {
            "max": "Mid",
            "base": "Mid"
          },
          "ob0": {
            "max": "Mid",
            "base": "Mid"
          }
        }
      },
      {
        "weaponName": "Nightjar",
        "range": "SingleTarget",
        "potencies": {
          "ob6": {
            "max": "High",
            "base": "High"
          },
          "ob10": {
            "max": "High",
            "base": "High"
          },
          "ob1": {
            "max": "High",
            "base": "Mid"
          },
          "ob0": {
            "max": "High",
            "base": "Mid"
          }
        }
      },
      {
        "weaponName": "Turks' Rifle",
        "range": "SingleTarget",
        "potencies": {
          "ob6": {
            "max": "Mid",
            "base": "Low"
          },
          "ob10": {
            "max": "Mid",
            "base": "Low"
          },
          "ob1": {
            "max": "Mid",
            "base": "Low"
          },
          "ob0": {
            "max": "Mid",
            "base": "Low"
          }
        }
      },
      {
        "weaponName": "Iron Collar",
        "range": "SingleTarget",
        "potencies": {
          "ob6": {
            "max": "Mid",
            "base": "Low"
          },
          "ob10": {
            "max": "Mid",
            "base": "Low"
          },
          "ob1": {
            "max": "Mid",
            "base": "Low"
          },
          "ob0": {
            "max": "Mid",
            "base": "Low"
          }
        }
      },
      {
        "weaponName": "Radiant Edge",
        "range": "SingleTarget",
        "potencies": {
          "ob6": {
            "max": "Mid",
            "base": "Mid"
          },
          "ob10": {
            "max": "Mid",
            "base": "Mid"
          },
          "ob1": {
            "max": "Mid",
            "base": "Mid"
          },
          "ob0": {
            "max": "Mid",
            "base": "Mid"
          }
        }
      },
      {
        "weaponName": "Turks' Gloves",
        "range": "SingleTarget",
        "potencies": {
          "ob6": {
            "max": "Mid",
            "base": "Low"
          },
          "ob10": {
            "max": "Mid",
            "base": "Low"
          },
          "ob1": {
            "max": "Mid",
            "base": "Low"
          },
          "ob0": {
            "max": "Mid",
            "base": "Low"
          }
        }
      },
      {
        "weaponName": "Black Whiskers",
        "range": "SingleTarget",
        "potencies": {
          "ob6": {
            "max": "Mid",
            "base": "Mid"
          },
          "ob10": {
            "max": "Mid",
            "base": "Mid"
          },
          "ob1": {
            "max": "Mid",
            "base": "Mid"
          },
          "ob0": {
            "max": "Mid",
            "base": "Mid"
          }
        }
      },
      {
        "weaponName": "Cutlass",
        "range": "SingleTarget",
        "potencies": {
          "ob6": {
            "max": "High",
            "base": "High"
          },
          "ob10": {
            "max": "High",
            "base": "High"
          },
          "ob1": {
            "max": "High",
            "base": "Mid"
          },
          "ob0": {
            "max": "High",
            "base": "Mid"
          }
        }
      },
      {
        "weaponName": "Iron Greatsword",
        "range": "SingleTarget",
        "potencies": {
          "ob6": {
            "max": "Mid",
            "base": "Low"
          },
          "ob10": {
            "max": "Mid",
            "base": "Low"
          },
          "ob1": {
            "max": "Mid",
            "base": "Low"
          },
          "ob0": {
            "max": "Mid",
            "base": "Low"
          }
        }
      },
      {
        "weaponName": "Twinkling Star",
        "range": "SingleTarget",
        "potencies": {
          "ob6": {
            "max": "High",
            "base": "Mid"
          },
          "ob10": {
            "max": "High",
            "base": "Mid"
          },
          "ob1": {
            "max": "Mid",
            "base": "Mid"
          },
          "ob0": {
            "max": "Mid",
            "base": "Mid"
          }
        }
      }
    ]
  ],
  [
    "FilterMdefDown",
    [
      {
        "weaponName": "Crimson Staff",
        "range": "All",
        "potencies": {
          "ob6": {
            "max": "High",
            "base": "High"
          },
          "ob10": {
            "max": "High",
            "base": "High"
          },
          "ob1": {
            "max": "Mid",
            "base": "Mid"
          },
          "ob0": {
            "max": "Mid",
            "base": "Mid"
          }
        }
      },
      {
        "weaponName": "Snowflake",
        "range": "SingleTarget",
        "potencies": {
          "ob6": {
            "max": "High",
            "base": "Mid"
          },
          "ob10": {
            "max": "High",
            "base": "Mid"
          },
          "ob1": {
            "max": "Mid",
            "base": "Mid"
          },
          "ob0": {
            "max": "Mid",
            "base": "Mid"
          }
        }
      },
      {
        "weaponName": "Sun Umbrella",
        "range": "SingleTarget",
        "potencies": {
          "ob6": {
            "max": "Mid",
            "base": "Mid"
          },
          "ob10": {
            "max": "Mid",
            "base": "Mid"
          },
          "ob1": {
            "max": "Mid",
            "base": "Low"
          },
          "ob0": {
            "max": "Mid",
            "base": "Low"
          }
        }
      },
      {
        "weaponName": "Hell House Cannon",
        "range": "SingleTarget",
        "potencies": {
          "ob6": {
            "max": "Mid",
            "base": "Low"
          },
          "ob10": {
            "max": "Mid",
            "base": "Low"
          },
          "ob1": {
            "max": "Mid",
            "base": "Low"
          },
          "ob0": {
            "max": "Mid",
            "base": "Low"
          }
        }
      },
      {
        "weaponName": "Witch's Broom",
        "range": "SingleTarget",
        "potencies": {
          "ob6": {
            "max": "Mid",
            "base": "Mid"
          },
          "ob10": {
            "max": "Mid",
            "base": "Mid"
          },
          "ob1": {
            "max": "Mid",
            "base": "Mid"
          },
          "ob0": {
            "max": "Mid",
            "base": "Mid"
          }
        }
      },
      {
        "weaponName": "Nightjar",
        "range": "SingleTarget",
        "potencies": {
          "ob6": {
            "max": "Mid",
            "base": "Mid"
          },
          "ob10": {
            "max": "Mid",
            "base": "Mid"
          },
          "ob1": {
            "max": "Mid",
            "base": "Low"
          },
          "ob0": {
            "max": "Mid",
            "base": "Low"
          }
        }
      },
      {
        "weaponName": "Rose Musket",
        "range": "SingleTarget",
        "potencies": {
          "ob6": {
            "max": "High",
            "base": "High"
          },
          "ob10": {
            "max": "High",
            "base": "High"
          },
          "ob1": {
            "max": "High",
            "base": "Mid"
          },
          "ob0": {
            "max": "High",
            "base": "Mid"
          }
        }
      },
      {
        "weaponName": "Thunderbird",
        "range": "SingleTarget",
        "potencies": {
          "ob6": {
            "max": "High",
            "base": "Mid"
          },
          "ob10": {
            "max": "High",
            "base": "Mid"
          },
          "ob1": {
            "max": "Mid",
            "base": "Mid"
          },
          "ob0": {
            "max": "Mid",
            "base": "Mid"
          }
        }
      },
      {
        "weaponName": "Stingray",
        "range": "SingleTarget",
        "potencies": {
          "ob6": {
            "max": "High",
            "base": "High"
          },
          "ob10": {
            "max": "High",
            "base": "High"
          },
          "ob1": {
            "max": "High",
            "base": "Mid"
          },
          "ob0": {
            "max": "High",
            "base": "Mid"
          }
        }
      },
      {
        "weaponName": "Canyon Collar",
        "range": "All",
        "potencies": {
          "ob6": {
            "max": "High",
            "base": "Mid"
          },
          "ob10": {
            "max": "High",
            "base": "Mid"
          },
          "ob1": {
            "max": "Mid",
            "base": "Mid"
          },
          "ob0": {
            "max": "Mid",
            "base": "Mid"
          }
        }
      },
      {
        "weaponName": "Gold Collar",
        "range": "All",
        "potencies": {
          "ob6": {
            "max": "Mid",
            "base": "Mid"
          },
          "ob10": {
            "max": "Mid",
            "base": "Mid"
          },
          "ob1": {
            "max": "Mid",
            "base": "Low"
          },
          "ob0": {
            "max": "Mid",
            "base": "Low"
          }
        }
      },
      {
        "weaponName": "Hell House Collar",
        "range": "SingleTarget",
        "potencies": {
          "ob6": {
            "max": "Mid",
            "base": "Low"
          },
          "ob10": {
            "max": "Mid",
            "base": "Low"
          },
          "ob1": {
            "max": "Mid",
            "base": "Low"
          },
          "ob0": {
            "max": "Mid",
            "base": "Low"
          }
        }
      },
      {
        "weaponName": "Nameless",
        "range": "SingleTarget",
        "potencies": {
          "ob6": {
            "max": "Mid",
            "base": "Mid"
          },
          "ob10": {
            "max": "Mid",
            "base": "Mid"
          },
          "ob1": {
            "max": "Mid",
            "base": "Low"
          },
          "ob0": {
            "max": "Mid",
            "base": "Low"
          }
        }
      },
      {
        "weaponName": "Feathered Gloves",
        "range": "SingleTarget",
        "potencies": {
          "ob6": {
            "max": "Mid",
            "base": "Mid"
          },
          "ob10": {
            "max": "Mid",
            "base": "Mid"
          },
          "ob1": {
            "max": "Mid",
            "base": "Mid"
          },
          "ob0": {
            "max": "Mid",
            "base": "Mid"
          }
        }
      },
      {
        "weaponName": "Kaiser Knuckles",
        "range": "SingleTarget",
        "potencies": {
          "ob6": {
            "max": "High",
            "base": "High"
          },
          "ob10": {
            "max": "High",
            "base": "High"
          },
          "ob1": {
            "max": "High",
            "base": "Mid"
          },
          "ob0": {
            "max": "High",
            "base": "Mid"
          }
        }
      },
      {
        "weaponName": "Kugelblitz",
        "range": "All",
        "potencies": {
          "ob6": {
            "max": "High",
            "base": "High"
          },
          "ob10": {
            "max": "High",
            "base": "High"
          },
          "ob1": {
            "max": "Mid",
            "base": "Mid"
          },
          "ob0": {
            "max": "Mid",
            "base": "Mid"
          }
        }
      },
      {
        "weaponName": "Holiday Bell",
        "range": "SingleTarget",
        "potencies": {
          "ob6": {
            "max": "High",
            "base": "Low"
          },
          "ob10": {
            "max": "High",
            "base": "Low"
          },
          "ob1": {
            "max": "Mid",
            "base": "Low"
          },
          "ob0": {
            "max": "Mid",
            "base": "Low"
          }
        }
      },
      {
        "weaponName": "Arc Sword",
        "range": "SingleTarget",
        "potencies": {
          "ob6": {
            "max": "High",
            "base": "High"
          },
          "ob10": {
            "max": "High",
            "base": "High"
          },
          "ob1": {
            "max": "High",
            "base": "Mid"
          },
          "ob0": {
            "max": "High",
            "base": "Mid"
          }
        }
      }
    ]
  ],
  [
    "FilterFireResistDown",
    [
      {
        "weaponName": "Terra's Rod",
        "range": "All",
        "potencies": {
          "ob6": {
            "max": "High",
            "base": "High"
          },
          "ob10": {
            "max": "High",
            "base": "High"
          },
          "ob1": {
            "max": "High",
            "base": "Mid"
          },
          "ob0": {
            "max": "High",
            "base": "Mid"
          }
        }
      },
      {
        "weaponName": "Volcanic Heat",
        "range": "SingleTarget",
        "potencies": {
          "ob6": {
            "max": "High",
            "base": "High"
          },
          "ob10": {
            "max": "High",
            "base": "High"
          },
          "ob1": {
            "max": "High",
            "base": "Mid"
          },
          "ob0": {
            "max": "High",
            "base": "Mid"
          }
        }
      },
      {
        "weaponName": "Sharkslayer",
        "range": "SingleTarget",
        "potencies": {
          "ob6": {
            "max": "High",
            "base": "High"
          },
          "ob10": {
            "max": "High",
            "base": "High"
          },
          "ob1": {
            "max": "High",
            "base": "Mid"
          },
          "ob0": {
            "max": "High",
            "base": "Mid"
          }
        }
      },
      {
        "weaponName": "Gold Megaphone",
        "range": "SingleTarget",
        "potencies": {
          "ob6": {
            "max": "High",
            "base": "High"
          },
          "ob10": {
            "max": "High",
            "base": "High"
          },
          "ob1": {
            "max": "High",
            "base": "Mid"
          },
          "ob0": {
            "max": "High",
            "base": "Mid"
          }
        }
      },
      {
        "weaponName": "Chocobo Paddle",
        "range": "All",
        "potencies": {
          "ob6": {
            "max": "Mid",
            "base": "Low"
          },
          "ob10": {
            "max": "Mid",
            "base": "Low"
          },
          "ob1": {
            "max": "Mid",
            "base": "Low"
          },
          "ob0": {
            "max": "Mid",
            "base": "Low"
          }
        }
      },
      {
        "weaponName": "Marine Shooter",
        "range": "All",
        "potencies": {
          "ob6": {
            "max": "High",
            "base": "High"
          },
          "ob10": {
            "max": "High",
            "base": "High"
          },
          "ob1": {
            "max": "High",
            "base": "Mid"
          },
          "ob0": {
            "max": "High",
            "base": "Mid"
          }
        }
      },
      {
        "weaponName": "Flame Dragon's Band",
        "range": "SingleTarget",
        "potencies": {
          "ob6": {
            "max": "Mid",
            "base": "Mid"
          },
          "ob10": {
            "max": "Mid",
            "base": "Mid"
          },
          "ob1": {
            "max": "Mid",
            "base": "Low"
          },
          "ob0": {
            "max": "Mid",
            "base": "Low"
          }
        }
      },
      {
        "weaponName": "Ivy Collar",
        "range": "SingleTarget",
        "potencies": {
          "ob6": {
            "max": "High",
            "base": "High"
          },
          "ob10": {
            "max": "High",
            "base": "High"
          },
          "ob1": {
            "max": "High",
            "base": "Mid"
          },
          "ob0": {
            "max": "High",
            "base": "Mid"
          }
        }
      },
      {
        "weaponName": "Flame Dragon Blade",
        "range": "SingleTarget",
        "potencies": {
          "ob6": {
            "max": "Mid",
            "base": "Mid"
          },
          "ob10": {
            "max": "Mid",
            "base": "Mid"
          },
          "ob1": {
            "max": "Mid",
            "base": "Low"
          },
          "ob0": {
            "max": "Mid",
            "base": "Low"
          }
        }
      },
      {
        "weaponName": "Radiant Edge",
        "range": "SingleTarget",
        "potencies": {
          "ob6": {
            "max": "High",
            "base": "High"
          },
          "ob10": {
            "max": "High",
            "base": "High"
          },
          "ob1": {
            "max": "Mid",
            "base": "Low"
          },
          "ob0": {
            "max": "Mid",
            "base": "Low"
          }
        }
      },
      {
        "weaponName": "Shinra Wyvern Blade",
        "range": "All",
        "potencies": {
          "ob6": {
            "max": "Mid",
            "base": "Low"
          },
          "ob10": {
            "max": "Mid",
            "base": "Low"
          },
          "ob1": {
            "max": "Mid",
            "base": "Low"
          },
          "ob0": {
            "max": "Mid",
            "base": "Low"
          }
        }
      },
      {
        "weaponName": "Withering Blaze",
        "range": "SingleTarget",
        "potencies": {
          "ob6": {
            "max": "High",
            "base": "Low"
          },
          "ob10": {
            "max": "High",
            "base": "Low"
          },
          "ob1": {
            "max": "Mid",
            "base": "Low"
          },
          "ob0": {
            "max": "Mid",
            "base": "Low"
          }
        }
      },
      {
        "weaponName": "Boomerang",
        "range": "SingleTarget",
        "potencies": {
          "ob6": {
            "max": "High",
            "base": "High"
          },
          "ob10": {
            "max": "High",
            "base": "High"
          },
          "ob1": {
            "max": "High",
            "base": "Mid"
          },
          "ob0": {
            "max": "High",
            "base": "Mid"
          }
        }
      },
      {
        "weaponName": "Mallet of Luck",
        "range": "All",
        "potencies": {
          "ob6": {
            "max": "Mid",
            "base": "Low"
          },
          "ob10": {
            "max": "Mid",
            "base": "Low"
          },
          "ob1": {
            "max": "Mid",
            "base": "Low"
          },
          "ob0": {
            "max": "Mid",
            "base": "Low"
          }
        }
      }
    ]
  ],
  [
    "FilterIceResistDown",
    [
      {
        "weaponName": "Terra's Rod",
        "range": "All",
        "potencies": {
          "ob6": {
            "max": "High",
            "base": "High"
          },
          "ob10": {
            "max": "High",
            "base": "High"
          },
          "ob1": {
            "max": "High",
            "base": "Mid"
          },
          "ob0": {
            "max": "High",
            "base": "Mid"
          }
        }
      },
      {
        "weaponName": "Icebolt Megaphone",
        "range": "SingleTarget",
        "potencies": {
          "ob6": {
            "max": "Mid",
            "base": "Mid"
          },
          "ob10": {
            "max": "Mid",
            "base": "Mid"
          },
          "ob1": {
            "max": "Mid",
            "base": "Low"
          },
          "ob0": {
            "max": "Mid",
            "base": "Low"
          }
        }
      },
      {
        "weaponName": "Stilva Megaphone",
        "range": "All",
        "potencies": {
          "ob6": {
            "max": "Mid",
            "base": "Low"
          },
          "ob10": {
            "max": "Mid",
            "base": "Low"
          },
          "ob1": {
            "max": "Mid",
            "base": "Low"
          },
          "ob0": {
            "max": "Mid",
            "base": "Low"
          }
        }
      },
      {
        "weaponName": "Rocket Lance",
        "range": "SingleTarget",
        "potencies": {
          "ob6": {
            "max": "High",
            "base": "High"
          },
          "ob10": {
            "max": "High",
            "base": "High"
          },
          "ob1": {
            "max": "Mid",
            "base": "Mid"
          },
          "ob0": {
            "max": "Mid",
            "base": "Mid"
          }
        }
      },
      {
        "weaponName": "Stilva Glaive",
        "range": "All",
        "potencies": {
          "ob6": {
            "max": "Mid",
            "base": "Low"
          },
          "ob10": {
            "max": "Mid",
            "base": "Low"
          },
          "ob1": {
            "max": "Mid",
            "base": "Low"
          },
          "ob0": {
            "max": "Mid",
            "base": "Low"
          }
        }
      },
      {
        "weaponName": "Bald Eagle",
        "range": "SingleTarget",
        "potencies": {
          "ob6": {
            "max": "High",
            "base": "High"
          },
          "ob10": {
            "max": "High",
            "base": "High"
          },
          "ob1": {
            "max": "High",
            "base": "Mid"
          },
          "ob0": {
            "max": "High",
            "base": "Mid"
          }
        }
      },
      {
        "weaponName": "Nautilus Spiral",
        "range": "SingleTarget",
        "potencies": {
          "ob6": {
            "max": "High",
            "base": "High"
          },
          "ob10": {
            "max": "High",
            "base": "High"
          },
          "ob1": {
            "max": "High",
            "base": "Mid"
          },
          "ob0": {
            "max": "High",
            "base": "Mid"
          }
        }
      },
      {
        "weaponName": "Ivy Collar",
        "range": "SingleTarget",
        "potencies": {
          "ob6": {
            "max": "High",
            "base": "High"
          },
          "ob10": {
            "max": "High",
            "base": "High"
          },
          "ob1": {
            "max": "High",
            "base": "Mid"
          },
          "ob0": {
            "max": "High",
            "base": "Mid"
          }
        }
      },
      {
        "weaponName": "Icebolt Shooter",
        "range": "SingleTarget",
        "potencies": {
          "ob6": {
            "max": "Mid",
            "base": "Mid"
          },
          "ob10": {
            "max": "Mid",
            "base": "Mid"
          },
          "ob1": {
            "max": "Mid",
            "base": "Low"
          },
          "ob0": {
            "max": "Mid",
            "base": "Low"
          }
        }
      },
      {
        "weaponName": "Pinwheel",
        "range": "SingleTarget",
        "potencies": {
          "ob6": {
            "max": "High",
            "base": "High"
          },
          "ob10": {
            "max": "High",
            "base": "High"
          },
          "ob1": {
            "max": "High",
            "base": "Mid"
          },
          "ob0": {
            "max": "High",
            "base": "Mid"
          }
        }
      },
      {
        "weaponName": "Pressure Ridge",
        "range": "SingleTarget",
        "potencies": {
          "ob6": {
            "max": "High",
            "base": "High"
          },
          "ob10": {
            "max": "High",
            "base": "High"
          },
          "ob1": {
            "max": "High",
            "base": "Mid"
          },
          "ob0": {
            "max": "High",
            "base": "Mid"
          }
        }
      }
    ]
  ],
  [
    "FilterThunderResistDown",
    [
      {
        "weaponName": "Terra's Rod",
        "range": "All",
        "potencies": {
          "ob6": {
            "max": "High",
            "base": "High"
          },
          "ob10": {
            "max": "High",
            "base": "High"
          },
          "ob1": {
            "max": "High",
            "base": "Mid"
          },
          "ob0": {
            "max": "High",
            "base": "Mid"
          }
        }
      },
      {
        "weaponName": "Icebolt Megaphone",
        "range": "SingleTarget",
        "potencies": {
          "ob6": {
            "max": "Mid",
            "base": "Mid"
          },
          "ob10": {
            "max": "Mid",
            "base": "Mid"
          },
          "ob1": {
            "max": "Mid",
            "base": "Low"
          },
          "ob0": {
            "max": "Mid",
            "base": "Low"
          }
        }
      },
      {
        "weaponName": "Witch's Broom",
        "range": "SingleTarget",
        "potencies": {
          "ob6": {
            "max": "High",
            "base": "High"
          },
          "ob10": {
            "max": "High",
            "base": "High"
          },
          "ob1": {
            "max": "Mid",
            "base": "Mid"
          },
          "ob0": {
            "max": "Mid",
            "base": "Mid"
          }
        }
      },
      {
        "weaponName": "Nautilus Spiral",
        "range": "SingleTarget",
        "potencies": {
          "ob6": {
            "max": "High",
            "base": "High"
          },
          "ob10": {
            "max": "High",
            "base": "High"
          },
          "ob1": {
            "max": "High",
            "base": "Mid"
          },
          "ob0": {
            "max": "High",
            "base": "Mid"
          }
        }
      },
      {
        "weaponName": "Seaside Collar",
        "range": "SingleTarget",
        "potencies": {
          "ob6": {
            "max": "High",
            "base": "High"
          },
          "ob10": {
            "max": "High",
            "base": "High"
          },
          "ob1": {
            "max": "High",
            "base": "Mid"
          },
          "ob0": {
            "max": "High",
            "base": "Mid"
          }
        }
      },
      {
        "weaponName": "Icebolt Shooter",
        "range": "SingleTarget",
        "potencies": {
          "ob6": {
            "max": "Mid",
            "base": "Mid"
          },
          "ob10": {
            "max": "Mid",
            "base": "Mid"
          },
          "ob1": {
            "max": "Mid",
            "base": "Low"
          },
          "ob0": {
            "max": "Mid",
            "base": "Low"
          }
        }
      },
      {
        "weaponName": "Wind Slash",
        "range": "SingleTarget",
        "potencies": {
          "ob6": {
            "max": "High",
            "base": "High"
          },
          "ob10": {
            "max": "High",
            "base": "High"
          },
          "ob1": {
            "max": "High",
            "base": "Mid"
          },
          "ob0": {
            "max": "High",
            "base": "Mid"
          }
        }
      }
    ]
  ],
  [
    "FilterEarthResistDown",
    [
      {
        "weaponName": "Shinra Greatsword: Model I",
        "range": "SingleTarget",
        "potencies": {
          "ob6": {
            "max": "High",
            "base": "High"
          },
          "ob10": {
            "max": "High",
            "base": "High"
          },
          "ob1": {
            "max": "High",
            "base": "Mid"
          },
          "ob0": {
            "max": "High",
            "base": "Mid"
          }
        }
      },
      {
        "weaponName": "Blue Bramble",
        "range": "SingleTarget",
        "potencies": {
          "ob6": {
            "max": "High",
            "base": "High"
          },
          "ob10": {
            "max": "High",
            "base": "High"
          },
          "ob1": {
            "max": "High",
            "base": "Mid"
          },
          "ob0": {
            "max": "High",
            "base": "Mid"
          }
        }
      },
      {
        "weaponName": "Chiron",
        "range": "SingleTarget",
        "potencies": {
          "ob6": {
            "max": "High",
            "base": "High"
          },
          "ob10": {
            "max": "High",
            "base": "High"
          },
          "ob1": {
            "max": "High",
            "base": "Mid"
          },
          "ob0": {
            "max": "High",
            "base": "Mid"
          }
        }
      }
    ]
  ],
  [
    "FilterWaterResistDown",
    [
      {
        "weaponName": "Sharkslayer",
        "range": "SingleTarget",
        "potencies": {
          "ob6": {
            "max": "High",
            "base": "High"
          },
          "ob10": {
            "max": "High",
            "base": "High"
          },
          "ob1": {
            "max": "High",
            "base": "Mid"
          },
          "ob0": {
            "max": "High",
            "base": "Mid"
          }
        }
      },
      {
        "weaponName": "Green Megaphone",
        "range": "SingleTarget",
        "potencies": {
          "ob6": {
            "max": "High",
            "base": "High"
          },
          "ob10": {
            "max": "High",
            "base": "High"
          },
          "ob1": {
            "max": "High",
            "base": "Mid"
          },
          "ob0": {
            "max": "High",
            "base": "Mid"
          }
        }
      },
      {
        "weaponName": "Silver Collar",
        "range": "SingleTarget",
        "potencies": {
          "ob6": {
            "max": "High",
            "base": "High"
          },
          "ob10": {
            "max": "High",
            "base": "High"
          },
          "ob1": {
            "max": "High",
            "base": "Mid"
          },
          "ob0": {
            "max": "High",
            "base": "Mid"
          }
        }
      },
      {
        "weaponName": "Tempest",
        "range": "SingleTarget",
        "potencies": {
          "ob6": {
            "max": "High",
            "base": "High"
          },
          "ob10": {
            "max": "High",
            "base": "High"
          },
          "ob1": {
            "max": "High",
            "base": "Mid"
          },
          "ob0": {
            "max": "High",
            "base": "Mid"
          }
        }
      },
      {
        "weaponName": "Black Whiskers",
        "range": "SingleTarget",
        "potencies": {
          "ob6": {
            "max": "Mid",
            "base": "Mid"
          },
          "ob10": {
            "max": "High",
            "base": "Mid"
          },
          "ob1": {
            "max": "Low",
            "base": "Low"
          },
          "ob0": {
            "max": "Low",
            "base": "Low"
          }
        }
      }
    ]
  ],
  [
    "FilterWindResistDown",
    [
      {
        "weaponName": "Floral Wand",
        "range": "SingleTarget",
        "potencies": {
          "ob6": {
            "max": "High",
            "base": "High"
          },
          "ob10": {
            "max": "High",
            "base": "High"
          },
          "ob1": {
            "max": "Mid",
            "base": "Low"
          },
          "ob0": {
            "max": "Mid",
            "base": "Low"
          }
        }
      },
      {
        "weaponName": "Silver Collar",
        "range": "SingleTarget",
        "potencies": {
          "ob6": {
            "max": "High",
            "base": "High"
          },
          "ob10": {
            "max": "High",
            "base": "High"
          },
          "ob1": {
            "max": "High",
            "base": "Mid"
          },
          "ob0": {
            "max": "High",
            "base": "Mid"
          }
        }
      },
      {
        "weaponName": "Holiday Bell",
        "range": "SingleTarget",
        "potencies": {
          "ob6": {
            "max": "High",
            "base": "Low"
          },
          "ob10": {
            "max": "High",
            "base": "Low"
          },
          "ob1": {
            "max": "Mid",
            "base": "Low"
          },
          "ob0": {
            "max": "Mid",
            "base": "Low"
          }
        }
      }
    ]
  ]
]
