[
  [
    {
      "range": "FilterAll",
      "effectType": "FilterHeal"
    },
    [
      {
        "weaponName": "Bahamut Rod"
      },
      {
        "weaponName": "Crimson Staff"
      },
      {
        "weaponName": "Egg Staff"
      },
      {
        "weaponName": "Fairy Tale"
      },
      {
        "weaponName": "Floral Wand"
      },
      {
        "weaponName": "Kamura Wand"
      },
      {
        "weaponName": "Snowflake"
      },
      {
        "weaponName": "Terra's Rod"
      },
      {
        "weaponName": "Umbrella"
      },
      {
        "weaponName": "Microlaser"
      },
      {
        "weaponName": "Crystal Sword"
      },
      {
        "weaponName": "Bramble Spine"
      },
      {
        "weaponName": "Centipede"
      },
      {
        "weaponName": "Foam Sword"
      },
      {
        "weaponName": "Luminary Sword"
      },
      {
        "weaponName": "Prime Number"
      },
      {
        "weaponName": "Syringe Rapier"
      },
      {
        "weaponName": "Headphones"
      },
      {
        "weaponName": "Pilot's Collar"
      },
      {
        "weaponName": "Silver Collar"
      },
      {
        "weaponName": "Lifeguard Wraps"
      },
      {
        "weaponName": "Twinkling Star"
      }
    ]
  ],
  [
    {
      "range": "FilterSingleTargetOrAll",
      "effectType": "FilterHeal"
    },
    [
      {
        "weaponName": "Bahamut Rod"
      },
      {
        "weaponName": "Fairy Tale"
      },
      {
        "weaponName": "Umbrella"
      },
      {
        "weaponName": "Crystal Sword"
      },
      {
        "weaponName": "Centipede"
      },
      {
        "weaponName": "Espee Rapiere Next-G"
      },
      {
        "weaponName": "Prime Number"
      },
      {
        "weaponName": "Pilot's Collar"
      },
      {
        "weaponName": "Rubber Collar"
      },
      {
        "weaponName": "Lifeguard Wraps"
      },
      {
        "weaponName": "Enhance Sword (Z)"
      }
    ]
  ],
  [
    {
      "range": "FilterSelfOrSingleTargetOrAll",
      "effectType": "FilterHeal"
    },
    [
      {
        "weaponName": "Bahamut Rod"
      },
      {
        "weaponName": "Fairy Tale"
      },
      {
        "weaponName": "Umbrella"
      },
      {
        "weaponName": "Crystal Sword"
      },
      {
        "weaponName": "Tranquilizer Gun"
      },
      {
        "weaponName": "Centipede"
      },
      {
        "weaponName": "Espee Rapiere Next-G"
      },
      {
        "weaponName": "Prime Number"
      },
      {
        "weaponName": "Pilot's Collar"
      },
      {
        "weaponName": "Rubber Collar"
      },
      {
        "weaponName": "Grand Gloves"
      },
      {
        "weaponName": "Lifeguard Wraps"
      },
      {
        "weaponName": "Enhance Sword (Z)"
      }
    ]
  ],
  [
    {
      "range": "FilterSelfOrSingleTargetOrAll",
      "effectType": "FilterVeil"
    },
    [
      {
        "weaponName": "Greatsword (A)"
      },
      {
        "weaponName": "Shinra Greatsword: Model I"
      },
      {
        "weaponName": "Tranquility"
      },
      {
        "weaponName": "Volcanic Heat"
      }
    ]
  ],
  [
    {
      "range": "FilterSelfOrSingleTargetOrAll",
      "effectType": "FilterProvoke"
    },
    [
      {
        "weaponName": "Gargantuan Monolith"
      },
      {
        "weaponName": "Orchard Shovel"
      },
      {
        "weaponName": "Tranquility"
      },
      {
        "weaponName": "Type-90 Longsword"
      }
    ]
  ],
  [
    {
      "range": "FilterSingleTargetOrAll",
      "effectType": "FilterEnfeeble"
    },
    [
      {
        "weaponName": "Rocket Lance"
      }
    ]
  ],
  [
    {
      "range": "FilterSelfOrSingleTargetOrAll",
      "effectType": "FilterEnfeeble"
    },
    [
      {
        "weaponName": "Rocket Lance"
      }
    ]
  ],
  [
    {
      "range": "FilterAll",
      "effectType": "FilterStop"
    },
    [
      {
        "weaponName": "Mop"
      }
    ]
  ],
  [
    {
      "range": "FilterSingleTargetOrAll",
      "effectType": "FilterStop"
    },
    [
      {
        "weaponName": "Mop"
      },
      {
        "weaponName": "Spear"
      },
      {
        "weaponName": "Trident"
      },
      {
        "weaponName": "Flayer"
      }
    ]
  ],
  [
    {
      "range": "FilterSelfOrSingleTargetOrAll",
      "effectType": "FilterStop"
    },
    [
      {
        "weaponName": "Mop"
      },
      {
        "weaponName": "Spear"
      },
      {
        "weaponName": "Trident"
      },
      {
        "weaponName": "Flayer"
      }
    ]
  ],
  [
    {
      "range": "FilterSelfOrSingleTargetOrAll",
      "effectType": "FilterExploitWeakness"
    },
    [
      {
        "weaponName": "Blue Daffodil Gloves"
      }
    ]
  ],
  [
    {
      "range": "FilterAll",
      "effectType": "FilterPatkUp"
    },
    [
      {
        "weaponName": "Kamura Wand",
        "potenciesAtOb10": {
          "max": "High",
          "base": "High"
        }
      },
      {
        "weaponName": "Stalwart Integrity",
        "potenciesAtOb10": {
          "max": "High",
          "base": "High"
        }
      },
      {
        "weaponName": "Quina Megaphone",
        "potenciesAtOb10": {
          "max": "High",
          "base": "High"
        }
      },
      {
        "weaponName": "Trumpet Shell",
        "potenciesAtOb10": {
          "max": "Mid",
          "base": "Mid"
        }
      }
    ]
  ],
  [
    {
      "range": "FilterSingleTargetOrAll",
      "effectType": "FilterPatkUp"
    },
    [
      {
        "weaponName": "Kamura Wand",
        "potenciesAtOb10": {
          "max": "High",
          "base": "High"
        }
      },
      {
        "weaponName": "Stalwart Integrity",
        "potenciesAtOb10": {
          "max": "High",
          "base": "High"
        }
      },
      {
        "weaponName": "Rhad Cannon",
        "potenciesAtOb10": {
          "max": "Mid",
          "base": "Low"
        }
      },
      {
        "weaponName": "Catsmegaphone",
        "potenciesAtOb10": {
          "max": "Mid",
          "base": "Low"
        }
      },
      {
        "weaponName": "Marching Horn",
        "potenciesAtOb10": {
          "max": "High",
          "base": "High"
        }
      },
      {
        "weaponName": "Quina Megaphone",
        "potenciesAtOb10": {
          "max": "High",
          "base": "High"
        }
      },
      {
        "weaponName": "Trumpet Shell",
        "potenciesAtOb10": {
          "max": "Mid",
          "base": "Mid"
        }
      },
      {
        "weaponName": "Pumpkin Lamppost",
        "potenciesAtOb10": {
          "max": "High",
          "base": "High"
        }
      },
      {
        "weaponName": "Bramble Spine",
        "potenciesAtOb10": {
          "max": "High",
          "base": "High"
        }
      },
      {
        "weaponName": "Giant Fork",
        "potenciesAtOb10": {
          "max": "Mid",
          "base": "Low"
        }
      },
      {
        "weaponName": "Oven Mitts",
        "potenciesAtOb10": {
          "max": "Mid",
          "base": "Low"
        }
      },
      {
        "weaponName": "Rhad Gun",
        "potenciesAtOb10": {
          "max": "Mid",
          "base": "Low"
        }
      },
      {
        "weaponName": "Arctic Star",
        "potenciesAtOb10": {
          "max": "High",
          "base": "High"
        }
      },
      {
        "weaponName": "Scimitar",
        "potenciesAtOb10": {
          "max": "High",
          "base": "Mid"
        }
      }
    ]
  ],
  [
    {
      "range": "FilterSelfOrSingleTargetOrAll",
      "effectType": "FilterPatkUp"
    },
    [
      {
        "weaponName": "Kamura Wand",
        "potenciesAtOb10": {
          "max": "High",
          "base": "High"
        }
      },
      {
        "weaponName": "Stalwart Integrity",
        "potenciesAtOb10": {
          "max": "High",
          "base": "High"
        }
      },
      {
        "weaponName": "Rhad Cannon",
        "potenciesAtOb10": {
          "max": "Mid",
          "base": "Low"
        }
      },
      {
        "weaponName": "Catsmegaphone",
        "potenciesAtOb10": {
          "max": "Mid",
          "base": "Low"
        }
      },
      {
        "weaponName": "Marching Horn",
        "potenciesAtOb10": {
          "max": "High",
          "base": "High"
        }
      },
      {
        "weaponName": "Quina Megaphone",
        "potenciesAtOb10": {
          "max": "High",
          "base": "High"
        }
      },
      {
        "weaponName": "Trumpet Shell",
        "potenciesAtOb10": {
          "max": "Mid",
          "base": "Mid"
        }
      },
      {
        "weaponName": "Glavenus Sword",
        "potenciesAtOb10": {
          "max": "High",
          "base": "High"
        }
      },
      {
        "weaponName": "Pumpkin Lamppost",
        "potenciesAtOb10": {
          "max": "High",
          "base": "High"
        }
      },
      {
        "weaponName": "Bramble Spine",
        "potenciesAtOb10": {
          "max": "High",
          "base": "High"
        }
      },
      {
        "weaponName": "Giant Fork",
        "potenciesAtOb10": {
          "max": "Mid",
          "base": "Low"
        }
      },
      {
        "weaponName": "Shinra Military Sword",
        "potenciesAtOb10": {
          "max": "Mid",
          "base": "Mid"
        }
      },
      {
        "weaponName": "Amarant's Claws",
        "potenciesAtOb10": {
          "max": "High",
          "base": "High"
        }
      },
      {
        "weaponName": "Oven Mitts",
        "potenciesAtOb10": {
          "max": "Mid",
          "base": "Low"
        }
      },
      {
        "weaponName": "Sabin's Claws",
        "potenciesAtOb10": {
          "max": "High",
          "base": "Low"
        }
      },
      {
        "weaponName": "Work Gloves",
        "potenciesAtOb10": {
          "max": "High",
          "base": "High"
        }
      },
      {
        "weaponName": "Rhad Gun",
        "potenciesAtOb10": {
          "max": "Mid",
          "base": "Low"
        }
      },
      {
        "weaponName": "Arctic Star",
        "potenciesAtOb10": {
          "max": "High",
          "base": "High"
        }
      },
      {
        "weaponName": "Arctic Star",
        "potenciesAtOb10": {
          "max": "High",
          "base": "Mid"
        }
      },
      {
        "weaponName": "Ceremonial Sword (Z)",
        "potenciesAtOb10": {
          "max": "High",
          "base": "High"
        }
      },
      {
        "weaponName": "Scimitar",
        "potenciesAtOb10": {
          "max": "High",
          "base": "Mid"
        }
      }
    ]
  ],
  [
    {
      "range": "FilterAll",
      "effectType": "FilterMatkUp"
    },
    [
      {
        "weaponName": "Crimson Staff",
        "potenciesAtOb10": {
          "max": "High",
          "base": "High"
        }
      },
      {
        "weaponName": "Escutcheon Cannon",
        "potenciesAtOb10": {
          "max": "High",
          "base": "High"
        }
      },
      {
        "weaponName": "Trumpet Shell",
        "potenciesAtOb10": {
          "max": "Mid",
          "base": "Mid"
        }
      },
      {
        "weaponName": "Luminary Sword",
        "potenciesAtOb10": {
          "max": "High",
          "base": "Low"
        }
      },
      {
        "weaponName": "Bahamut Fangs",
        "potenciesAtOb10": {
          "max": "High",
          "base": "Mid"
        }
      }
    ]
  ],
  [
    {
      "range": "FilterSingleTargetOrAll",
      "effectType": "FilterMatkUp"
    },
    [
      {
        "weaponName": "Citric Wand",
        "potenciesAtOb10": {
          "max": "High",
          "base": "Mid"
        }
      },
      {
        "weaponName": "Crimson Staff",
        "potenciesAtOb10": {
          "max": "High",
          "base": "High"
        }
      },
      {
        "weaponName": "Garnet's Rod",
        "potenciesAtOb10": {
          "max": "High",
          "base": "High"
        }
      },
      {
        "weaponName": "Escutcheon Cannon",
        "potenciesAtOb10": {
          "max": "High",
          "base": "High"
        }
      },
      {
        "weaponName": "Microlaser",
        "potenciesAtOb10": {
          "max": "High",
          "base": "High"
        }
      },
      {
        "weaponName": "Flower Vase",
        "potenciesAtOb10": {
          "max": "High",
          "base": "High"
        }
      },
      {
        "weaponName": "Trumpet Shell",
        "potenciesAtOb10": {
          "max": "Mid",
          "base": "Mid"
        }
      },
      {
        "weaponName": "Luminary Sword",
        "potenciesAtOb10": {
          "max": "High",
          "base": "Low"
        }
      },
      {
        "weaponName": "Bahamut Fangs",
        "potenciesAtOb10": {
          "max": "High",
          "base": "Mid"
        }
      },
      {
        "weaponName": "Crystal Cross",
        "potenciesAtOb10": {
          "max": "High",
          "base": "High"
        }
      },
      {
        "weaponName": "Scimitar",
        "potenciesAtOb10": {
          "max": "High",
          "base": "Mid"
        }
      }
    ]
  ],
  [
    {
      "range": "FilterSelfOrSingleTargetOrAll",
      "effectType": "FilterMatkUp"
    },
    [
      {
        "weaponName": "Citric Wand",
        "potenciesAtOb10": {
          "max": "High",
          "base": "Mid"
        }
      },
      {
        "weaponName": "Crimson Staff",
        "potenciesAtOb10": {
          "max": "High",
          "base": "High"
        }
      },
      {
        "weaponName": "Garnet's Rod",
        "potenciesAtOb10": {
          "max": "High",
          "base": "High"
        }
      },
      {
        "weaponName": "Escutcheon Cannon",
        "potenciesAtOb10": {
          "max": "High",
          "base": "High"
        }
      },
      {
        "weaponName": "Microlaser",
        "potenciesAtOb10": {
          "max": "High",
          "base": "High"
        }
      },
      {
        "weaponName": "Flower Vase",
        "potenciesAtOb10": {
          "max": "High",
          "base": "High"
        }
      },
      {
        "weaponName": "Trumpet Shell",
        "potenciesAtOb10": {
          "max": "Mid",
          "base": "Mid"
        }
      },
      {
        "weaponName": "Luminary Sword",
        "potenciesAtOb10": {
          "max": "High",
          "base": "Low"
        }
      },
      {
        "weaponName": "Aonibi",
        "potenciesAtOb10": {
          "max": "High",
          "base": "High"
        }
      },
      {
        "weaponName": "Bahamut Fangs",
        "potenciesAtOb10": {
          "max": "High",
          "base": "Mid"
        }
      },
      {
        "weaponName": "Bunny Gloves",
        "potenciesAtOb10": {
          "max": "High",
          "base": "Low"
        }
      },
      {
        "weaponName": "Kirin Gloves",
        "potenciesAtOb10": {
          "max": "Mid",
          "base": "Mid"
        }
      },
      {
        "weaponName": "Sabin's Claws",
        "potenciesAtOb10": {
          "max": "High",
          "base": "Low"
        }
      },
      {
        "weaponName": "Sawed-Off GS",
        "potenciesAtOb10": {
          "max": "High",
          "base": "High"
        }
      },
      {
        "weaponName": "Crystal Cross",
        "potenciesAtOb10": {
          "max": "High",
          "base": "High"
        }
      },
      {
        "weaponName": "Scimitar",
        "potenciesAtOb10": {
          "max": "High",
          "base": "Mid"
        }
      }
    ]
  ],
  [
    {
      "range": "FilterAll",
      "effectType": "FilterPdefUp"
    },
    [
      {
        "weaponName": "Bahamut Rod",
        "potenciesAtOb10": {
          "max": "Mid",
          "base": "Mid"
        }
      },
      {
        "weaponName": "Mythril Rod",
        "potenciesAtOb10": {
          "max": "Mid",
          "base": "Mid"
        }
      },
      {
        "weaponName": "Stalwart Integrity",
        "potenciesAtOb10": {
          "max": "High",
          "base": "High"
        }
      },
      {
        "weaponName": "Assault Gun",
        "potenciesAtOb10": {
          "max": "High",
          "base": "High"
        }
      },
      {
        "weaponName": "Quina Megaphone",
        "potenciesAtOb10": {
          "max": "High",
          "base": "High"
        }
      },
      {
        "weaponName": "Hardcore Squad",
        "potenciesAtOb10": {
          "max": "Mid",
          "base": "Mid"
        }
      },
      {
        "weaponName": "Centipede",
        "potenciesAtOb10": {
          "max": "High",
          "base": "Mid"
        }
      },
      {
        "weaponName": "Syringe Rapier",
        "potenciesAtOb10": {
          "max": "High",
          "base": "Mid"
        }
      },
      {
        "weaponName": "Slash Lance",
        "potenciesAtOb10": {
          "max": "High",
          "base": "High"
        }
      }
    ]
  ],
  [
    {
      "range": "FilterSingleTargetOrAll",
      "effectType": "FilterPdefUp"
    },
    [
      {
        "weaponName": "Bahamut Rod",
        "potenciesAtOb10": {
          "max": "Mid",
          "base": "Mid"
        }
      },
      {
        "weaponName": "Mythril Rod",
        "potenciesAtOb10": {
          "max": "Mid",
          "base": "Mid"
        }
      },
      {
        "weaponName": "Stalwart Integrity",
        "potenciesAtOb10": {
          "max": "High",
          "base": "High"
        }
      },
      {
        "weaponName": "Assault Gun",
        "potenciesAtOb10": {
          "max": "High",
          "base": "High"
        }
      },
      {
        "weaponName": "Lefko Kypseli",
        "potenciesAtOb10": {
          "max": "High",
          "base": "Mid"
        }
      },
      {
        "weaponName": "Crystal Megaphone",
        "potenciesAtOb10": {
          "max": "High",
          "base": "High"
        }
      },
      {
        "weaponName": "Quina Megaphone",
        "potenciesAtOb10": {
          "max": "High",
          "base": "High"
        }
      },
      {
        "weaponName": "Butterfly Edge",
        "potenciesAtOb10": {
          "max": "High",
          "base": "High"
        }
      },
      {
        "weaponName": "Hardcore Squad",
        "potenciesAtOb10": {
          "max": "Mid",
          "base": "Mid"
        }
      },
      {
        "weaponName": "Centipede",
        "potenciesAtOb10": {
          "max": "High",
          "base": "Mid"
        }
      },
      {
        "weaponName": "Syringe Rapier",
        "potenciesAtOb10": {
          "max": "High",
          "base": "Mid"
        }
      },
      {
        "weaponName": "Torn Wing",
        "potenciesAtOb10": {
          "max": "High",
          "base": "Mid"
        }
      },
      {
        "weaponName": "Defender",
        "potenciesAtOb10": {
          "max": "High",
          "base": "High"
        }
      },
      {
        "weaponName": "Slash Lance",
        "potenciesAtOb10": {
          "max": "High",
          "base": "High"
        }
      }
    ]
  ],
  [
    {
      "range": "FilterSelfOrSingleTargetOrAll",
      "effectType": "FilterPdefUp"
    },
    [
      {
        "weaponName": "Bahamut Rod",
        "potenciesAtOb10": {
          "max": "Mid",
          "base": "Mid"
        }
      },
      {
        "weaponName": "Mythril Rod",
        "potenciesAtOb10": {
          "max": "Mid",
          "base": "Mid"
        }
      },
      {
        "weaponName": "Stalwart Integrity",
        "potenciesAtOb10": {
          "max": "High",
          "base": "High"
        }
      },
      {
        "weaponName": "Assault Gun",
        "potenciesAtOb10": {
          "max": "High",
          "base": "High"
        }
      },
      {
        "weaponName": "Lefko Kypseli",
        "potenciesAtOb10": {
          "max": "High",
          "base": "Mid"
        }
      },
      {
        "weaponName": "Crystal Megaphone",
        "potenciesAtOb10": {
          "max": "High",
          "base": "High"
        }
      },
      {
        "weaponName": "Quina Megaphone",
        "potenciesAtOb10": {
          "max": "High",
          "base": "High"
        }
      },
      {
        "weaponName": "Butterfly Edge",
        "potenciesAtOb10": {
          "max": "High",
          "base": "High"
        }
      },
      {
        "weaponName": "Hardcore Squad",
        "potenciesAtOb10": {
          "max": "Mid",
          "base": "Mid"
        }
      },
      {
        "weaponName": "Centipede",
        "potenciesAtOb10": {
          "max": "High",
          "base": "Mid"
        }
      },
      {
        "weaponName": "Syringe Rapier",
        "potenciesAtOb10": {
          "max": "High",
          "base": "Mid"
        }
      },
      {
        "weaponName": "Mythril Type-0 Katana",
        "potenciesAtOb10": {
          "max": "High",
          "base": "High"
        }
      },
      {
        "weaponName": "Torn Wing",
        "potenciesAtOb10": {
          "max": "High",
          "base": "Mid"
        }
      },
      {
        "weaponName": "Work Gloves",
        "potenciesAtOb10": {
          "max": "High",
          "base": "High"
        }
      },
      {
        "weaponName": "Defender",
        "potenciesAtOb10": {
          "max": "High",
          "base": "High"
        }
      },
      {
        "weaponName": "Slash Lance",
        "potenciesAtOb10": {
          "max": "High",
          "base": "High"
        }
      },
      {
        "weaponName": "Viper Halberd",
        "potenciesAtOb10": {
          "max": "High",
          "base": "High"
        }
      }
    ]
  ],
  [
    {
      "range": "FilterAll",
      "effectType": "FilterMdefUp"
    },
    [
      {
        "weaponName": "Kamura Wand",
        "potenciesAtOb10": {
          "max": "High",
          "base": "High"
        }
      },
      {
        "weaponName": "Mythril Rod",
        "potenciesAtOb10": {
          "max": "Mid",
          "base": "Mid"
        }
      },
      {
        "weaponName": "Escutcheon Cannon",
        "potenciesAtOb10": {
          "max": "High",
          "base": "High"
        }
      },
      {
        "weaponName": "Bandaged Sword",
        "potenciesAtOb10": {
          "max": "High",
          "base": "High"
        }
      },
      {
        "weaponName": "Hardcore Squad",
        "potenciesAtOb10": {
          "max": "Mid",
          "base": "Mid"
        }
      },
      {
        "weaponName": "Core Defender",
        "potenciesAtOb10": {
          "max": "High",
          "base": "High"
        }
      },
      {
        "weaponName": "Syringe Rapier",
        "potenciesAtOb10": {
          "max": "High",
          "base": "Mid"
        }
      },
      {
        "weaponName": "Pilot's Collar",
        "potenciesAtOb10": {
          "max": "High",
          "base": "Mid"
        }
      },
      {
        "weaponName": "Sleek Collar",
        "potenciesAtOb10": {
          "max": "High",
          "base": "High"
        }
      },
      {
        "weaponName": "Bahamut Cutter",
        "potenciesAtOb10": {
          "max": "High",
          "base": "Mid"
        }
      }
    ]
  ],
  [
    {
      "range": "FilterSingleTargetOrAll",
      "effectType": "FilterMdefUp"
    },
    [
      {
        "weaponName": "Chocobo Staff",
        "potenciesAtOb10": {
          "max": "High",
          "base": "Mid"
        }
      },
      {
        "weaponName": "Guard Stick",
        "potenciesAtOb10": {
          "max": "High",
          "base": "High"
        }
      },
      {
        "weaponName": "Kamura Wand",
        "potenciesAtOb10": {
          "max": "High",
          "base": "High"
        }
      },
      {
        "weaponName": "Mythril Rod",
        "potenciesAtOb10": {
          "max": "Mid",
          "base": "Mid"
        }
      },
      {
        "weaponName": "Escutcheon Cannon",
        "potenciesAtOb10": {
          "max": "High",
          "base": "High"
        }
      },
      {
        "weaponName": "Heavy Vulcan",
        "potenciesAtOb10": {
          "max": "High",
          "base": "High"
        }
      },
      {
        "weaponName": "Bandaged Sword",
        "potenciesAtOb10": {
          "max": "High",
          "base": "High"
        }
      },
      {
        "weaponName": "Hardcore Squad",
        "potenciesAtOb10": {
          "max": "Mid",
          "base": "Mid"
        }
      },
      {
        "weaponName": "Pumpkin Blaster",
        "potenciesAtOb10": {
          "max": "High",
          "base": "Mid"
        }
      },
      {
        "weaponName": "SSR1976",
        "potenciesAtOb10": {
          "max": "High",
          "base": "High"
        }
      },
      {
        "weaponName": "Core Defender",
        "potenciesAtOb10": {
          "max": "High",
          "base": "High"
        }
      },
      {
        "weaponName": "Syringe Rapier",
        "potenciesAtOb10": {
          "max": "High",
          "base": "Mid"
        }
      },
      {
        "weaponName": "Pilot's Collar",
        "potenciesAtOb10": {
          "max": "High",
          "base": "Mid"
        }
      },
      {
        "weaponName": "Sleek Collar",
        "potenciesAtOb10": {
          "max": "High",
          "base": "High"
        }
      },
      {
        "weaponName": "Bahamut Cutter",
        "potenciesAtOb10": {
          "max": "High",
          "base": "Mid"
        }
      }
    ]
  ],
  [
    {
      "range": "FilterSelfOrSingleTargetOrAll",
      "effectType": "FilterMdefUp"
    },
    [
      {
        "weaponName": "Chocobo Staff",
        "potenciesAtOb10": {
          "max": "High",
          "base": "Mid"
        }
      },
      {
        "weaponName": "Guard Stick",
        "potenciesAtOb10": {
          "max": "High",
          "base": "High"
        }
      },
      {
        "weaponName": "Kamura Wand",
        "potenciesAtOb10": {
          "max": "High",
          "base": "High"
        }
      },
      {
        "weaponName": "Mythril Rod",
        "potenciesAtOb10": {
          "max": "Mid",
          "base": "Mid"
        }
      },
      {
        "weaponName": "Gargantuan Monolith",
        "potenciesAtOb10": {
          "max": "High",
          "base": "High"
        }
      },
      {
        "weaponName": "Escutcheon Cannon",
        "potenciesAtOb10": {
          "max": "High",
          "base": "High"
        }
      },
      {
        "weaponName": "Heavy Vulcan",
        "potenciesAtOb10": {
          "max": "High",
          "base": "High"
        }
      },
      {
        "weaponName": "Bandaged Sword",
        "potenciesAtOb10": {
          "max": "High",
          "base": "High"
        }
      },
      {
        "weaponName": "Hardcore Squad",
        "potenciesAtOb10": {
          "max": "Mid",
          "base": "Mid"
        }
      },
      {
        "weaponName": "Pumpkin Blaster",
        "potenciesAtOb10": {
          "max": "High",
          "base": "Mid"
        }
      },
      {
        "weaponName": "SSR1976",
        "potenciesAtOb10": {
          "max": "High",
          "base": "High"
        }
      },
      {
        "weaponName": "Core Defender",
        "potenciesAtOb10": {
          "max": "High",
          "base": "High"
        }
      },
      {
        "weaponName": "Syringe Rapier",
        "potenciesAtOb10": {
          "max": "High",
          "base": "Mid"
        }
      },
      {
        "weaponName": "Pilot's Collar",
        "potenciesAtOb10": {
          "max": "High",
          "base": "Mid"
        }
      },
      {
        "weaponName": "Sleek Collar",
        "potenciesAtOb10": {
          "max": "High",
          "base": "High"
        }
      },
      {
        "weaponName": "Sawed-Off GS",
        "potenciesAtOb10": {
          "max": "High",
          "base": "High"
        }
      },
      {
        "weaponName": "Bahamut Cutter",
        "potenciesAtOb10": {
          "max": "High",
          "base": "Mid"
        }
      },
      {
        "weaponName": "Viper Halberd",
        "potenciesAtOb10": {
          "max": "High",
          "base": "High"
        }
      }
    ]
  ],
  [
    {
      "range": "FilterAll",
      "effectType": "FilterFireDamageUp"
    },
    [
      {
        "weaponName": "Luminary Sword",
        "potenciesAtOb10": {
          "max": "High",
          "base": "Low"
        }
      }
    ]
  ],
  [
    {
      "range": "FilterSingleTargetOrAll",
      "effectType": "FilterFireDamageUp"
    },
    [
      {
        "weaponName": "Luminary Sword",
        "potenciesAtOb10": {
          "max": "High",
          "base": "Low"
        }
      }
    ]
  ],
  [
    {
      "range": "FilterSelfOrSingleTargetOrAll",
      "effectType": "FilterFireDamageUp"
    },
    [
      {
        "weaponName": "Locke's Sword",
        "potenciesAtOb10": {
          "max": "High",
          "base": "Mid"
        }
      },
      {
        "weaponName": "Luminary Sword",
        "potenciesAtOb10": {
          "max": "High",
          "base": "Low"
        }
      },
      {
        "weaponName": "Striped Moogle Float",
        "potenciesAtOb10": {
          "max": "High",
          "base": "Low"
        }
      }
    ]
  ],
  [
    {
      "range": "FilterSingleTargetOrAll",
      "effectType": "FilterIceDamageUp"
    },
    [
      {
        "weaponName": "Citric Wand",
        "potenciesAtOb10": {
          "max": "High",
          "base": "High"
        }
      },
      {
        "weaponName": "Scimitar",
        "potenciesAtOb10": {
          "max": "High",
          "base": "Mid"
        }
      }
    ]
  ],
  [
    {
      "range": "FilterSelfOrSingleTargetOrAll",
      "effectType": "FilterIceDamageUp"
    },
    [
      {
        "weaponName": "Citric Wand",
        "potenciesAtOb10": {
          "max": "High",
          "base": "High"
        }
      },
      {
        "weaponName": "Locke's Sword",
        "potenciesAtOb10": {
          "max": "High",
          "base": "Mid"
        }
      },
      {
        "weaponName": "Scimitar",
        "potenciesAtOb10": {
          "max": "High",
          "base": "Mid"
        }
      }
    ]
  ],
  [
    {
      "range": "FilterSelfOrSingleTargetOrAll",
      "effectType": "FilterThunderDamageUp"
    },
    [
      {
        "weaponName": "Locke's Sword",
        "potenciesAtOb10": {
          "max": "High",
          "base": "Mid"
        }
      }
    ]
  ],
  [
    {
      "range": "FilterSelfOrSingleTargetOrAll",
      "effectType": "FilterEarthDamageUp"
    },
    [
      {
        "weaponName": "Kugelblitz",
        "potenciesAtOb10": {
          "max": "High",
          "base": "High"
        }
      }
    ]
  ],
  [
    {
      "range": "FilterSelfOrSingleTargetOrAll",
      "effectType": "FilterWaterDamageUp"
    },
    [
      {
        "weaponName": "Slay the Day",
        "potenciesAtOb10": {
          "max": "High",
          "base": "High"
        }
      },
      {
        "weaponName": "Feathered Gloves",
        "potenciesAtOb10": {
          "max": "High",
          "base": "High"
        }
      }
    ]
  ],
  [
    {
      "range": "FilterSelfOrSingleTargetOrAll",
      "effectType": "FilterWindDamageUp"
    },
    [
      {
        "weaponName": "Shinra Military Sword",
        "potenciesAtOb10": {
          "max": "High",
          "base": "High"
        }
      }
    ]
  ],
  [
    {
      "range": "FilterAll",
      "effectType": "FilterPatkDown"
    },
    [
      {
        "weaponName": "Full Metal Staff",
        "potenciesAtOb10": {
          "max": "Mid",
          "base": "Mid"
        }
      },
      {
        "weaponName": "Turks' Blade",
        "potenciesAtOb10": {
          "max": "Mid",
          "base": "Low"
        }
      },
      {
        "weaponName": "Electrocannon",
        "potenciesAtOb10": {
          "max": "High",
          "base": "Mid"
        }
      },
      {
        "weaponName": "Battle Trumpet",
        "potenciesAtOb10": {
          "max": "High",
          "base": "High"
        }
      },
      {
        "weaponName": "Iron Blade",
        "potenciesAtOb10": {
          "max": "Mid",
          "base": "Mid"
        }
      },
      {
        "weaponName": "Marine Shooter",
        "potenciesAtOb10": {
          "max": "High",
          "base": "Mid"
        }
      },
      {
        "weaponName": "Kuja's Spirit Blade",
        "potenciesAtOb10": {
          "max": "High",
          "base": "Mid"
        }
      },
      {
        "weaponName": "S1976C",
        "potenciesAtOb10": {
          "max": "High",
          "base": "Mid"
        }
      },
      {
        "weaponName": "4-Point Shuriken",
        "potenciesAtOb10": {
          "max": "Mid",
          "base": "Mid"
        }
      },
      {
        "weaponName": "Pole Axe",
        "potenciesAtOb10": {
          "max": "High",
          "base": "Mid"
        }
      }
    ]
  ],
  [
    {
      "range": "FilterSingleTargetOrAll",
      "effectType": "FilterPatkDown"
    },
    [
      {
        "weaponName": "Full Metal Staff",
        "potenciesAtOb10": {
          "max": "Mid",
          "base": "Mid"
        }
      },
      {
        "weaponName": "Turks' Blade",
        "potenciesAtOb10": {
          "max": "Mid",
          "base": "Low"
        }
      },
      {
        "weaponName": "Type-91 Two-Hander",
        "potenciesAtOb10": {
          "max": "High",
          "base": "Mid"
        }
      },
      {
        "weaponName": "Electrocannon",
        "potenciesAtOb10": {
          "max": "High",
          "base": "Mid"
        }
      },
      {
        "weaponName": "Battle Trumpet",
        "potenciesAtOb10": {
          "max": "High",
          "base": "High"
        }
      },
      {
        "weaponName": "Iron Blade",
        "potenciesAtOb10": {
          "max": "Mid",
          "base": "Mid"
        }
      },
      {
        "weaponName": "Steiner's Blade",
        "potenciesAtOb10": {
          "max": "Mid",
          "base": "Low"
        }
      },
      {
        "weaponName": "Featherscatter",
        "potenciesAtOb10": {
          "max": "Mid",
          "base": "Low"
        }
      },
      {
        "weaponName": "Marine Shooter",
        "potenciesAtOb10": {
          "max": "High",
          "base": "Mid"
        }
      },
      {
        "weaponName": "Slick Beetle",
        "potenciesAtOb10": {
          "max": "High",
          "base": "High"
        }
      },
      {
        "weaponName": "Steward Collar",
        "potenciesAtOb10": {
          "max": "Mid",
          "base": "Low"
        }
      },
      {
        "weaponName": "Kuja's Spirit Blade",
        "potenciesAtOb10": {
          "max": "High",
          "base": "Mid"
        }
      },
      {
        "weaponName": "Northern Lights",
        "potenciesAtOb10": {
          "max": "High",
          "base": "High"
        }
      },
      {
        "weaponName": "Leather Gloves",
        "potenciesAtOb10": {
          "max": "High",
          "base": "High"
        }
      },
      {
        "weaponName": "Steward Gloves",
        "potenciesAtOb10": {
          "max": "Mid",
          "base": "Low"
        }
      },
      {
        "weaponName": "S1976C",
        "potenciesAtOb10": {
          "max": "High",
          "base": "Mid"
        }
      },
      {
        "weaponName": "4-Point Shuriken",
        "potenciesAtOb10": {
          "max": "Mid",
          "base": "Mid"
        }
      },
      {
        "weaponName": "Pole Axe",
        "potenciesAtOb10": {
          "max": "High",
          "base": "Mid"
        }
      }
    ]
  ],
  [
    {
      "range": "FilterSelfOrSingleTargetOrAll",
      "effectType": "FilterPatkDown"
    },
    [
      {
        "weaponName": "Full Metal Staff",
        "potenciesAtOb10": {
          "max": "Mid",
          "base": "Mid"
        }
      },
      {
        "weaponName": "Turks' Blade",
        "potenciesAtOb10": {
          "max": "Mid",
          "base": "Low"
        }
      },
      {
        "weaponName": "Type-91 Two-Hander",
        "potenciesAtOb10": {
          "max": "High",
          "base": "Mid"
        }
      },
      {
        "weaponName": "Electrocannon",
        "potenciesAtOb10": {
          "max": "High",
          "base": "Mid"
        }
      },
      {
        "weaponName": "Battle Trumpet",
        "potenciesAtOb10": {
          "max": "High",
          "base": "High"
        }
      },
      {
        "weaponName": "Iron Blade",
        "potenciesAtOb10": {
          "max": "Mid",
          "base": "Mid"
        }
      },
      {
        "weaponName": "Steiner's Blade",
        "potenciesAtOb10": {
          "max": "Mid",
          "base": "Low"
        }
      },
      {
        "weaponName": "Featherscatter",
        "potenciesAtOb10": {
          "max": "Mid",
          "base": "Low"
        }
      },
      {
        "weaponName": "Marine Shooter",
        "potenciesAtOb10": {
          "max": "High",
          "base": "Mid"
        }
      },
      {
        "weaponName": "Slick Beetle",
        "potenciesAtOb10": {
          "max": "High",
          "base": "High"
        }
      },
      {
        "weaponName": "Steward Collar",
        "potenciesAtOb10": {
          "max": "Mid",
          "base": "Low"
        }
      },
      {
        "weaponName": "Kuja's Spirit Blade",
        "potenciesAtOb10": {
          "max": "High",
          "base": "Mid"
        }
      },
      {
        "weaponName": "Northern Lights",
        "potenciesAtOb10": {
          "max": "High",
          "base": "High"
        }
      },
      {
        "weaponName": "Leather Gloves",
        "potenciesAtOb10": {
          "max": "High",
          "base": "High"
        }
      },
      {
        "weaponName": "Steward Gloves",
        "potenciesAtOb10": {
          "max": "Mid",
          "base": "Low"
        }
      },
      {
        "weaponName": "S1976C",
        "potenciesAtOb10": {
          "max": "High",
          "base": "Mid"
        }
      },
      {
        "weaponName": "4-Point Shuriken",
        "potenciesAtOb10": {
          "max": "Mid",
          "base": "Mid"
        }
      },
      {
        "weaponName": "Pole Axe",
        "potenciesAtOb10": {
          "max": "High",
          "base": "Mid"
        }
      }
    ]
  ],
  [
    {
      "range": "FilterAll",
      "effectType": "FilterMatkDown"
    },
    [
      {
        "weaponName": "Electrocannon",
        "potenciesAtOb10": {
          "max": "Mid",
          "base": "Mid"
        }
      },
      {
        "weaponName": "Battle Trumpet",
        "potenciesAtOb10": {
          "max": "Mid",
          "base": "Mid"
        }
      },
      {
        "weaponName": "Kuja's Spirit Blade",
        "potenciesAtOb10": {
          "max": "High",
          "base": "Mid"
        }
      },
      {
        "weaponName": "S1976C",
        "potenciesAtOb10": {
          "max": "High",
          "base": "Mid"
        }
      },
      {
        "weaponName": "Pole Axe",
        "potenciesAtOb10": {
          "max": "High",
          "base": "Mid"
        }
      }
    ]
  ],
  [
    {
      "range": "FilterSingleTargetOrAll",
      "effectType": "FilterMatkDown"
    },
    [
      {
        "weaponName": "Type-91 Two-Hander",
        "potenciesAtOb10": {
          "max": "Mid",
          "base": "Mid"
        }
      },
      {
        "weaponName": "Electrocannon",
        "potenciesAtOb10": {
          "max": "Mid",
          "base": "Mid"
        }
      },
      {
        "weaponName": "Solid Bazooka",
        "potenciesAtOb10": {
          "max": "High",
          "base": "High"
        }
      },
      {
        "weaponName": "Battle Trumpet",
        "potenciesAtOb10": {
          "max": "Mid",
          "base": "Mid"
        }
      },
      {
        "weaponName": "Gold Megaphone",
        "potenciesAtOb10": {
          "max": "High",
          "base": "High"
        }
      },
      {
        "weaponName": "Mad Minute",
        "potenciesAtOb10": {
          "max": "High",
          "base": "High"
        }
      },
      {
        "weaponName": "Junk Collar",
        "potenciesAtOb10": {
          "max": "High",
          "base": "High"
        }
      },
      {
        "weaponName": "Kuja's Spirit Blade",
        "potenciesAtOb10": {
          "max": "High",
          "base": "Mid"
        }
      },
      {
        "weaponName": "Amarant's Claws",
        "potenciesAtOb10": {
          "max": "High",
          "base": "Mid"
        }
      },
      {
        "weaponName": "Tiger Fangs",
        "potenciesAtOb10": {
          "max": "High",
          "base": "High"
        }
      },
      {
        "weaponName": "S1976C",
        "potenciesAtOb10": {
          "max": "High",
          "base": "Mid"
        }
      },
      {
        "weaponName": "Twinkling Star",
        "potenciesAtOb10": {
          "max": "High",
          "base": "Mid"
        }
      },
      {
        "weaponName": "Pole Axe",
        "potenciesAtOb10": {
          "max": "High",
          "base": "Mid"
        }
      }
    ]
  ],
  [
    {
      "range": "FilterSelfOrSingleTargetOrAll",
      "effectType": "FilterMatkDown"
    },
    [
      {
        "weaponName": "Type-91 Two-Hander",
        "potenciesAtOb10": {
          "max": "Mid",
          "base": "Mid"
        }
      },
      {
        "weaponName": "Electrocannon",
        "potenciesAtOb10": {
          "max": "Mid",
          "base": "Mid"
        }
      },
      {
        "weaponName": "Solid Bazooka",
        "potenciesAtOb10": {
          "max": "High",
          "base": "High"
        }
      },
      {
        "weaponName": "Battle Trumpet",
        "potenciesAtOb10": {
          "max": "Mid",
          "base": "Mid"
        }
      },
      {
        "weaponName": "Gold Megaphone",
        "potenciesAtOb10": {
          "max": "High",
          "base": "High"
        }
      },
      {
        "weaponName": "Mad Minute",
        "potenciesAtOb10": {
          "max": "High",
          "base": "High"
        }
      },
      {
        "weaponName": "Junk Collar",
        "potenciesAtOb10": {
          "max": "High",
          "base": "High"
        }
      },
      {
        "weaponName": "Kuja's Spirit Blade",
        "potenciesAtOb10": {
          "max": "High",
          "base": "Mid"
        }
      },
      {
        "weaponName": "Amarant's Claws",
        "potenciesAtOb10": {
          "max": "High",
          "base": "Mid"
        }
      },
      {
        "weaponName": "Tiger Fangs",
        "potenciesAtOb10": {
          "max": "High",
          "base": "High"
        }
      },
      {
        "weaponName": "S1976C",
        "potenciesAtOb10": {
          "max": "High",
          "base": "Mid"
        }
      },
      {
        "weaponName": "Twinkling Star",
        "potenciesAtOb10": {
          "max": "High",
          "base": "Mid"
        }
      },
      {
        "weaponName": "Pole Axe",
        "potenciesAtOb10": {
          "max": "High",
          "base": "Mid"
        }
      }
    ]
  ],
  [
    {
      "range": "FilterAll",
      "effectType": "FilterPdefDown"
    },
    [
      {
        "weaponName": "Greatsword (A)",
        "potenciesAtOb10": {
          "max": "High",
          "base": "High"
        }
      }
    ]
  ],
  [
    {
      "range": "FilterSingleTargetOrAll",
      "effectType": "FilterPdefDown"
    },
    [
      {
        "weaponName": "Dawn's Prayers",
        "potenciesAtOb10": {
          "max": "Mid",
          "base": "Low"
        }
      },
      {
        "weaponName": "Floral Wand",
        "potenciesAtOb10": {
          "max": "Mid",
          "base": "Mid"
        }
      },
      {
        "weaponName": "Sun Umbrella",
        "potenciesAtOb10": {
          "max": "Mid",
          "base": "Mid"
        }
      },
      {
        "weaponName": "Greatsword (A)",
        "potenciesAtOb10": {
          "max": "High",
          "base": "High"
        }
      },
      {
        "weaponName": "W Machine",
        "potenciesAtOb10": {
          "max": "High",
          "base": "High"
        }
      },
      {
        "weaponName": "Silver Megaphone",
        "potenciesAtOb10": {
          "max": "High",
          "base": "High"
        }
      },
      {
        "weaponName": "Silver Megaphone",
        "potenciesAtOb10": {
          "max": "Low",
          "base": "Low"
        }
      },
      {
        "weaponName": "Glavenus Sword",
        "potenciesAtOb10": {
          "max": "Mid",
          "base": "Mid"
        }
      },
      {
        "weaponName": "Hardedge",
        "potenciesAtOb10": {
          "max": "High",
          "base": "High"
        }
      },
      {
        "weaponName": "Best Wishes",
        "potenciesAtOb10": {
          "max": "Mid",
          "base": "Low"
        }
      },
      {
        "weaponName": "Piece of Cake",
        "potenciesAtOb10": {
          "max": "High",
          "base": "High"
        }
      },
      {
        "weaponName": "Slay the Day",
        "potenciesAtOb10": {
          "max": "Mid",
          "base": "Mid"
        }
      },
      {
        "weaponName": "Nightjar",
        "potenciesAtOb10": {
          "max": "High",
          "base": "High"
        }
      },
      {
        "weaponName": "Turks' Rifle",
        "potenciesAtOb10": {
          "max": "Mid",
          "base": "Low"
        }
      },
      {
        "weaponName": "Iron Collar",
        "potenciesAtOb10": {
          "max": "Mid",
          "base": "Low"
        }
      },
      {
        "weaponName": "Radiant Edge",
        "potenciesAtOb10": {
          "max": "Mid",
          "base": "Mid"
        }
      },
      {
        "weaponName": "Turks' Gloves",
        "potenciesAtOb10": {
          "max": "Mid",
          "base": "Low"
        }
      },
      {
        "weaponName": "Black Whiskers",
        "potenciesAtOb10": {
          "max": "Mid",
          "base": "Mid"
        }
      },
      {
        "weaponName": "Cutlass",
        "potenciesAtOb10": {
          "max": "High",
          "base": "High"
        }
      },
      {
        "weaponName": "Iron Greatsword",
        "potenciesAtOb10": {
          "max": "Mid",
          "base": "Low"
        }
      },
      {
        "weaponName": "Twinkling Star",
        "potenciesAtOb10": {
          "max": "High",
          "base": "Mid"
        }
      }
    ]
  ],
  [
    {
      "range": "FilterSelfOrSingleTargetOrAll",
      "effectType": "FilterPdefDown"
    },
    [
      {
        "weaponName": "Dawn's Prayers",
        "potenciesAtOb10": {
          "max": "Mid",
          "base": "Low"
        }
      },
      {
        "weaponName": "Floral Wand",
        "potenciesAtOb10": {
          "max": "Mid",
          "base": "Mid"
        }
      },
      {
        "weaponName": "Sun Umbrella",
        "potenciesAtOb10": {
          "max": "Mid",
          "base": "Mid"
        }
      },
      {
        "weaponName": "Greatsword (A)",
        "potenciesAtOb10": {
          "max": "High",
          "base": "High"
        }
      },
      {
        "weaponName": "W Machine",
        "potenciesAtOb10": {
          "max": "High",
          "base": "High"
        }
      },
      {
        "weaponName": "Silver Megaphone",
        "potenciesAtOb10": {
          "max": "High",
          "base": "High"
        }
      },
      {
        "weaponName": "Silver Megaphone",
        "potenciesAtOb10": {
          "max": "Low",
          "base": "Low"
        }
      },
      {
        "weaponName": "Glavenus Sword",
        "potenciesAtOb10": {
          "max": "Mid",
          "base": "Mid"
        }
      },
      {
        "weaponName": "Hardedge",
        "potenciesAtOb10": {
          "max": "High",
          "base": "High"
        }
      },
      {
        "weaponName": "Best Wishes",
        "potenciesAtOb10": {
          "max": "Mid",
          "base": "Low"
        }
      },
      {
        "weaponName": "Piece of Cake",
        "potenciesAtOb10": {
          "max": "High",
          "base": "High"
        }
      },
      {
        "weaponName": "Slay the Day",
        "potenciesAtOb10": {
          "max": "Mid",
          "base": "Mid"
        }
      },
      {
        "weaponName": "Nightjar",
        "potenciesAtOb10": {
          "max": "High",
          "base": "High"
        }
      },
      {
        "weaponName": "Turks' Rifle",
        "potenciesAtOb10": {
          "max": "Mid",
          "base": "Low"
        }
      },
      {
        "weaponName": "Iron Collar",
        "potenciesAtOb10": {
          "max": "Mid",
          "base": "Low"
        }
      },
      {
        "weaponName": "Radiant Edge",
        "potenciesAtOb10": {
          "max": "Mid",
          "base": "Mid"
        }
      },
      {
        "weaponName": "Turks' Gloves",
        "potenciesAtOb10": {
          "max": "Mid",
          "base": "Low"
        }
      },
      {
        "weaponName": "Black Whiskers",
        "potenciesAtOb10": {
          "max": "Mid",
          "base": "Mid"
        }
      },
      {
        "weaponName": "Cutlass",
        "potenciesAtOb10": {
          "max": "High",
          "base": "High"
        }
      },
      {
        "weaponName": "Iron Greatsword",
        "potenciesAtOb10": {
          "max": "Mid",
          "base": "Low"
        }
      },
      {
        "weaponName": "Twinkling Star",
        "potenciesAtOb10": {
          "max": "High",
          "base": "Mid"
        }
      }
    ]
  ],
  [
    {
      "range": "FilterAll",
      "effectType": "FilterMdefDown"
    },
    [
      {
        "weaponName": "Crimson Staff",
        "potenciesAtOb10": {
          "max": "High",
          "base": "High"
        }
      },
      {
        "weaponName": "Canyon Collar",
        "potenciesAtOb10": {
          "max": "High",
          "base": "Mid"
        }
      },
      {
        "weaponName": "Gold Collar",
        "potenciesAtOb10": {
          "max": "Mid",
          "base": "Mid"
        }
      },
      {
        "weaponName": "Kugelblitz",
        "potenciesAtOb10": {
          "max": "High",
          "base": "High"
        }
      }
    ]
  ],
  [
    {
      "range": "FilterSingleTargetOrAll",
      "effectType": "FilterMdefDown"
    },
    [
      {
        "weaponName": "Crimson Staff",
        "potenciesAtOb10": {
          "max": "High",
          "base": "High"
        }
      },
      {
        "weaponName": "Snowflake",
        "potenciesAtOb10": {
          "max": "High",
          "base": "Mid"
        }
      },
      {
        "weaponName": "Sun Umbrella",
        "potenciesAtOb10": {
          "max": "Mid",
          "base": "Mid"
        }
      },
      {
        "weaponName": "Hell House Cannon",
        "potenciesAtOb10": {
          "max": "Mid",
          "base": "Low"
        }
      },
      {
        "weaponName": "Witch's Broom",
        "potenciesAtOb10": {
          "max": "Mid",
          "base": "Mid"
        }
      },
      {
        "weaponName": "Nightjar",
        "potenciesAtOb10": {
          "max": "Mid",
          "base": "Mid"
        }
      },
      {
        "weaponName": "Rose Musket",
        "potenciesAtOb10": {
          "max": "High",
          "base": "High"
        }
      },
      {
        "weaponName": "Thunderbird",
        "potenciesAtOb10": {
          "max": "High",
          "base": "Mid"
        }
      },
      {
        "weaponName": "Stingray",
        "potenciesAtOb10": {
          "max": "High",
          "base": "High"
        }
      },
      {
        "weaponName": "Canyon Collar",
        "potenciesAtOb10": {
          "max": "High",
          "base": "Mid"
        }
      },
      {
        "weaponName": "Gold Collar",
        "potenciesAtOb10": {
          "max": "Mid",
          "base": "Mid"
        }
      },
      {
        "weaponName": "Hell House Collar",
        "potenciesAtOb10": {
          "max": "Mid",
          "base": "Low"
        }
      },
      {
        "weaponName": "Nameless",
        "potenciesAtOb10": {
          "max": "Mid",
          "base": "Mid"
        }
      },
      {
        "weaponName": "Feathered Gloves",
        "potenciesAtOb10": {
          "max": "Mid",
          "base": "Mid"
        }
      },
      {
        "weaponName": "Kaiser Knuckles",
        "potenciesAtOb10": {
          "max": "High",
          "base": "High"
        }
      },
      {
        "weaponName": "Kugelblitz",
        "potenciesAtOb10": {
          "max": "High",
          "base": "High"
        }
      },
      {
        "weaponName": "Holiday Bell",
        "potenciesAtOb10": {
          "max": "High",
          "base": "Low"
        }
      },
      {
        "weaponName": "Arc Sword",
        "potenciesAtOb10": {
          "max": "High",
          "base": "High"
        }
      }
    ]
  ],
  [
    {
      "range": "FilterSelfOrSingleTargetOrAll",
      "effectType": "FilterMdefDown"
    },
    [
      {
        "weaponName": "Crimson Staff",
        "potenciesAtOb10": {
          "max": "High",
          "base": "High"
        }
      },
      {
        "weaponName": "Snowflake",
        "potenciesAtOb10": {
          "max": "High",
          "base": "Mid"
        }
      },
      {
        "weaponName": "Sun Umbrella",
        "potenciesAtOb10": {
          "max": "Mid",
          "base": "Mid"
        }
      },
      {
        "weaponName": "Hell House Cannon",
        "potenciesAtOb10": {
          "max": "Mid",
          "base": "Low"
        }
      },
      {
        "weaponName": "Witch's Broom",
        "potenciesAtOb10": {
          "max": "Mid",
          "base": "Mid"
        }
      },
      {
        "weaponName": "Nightjar",
        "potenciesAtOb10": {
          "max": "Mid",
          "base": "Mid"
        }
      },
      {
        "weaponName": "Rose Musket",
        "potenciesAtOb10": {
          "max": "High",
          "base": "High"
        }
      },
      {
        "weaponName": "Thunderbird",
        "potenciesAtOb10": {
          "max": "High",
          "base": "Mid"
        }
      },
      {
        "weaponName": "Stingray",
        "potenciesAtOb10": {
          "max": "High",
          "base": "High"
        }
      },
      {
        "weaponName": "Canyon Collar",
        "potenciesAtOb10": {
          "max": "High",
          "base": "Mid"
        }
      },
      {
        "weaponName": "Gold Collar",
        "potenciesAtOb10": {
          "max": "Mid",
          "base": "Mid"
        }
      },
      {
        "weaponName": "Hell House Collar",
        "potenciesAtOb10": {
          "max": "Mid",
          "base": "Low"
        }
      },
      {
        "weaponName": "Nameless",
        "potenciesAtOb10": {
          "max": "Mid",
          "base": "Mid"
        }
      },
      {
        "weaponName": "Feathered Gloves",
        "potenciesAtOb10": {
          "max": "Mid",
          "base": "Mid"
        }
      },
      {
        "weaponName": "Kaiser Knuckles",
        "potenciesAtOb10": {
          "max": "High",
          "base": "High"
        }
      },
      {
        "weaponName": "Kugelblitz",
        "potenciesAtOb10": {
          "max": "High",
          "base": "High"
        }
      },
      {
        "weaponName": "Holiday Bell",
        "potenciesAtOb10": {
          "max": "High",
          "base": "Low"
        }
      },
      {
        "weaponName": "Arc Sword",
        "potenciesAtOb10": {
          "max": "High",
          "base": "High"
        }
      }
    ]
  ],
  [
    {
      "range": "FilterAll",
      "effectType": "FilterFireResistDown"
    },
    [
      {
        "weaponName": "Terra's Rod",
        "potenciesAtOb10": {
          "max": "High",
          "base": "High"
        }
      },
      {
        "weaponName": "Chocobo Paddle",
        "potenciesAtOb10": {
          "max": "Mid",
          "base": "Low"
        }
      },
      {
        "weaponName": "Marine Shooter",
        "potenciesAtOb10": {
          "max": "High",
          "base": "High"
        }
      },
      {
        "weaponName": "Shinra Wyvern Blade",
        "potenciesAtOb10": {
          "max": "Mid",
          "base": "Low"
        }
      },
      {
        "weaponName": "Mallet of Luck",
        "potenciesAtOb10": {
          "max": "Mid",
          "base": "Low"
        }
      }
    ]
  ],
  [
    {
      "range": "FilterSingleTargetOrAll",
      "effectType": "FilterFireResistDown"
    },
    [
      {
        "weaponName": "Terra's Rod",
        "potenciesAtOb10": {
          "max": "High",
          "base": "High"
        }
      },
      {
        "weaponName": "Volcanic Heat",
        "potenciesAtOb10": {
          "max": "High",
          "base": "High"
        }
      },
      {
        "weaponName": "Sharkslayer",
        "potenciesAtOb10": {
          "max": "High",
          "base": "High"
        }
      },
      {
        "weaponName": "Gold Megaphone",
        "potenciesAtOb10": {
          "max": "High",
          "base": "High"
        }
      },
      {
        "weaponName": "Chocobo Paddle",
        "potenciesAtOb10": {
          "max": "Mid",
          "base": "Low"
        }
      },
      {
        "weaponName": "Marine Shooter",
        "potenciesAtOb10": {
          "max": "High",
          "base": "High"
        }
      },
      {
        "weaponName": "Flame Dragon's Band",
        "potenciesAtOb10": {
          "max": "Mid",
          "base": "Mid"
        }
      },
      {
        "weaponName": "Ivy Collar",
        "potenciesAtOb10": {
          "max": "High",
          "base": "High"
        }
      },
      {
        "weaponName": "Flame Dragon Blade",
        "potenciesAtOb10": {
          "max": "Mid",
          "base": "Mid"
        }
      },
      {
        "weaponName": "Radiant Edge",
        "potenciesAtOb10": {
          "max": "High",
          "base": "High"
        }
      },
      {
        "weaponName": "Shinra Wyvern Blade",
        "potenciesAtOb10": {
          "max": "Mid",
          "base": "Low"
        }
      },
      {
        "weaponName": "Withering Blaze",
        "potenciesAtOb10": {
          "max": "High",
          "base": "Low"
        }
      },
      {
        "weaponName": "Boomerang",
        "potenciesAtOb10": {
          "max": "High",
          "base": "High"
        }
      },
      {
        "weaponName": "Mallet of Luck",
        "potenciesAtOb10": {
          "max": "Mid",
          "base": "Low"
        }
      }
    ]
  ],
  [
    {
      "range": "FilterSelfOrSingleTargetOrAll",
      "effectType": "FilterFireResistDown"
    },
    [
      {
        "weaponName": "Terra's Rod",
        "potenciesAtOb10": {
          "max": "High",
          "base": "High"
        }
      },
      {
        "weaponName": "Volcanic Heat",
        "potenciesAtOb10": {
          "max": "High",
          "base": "High"
        }
      },
      {
        "weaponName": "Sharkslayer",
        "potenciesAtOb10": {
          "max": "High",
          "base": "High"
        }
      },
      {
        "weaponName": "Gold Megaphone",
        "potenciesAtOb10": {
          "max": "High",
          "base": "High"
        }
      },
      {
        "weaponName": "Chocobo Paddle",
        "potenciesAtOb10": {
          "max": "Mid",
          "base": "Low"
        }
      },
      {
        "weaponName": "Marine Shooter",
        "potenciesAtOb10": {
          "max": "High",
          "base": "High"
        }
      },
      {
        "weaponName": "Flame Dragon's Band",
        "potenciesAtOb10": {
          "max": "Mid",
          "base": "Mid"
        }
      },
      {
        "weaponName": "Ivy Collar",
        "potenciesAtOb10": {
          "max": "High",
          "base": "High"
        }
      },
      {
        "weaponName": "Flame Dragon Blade",
        "potenciesAtOb10": {
          "max": "Mid",
          "base": "Mid"
        }
      },
      {
        "weaponName": "Radiant Edge",
        "potenciesAtOb10": {
          "max": "High",
          "base": "High"
        }
      },
      {
        "weaponName": "Shinra Wyvern Blade",
        "potenciesAtOb10": {
          "max": "Mid",
          "base": "Low"
        }
      },
      {
        "weaponName": "Withering Blaze",
        "potenciesAtOb10": {
          "max": "High",
          "base": "Low"
        }
      },
      {
        "weaponName": "Boomerang",
        "potenciesAtOb10": {
          "max": "High",
          "base": "High"
        }
      },
      {
        "weaponName": "Mallet of Luck",
        "potenciesAtOb10": {
          "max": "Mid",
          "base": "Low"
        }
      }
    ]
  ],
  [
    {
      "range": "FilterAll",
      "effectType": "FilterIceResistDown"
    },
    [
      {
        "weaponName": "Terra's Rod",
        "potenciesAtOb10": {
          "max": "High",
          "base": "High"
        }
      },
      {
        "weaponName": "Stilva Glaive",
        "potenciesAtOb10": {
          "max": "Mid",
          "base": "Low"
        }
      }
    ]
  ],
  [
    {
      "range": "FilterSingleTargetOrAll",
      "effectType": "FilterIceResistDown"
    },
    [
      {
        "weaponName": "Terra's Rod",
        "potenciesAtOb10": {
          "max": "High",
          "base": "High"
        }
      },
      {
        "weaponName": "Icebolt Megaphone",
        "potenciesAtOb10": {
          "max": "Mid",
          "base": "Mid"
        }
      },
      {
        "weaponName": "Bald Eagle",
        "potenciesAtOb10": {
          "max": "High",
          "base": "High"
        }
      },
      {
        "weaponName": "Ivy Collar",
        "potenciesAtOb10": {
          "max": "High",
          "base": "High"
        }
      },
      {
        "weaponName": "Icebolt Shooter",
        "potenciesAtOb10": {
          "max": "Mid",
          "base": "Mid"
        }
      },
      {
        "weaponName": "Pinwheel",
        "potenciesAtOb10": {
          "max": "High",
          "base": "High"
        }
      },
      {
        "weaponName": "Pressure Ridge",
        "potenciesAtOb10": {
          "max": "High",
          "base": "High"
        }
      },
      {
        "weaponName": "Rocket Lance",
        "potenciesAtOb10": {
          "max": "High",
          "base": "High"
        }
      },
      {
        "weaponName": "Stilva Glaive",
        "potenciesAtOb10": {
          "max": "Mid",
          "base": "Low"
        }
      }
    ]
  ],
  [
    {
      "range": "FilterSelfOrSingleTargetOrAll",
      "effectType": "FilterIceResistDown"
    },
    [
      {
        "weaponName": "Terra's Rod",
        "potenciesAtOb10": {
          "max": "High",
          "base": "High"
        }
      },
      {
        "weaponName": "Icebolt Megaphone",
        "potenciesAtOb10": {
          "max": "Mid",
          "base": "Mid"
        }
      },
      {
        "weaponName": "Bald Eagle",
        "potenciesAtOb10": {
          "max": "High",
          "base": "High"
        }
      },
      {
        "weaponName": "Ivy Collar",
        "potenciesAtOb10": {
          "max": "High",
          "base": "High"
        }
      },
      {
        "weaponName": "Icebolt Shooter",
        "potenciesAtOb10": {
          "max": "Mid",
          "base": "Mid"
        }
      },
      {
        "weaponName": "Pinwheel",
        "potenciesAtOb10": {
          "max": "High",
          "base": "High"
        }
      },
      {
        "weaponName": "Pressure Ridge",
        "potenciesAtOb10": {
          "max": "High",
          "base": "High"
        }
      },
      {
        "weaponName": "Rocket Lance",
        "potenciesAtOb10": {
          "max": "High",
          "base": "High"
        }
      },
      {
        "weaponName": "Stilva Glaive",
        "potenciesAtOb10": {
          "max": "Mid",
          "base": "Low"
        }
      }
    ]
  ],
  [
    {
      "range": "FilterAll",
      "effectType": "FilterThunderResistDown"
    },
    [
      {
        "weaponName": "Terra's Rod",
        "potenciesAtOb10": {
          "max": "High",
          "base": "High"
        }
      }
    ]
  ],
  [
    {
      "range": "FilterSingleTargetOrAll",
      "effectType": "FilterThunderResistDown"
    },
    [
      {
        "weaponName": "Terra's Rod",
        "potenciesAtOb10": {
          "max": "High",
          "base": "High"
        }
      },
      {
        "weaponName": "Icebolt Megaphone",
        "potenciesAtOb10": {
          "max": "Mid",
          "base": "Mid"
        }
      },
      {
        "weaponName": "Witch's Broom",
        "potenciesAtOb10": {
          "max": "High",
          "base": "High"
        }
      },
      {
        "weaponName": "Seaside Collar",
        "potenciesAtOb10": {
          "max": "High",
          "base": "High"
        }
      },
      {
        "weaponName": "Icebolt Shooter",
        "potenciesAtOb10": {
          "max": "Mid",
          "base": "Mid"
        }
      },
      {
        "weaponName": "Wind Slash",
        "potenciesAtOb10": {
          "max": "High",
          "base": "High"
        }
      }
    ]
  ],
  [
    {
      "range": "FilterSelfOrSingleTargetOrAll",
      "effectType": "FilterThunderResistDown"
    },
    [
      {
        "weaponName": "Terra's Rod",
        "potenciesAtOb10": {
          "max": "High",
          "base": "High"
        }
      },
      {
        "weaponName": "Icebolt Megaphone",
        "potenciesAtOb10": {
          "max": "Mid",
          "base": "Mid"
        }
      },
      {
        "weaponName": "Witch's Broom",
        "potenciesAtOb10": {
          "max": "High",
          "base": "High"
        }
      },
      {
        "weaponName": "Seaside Collar",
        "potenciesAtOb10": {
          "max": "High",
          "base": "High"
        }
      },
      {
        "weaponName": "Icebolt Shooter",
        "potenciesAtOb10": {
          "max": "Mid",
          "base": "Mid"
        }
      },
      {
        "weaponName": "Wind Slash",
        "potenciesAtOb10": {
          "max": "High",
          "base": "High"
        }
      }
    ]
  ],
  [
    {
      "range": "FilterSingleTargetOrAll",
      "effectType": "FilterEarthResistDown"
    },
    [
      {
        "weaponName": "Shinra Greatsword: Model I",
        "potenciesAtOb10": {
          "max": "High",
          "base": "High"
        }
      },
      {
        "weaponName": "Blue Bramble",
        "potenciesAtOb10": {
          "max": "High",
          "base": "High"
        }
      },
      {
        "weaponName": "Chiron",
        "potenciesAtOb10": {
          "max": "High",
          "base": "High"
        }
      }
    ]
  ],
  [
    {
      "range": "FilterSelfOrSingleTargetOrAll",
      "effectType": "FilterEarthResistDown"
    },
    [
      {
        "weaponName": "Shinra Greatsword: Model I",
        "potenciesAtOb10": {
          "max": "High",
          "base": "High"
        }
      },
      {
        "weaponName": "Blue Bramble",
        "potenciesAtOb10": {
          "max": "High",
          "base": "High"
        }
      },
      {
        "weaponName": "Chiron",
        "potenciesAtOb10": {
          "max": "High",
          "base": "High"
        }
      }
    ]
  ],
  [
    {
      "range": "FilterSingleTargetOrAll",
      "effectType": "FilterWaterResistDown"
    },
    [
      {
        "weaponName": "Sharkslayer",
        "potenciesAtOb10": {
          "max": "High",
          "base": "High"
        }
      },
      {
        "weaponName": "Green Megaphone",
        "potenciesAtOb10": {
          "max": "High",
          "base": "High"
        }
      },
      {
        "weaponName": "Silver Collar",
        "potenciesAtOb10": {
          "max": "High",
          "base": "High"
        }
      },
      {
        "weaponName": "Tempest",
        "potenciesAtOb10": {
          "max": "High",
          "base": "High"
        }
      },
      {
        "weaponName": "Black Whiskers",
        "potenciesAtOb10": {
          "max": "High",
          "base": "Mid"
        }
      }
    ]
  ],
  [
    {
      "range": "FilterSelfOrSingleTargetOrAll",
      "effectType": "FilterWaterResistDown"
    },
    [
      {
        "weaponName": "Sharkslayer",
        "potenciesAtOb10": {
          "max": "High",
          "base": "High"
        }
      },
      {
        "weaponName": "Green Megaphone",
        "potenciesAtOb10": {
          "max": "High",
          "base": "High"
        }
      },
      {
        "weaponName": "Silver Collar",
        "potenciesAtOb10": {
          "max": "High",
          "base": "High"
        }
      },
      {
        "weaponName": "Tempest",
        "potenciesAtOb10": {
          "max": "High",
          "base": "High"
        }
      },
      {
        "weaponName": "Black Whiskers",
        "potenciesAtOb10": {
          "max": "High",
          "base": "Mid"
        }
      }
    ]
  ],
  [
    {
      "range": "FilterSingleTargetOrAll",
      "effectType": "FilterWindResistDown"
    },
    [
      {
        "weaponName": "Floral Wand",
        "potenciesAtOb10": {
          "max": "High",
          "base": "High"
        }
      },
      {
        "weaponName": "Silver Collar",
        "potenciesAtOb10": {
          "max": "High",
          "base": "High"
        }
      },
      {
        "weaponName": "Holiday Bell",
        "potenciesAtOb10": {
          "max": "High",
          "base": "Low"
        }
      }
    ]
  ],
  [
    {
      "range": "FilterSelfOrSingleTargetOrAll",
      "effectType": "FilterWindResistDown"
    },
    [
      {
        "weaponName": "Floral Wand",
        "potenciesAtOb10": {
          "max": "High",
          "base": "High"
        }
      },
      {
        "weaponName": "Silver Collar",
        "potenciesAtOb10": {
          "max": "High",
          "base": "High"
        }
      },
      {
        "weaponName": "Holiday Bell",
        "potenciesAtOb10": {
          "max": "High",
          "base": "Low"
        }
      }
    ]
  ]
]
