[
  [
    {
      "weapons": [
        "Crimson Staff",
        "Terra's Rod"
      ],
      "character": "Aerith"
    },
    {
      "weapons": [
        "Escutcheon Cannon"
      ],
      "character": "Barret"
    }
  ],
  [
    {
      "weapons": [
        "Crimson Staff",
        "Terra's Rod"
      ],
      "character": "Aerith"
    },
    {
      "weapons": [
        "Bandaged Sword"
      ],
      "character": "Cloud"
    }
  ],
  [
    {
      "weapons": [
        "Crimson Staff",
        "Terra's Rod"
      ],
      "character": "Aerith"
    },
    {
      "weapons": [
        "Core Defender"
      ],
      "character": "Matt"
    }
  ],
  [
    {
      "weapons": [
        "Crimson Staff",
        "Terra's Rod"
      ],
      "character": "Aerith"
    },
    {
      "weapons": [
        "Sleek Collar"
      ],
      "character": "Red XIII"
    }
  ],
  [
    {
      "weapons": [
        "Crimson Staff",
        "Kamura Wand"
      ],
      "character": "Aerith"
    },
    {
      "weapons": [
        "Volcanic Heat"
      ],
      "character": "Angeal"
    }
  ],
  [
    {
      "weapons": [
        "Crimson Staff",
        "Kamura Wand"
      ],
      "character": "Aerith"
    },
    {
      "weapons": [
        "Sharkslayer"
      ],
      "character": "Barret"
    }
  ],
  [
    {
      "weapons": [
        "Crimson Staff"
      ],
      "character": "Aerith"
    },
    {
      "weapons": [
        "Escutcheon Cannon",
        "Sharkslayer"
      ],
      "character": "Barret"
    }
  ],
  [
    {
      "weapons": [
        "Crimson Staff",
        "Kamura Wand"
      ],
      "character": "Aerith"
    },
    {
      "weapons": [
        "Gold Megaphone"
      ],
      "character": "Cait Sith"
    }
  ],
  [
    {
      "weapons": [
        "Crimson Staff",
        "Kamura Wand"
      ],
      "character": "Aerith"
    },
    {
      "weapons": [
        "Marine Shooter"
      ],
      "character": "Lucia"
    }
  ],
  [
    {
      "weapons": [
        "Crimson Staff",
        "Kamura Wand"
      ],
      "character": "Aerith"
    },
    {
      "weapons": [
        "Ivy Collar"
      ],
      "character": "Red XIII"
    }
  ],
  [
    {
      "weapons": [
        "Crimson Staff"
      ],
      "character": "Aerith"
    },
    {
      "weapons": [
        "Ivy Collar",
        "Sleek Collar"
      ],
      "character": "Red XIII"
    }
  ],
  [
    {
      "weapons": [
        "Crimson Staff",
        "Kamura Wand"
      ],
      "character": "Aerith"
    },
    {
      "weapons": [
        "Radiant Edge"
      ],
      "character": "Sephiroth"
    }
  ],
  [
    {
      "weapons": [
        "Crimson Staff",
        "Kamura Wand"
      ],
      "character": "Aerith"
    },
    {
      "weapons": [
        "Boomerang"
      ],
      "character": "Yuffie"
    }
  ],
  [
    {
      "weapons": [
        "Bahamut Rod",
        "Crimson Staff"
      ],
      "character": "Aerith"
    },
    {
      "weapons": [
        "Escutcheon Cannon",
        "Sharkslayer"
      ],
      "character": "Barret"
    }
  ],
  [
    {
      "weapons": [
        "Bahamut Rod",
        "Crimson Staff"
      ],
      "character": "Aerith"
    },
    {
      "weapons": [
        "Ivy Collar",
        "Sleek Collar"
      ],
      "character": "Red XIII"
    }
  ],
  [
    {
      "weapons": [
        "Crimson Staff",
        "Kamura Wand"
      ],
      "character": "Aerith"
    },
    {
      "weapons": [
        "Escutcheon Cannon",
        "Sharkslayer"
      ],
      "character": "Barret"
    }
  ],
  [
    {
      "weapons": [
        "Crimson Staff",
        "Egg Staff"
      ],
      "character": "Aerith"
    },
    {
      "weapons": [
        "Escutcheon Cannon",
        "Sharkslayer"
      ],
      "character": "Barret"
    }
  ],
  [
    {
      "weapons": [
        "Crimson Staff",
        "Egg Staff"
      ],
      "character": "Aerith"
    },
    {
      "weapons": [
        "Ivy Collar",
        "Sleek Collar"
      ],
      "character": "Red XIII"
    }
  ],
  [
    {
      "weapons": [
        "Crimson Staff",
        "Fairy Tale"
      ],
      "character": "Aerith"
    },
    {
      "weapons": [
        "Escutcheon Cannon",
        "Sharkslayer"
      ],
      "character": "Barret"
    }
  ],
  [
    {
      "weapons": [
        "Crimson Staff",
        "Fairy Tale"
      ],
      "character": "Aerith"
    },
    {
      "weapons": [
        "Ivy Collar",
        "Sleek Collar"
      ],
      "character": "Red XIII"
    }
  ],
  [
    {
      "weapons": [
        "Crimson Staff",
        "Floral Wand"
      ],
      "character": "Aerith"
    },
    {
      "weapons": [
        "Escutcheon Cannon",
        "Sharkslayer"
      ],
      "character": "Barret"
    }
  ],
  [
    {
      "weapons": [
        "Crimson Staff",
        "Floral Wand"
      ],
      "character": "Aerith"
    },
    {
      "weapons": [
        "Ivy Collar",
        "Sleek Collar"
      ],
      "character": "Red XIII"
    }
  ],
  [
    {
      "weapons": [
        "Crimson Staff",
        "Gambanteinn"
      ],
      "character": "Aerith"
    },
    {
      "weapons": [
        "Escutcheon Cannon",
        "Sharkslayer"
      ],
      "character": "Barret"
    }
  ],
  [
    {
      "weapons": [
        "Crimson Staff",
        "Gambanteinn"
      ],
      "character": "Aerith"
    },
    {
      "weapons": [
        "Ivy Collar",
        "Sleek Collar"
      ],
      "character": "Red XIII"
    }
  ],
  [
    {
      "weapons": [
        "Crimson Staff",
        "Kamura Wand"
      ],
      "character": "Aerith"
    },
    {
      "weapons": [
        "Ivy Collar",
        "Sleek Collar"
      ],
      "character": "Red XIII"
    }
  ],
  [
    {
      "weapons": [
        "Crimson Staff",
        "Snowflake"
      ],
      "character": "Aerith"
    },
    {
      "weapons": [
        "Escutcheon Cannon",
        "Sharkslayer"
      ],
      "character": "Barret"
    }
  ],
  [
    {
      "weapons": [
        "Crimson Staff",
        "Snowflake"
      ],
      "character": "Aerith"
    },
    {
      "weapons": [
        "Ivy Collar",
        "Sleek Collar"
      ],
      "character": "Red XIII"
    }
  ],
  [
    {
      "weapons": [
        "Crimson Staff",
        "Terra's Rod"
      ],
      "character": "Aerith"
    },
    {
      "weapons": [
        "Escutcheon Cannon",
        "Sharkslayer"
      ],
      "character": "Barret"
    }
  ],
  [
    {
      "weapons": [
        "Crimson Staff",
        "Terra's Rod"
      ],
      "character": "Aerith"
    },
    {
      "weapons": [
        "Ivy Collar",
        "Sleek Collar"
      ],
      "character": "Red XIII"
    }
  ],
  [
    {
      "weapons": [
        "Crimson Staff",
        "Umbrella"
      ],
      "character": "Aerith"
    },
    {
      "weapons": [
        "Escutcheon Cannon",
        "Sharkslayer"
      ],
      "character": "Barret"
    }
  ],
  [
    {
      "weapons": [
        "Crimson Staff",
        "Umbrella"
      ],
      "character": "Aerith"
    },
    {
      "weapons": [
        "Ivy Collar",
        "Sleek Collar"
      ],
      "character": "Red XIII"
    }
  ],
  [
    {
      "weapons": [
        "Crimson Staff",
        "Terra's Rod"
      ],
      "character": "Aerith"
    },
    {
      "weapons": [
        "Escutcheon Cannon",
        "Microlaser"
      ],
      "character": "Barret"
    }
  ],
  [
    {
      "weapons": [
        "Crimson Staff",
        "Kamura Wand"
      ],
      "character": "Aerith"
    },
    {
      "weapons": [
        "Microlaser",
        "Sharkslayer"
      ],
      "character": "Barret"
    }
  ],
  [
    {
      "weapons": [
        "Crimson Staff",
        "Terra's Rod"
      ],
      "character": "Aerith"
    },
    {
      "weapons": [
        "Bandaged Sword",
        "Crystal Sword"
      ],
      "character": "Cloud"
    }
  ],
  [
    {
      "weapons": [
        "Crimson Staff",
        "Terra's Rod"
      ],
      "character": "Aerith"
    },
    {
      "weapons": [
        "Bramble Spine",
        "Core Defender"
      ],
      "character": "Matt"
    }
  ],
  [
    {
      "weapons": [
        "Crimson Staff",
        "Terra's Rod"
      ],
      "character": "Aerith"
    },
    {
      "weapons": [
        "Centipede",
        "Core Defender"
      ],
      "character": "Matt"
    }
  ],
  [
    {
      "weapons": [
        "Crimson Staff",
        "Terra's Rod"
      ],
      "character": "Aerith"
    },
    {
      "weapons": [
        "Core Defender",
        "Foam Sword"
      ],
      "character": "Matt"
    }
  ],
  [
    {
      "weapons": [
        "Crimson Staff",
        "Terra's Rod"
      ],
      "character": "Aerith"
    },
    {
      "weapons": [
        "Core Defender",
        "Luminary Sword"
      ],
      "character": "Matt"
    }
  ],
  [
    {
      "weapons": [
        "Crimson Staff",
        "Terra's Rod"
      ],
      "character": "Aerith"
    },
    {
      "weapons": [
        "Core Defender",
        "Nautilus Spiral"
      ],
      "character": "Matt"
    }
  ],
  [
    {
      "weapons": [
        "Crimson Staff",
        "Terra's Rod"
      ],
      "character": "Aerith"
    },
    {
      "weapons": [
        "Core Defender",
        "Prime Number"
      ],
      "character": "Matt"
    }
  ],
  [
    {
      "weapons": [
        "Crimson Staff",
        "Terra's Rod"
      ],
      "character": "Aerith"
    },
    {
      "weapons": [
        "Core Defender",
        "Syringe Rapier"
      ],
      "character": "Matt"
    }
  ],
  [
    {
      "weapons": [
        "Crimson Staff",
        "Terra's Rod"
      ],
      "character": "Aerith"
    },
    {
      "weapons": [
        "Brilliant Collar",
        "Sleek Collar"
      ],
      "character": "Red XIII"
    }
  ],
  [
    {
      "weapons": [
        "Crimson Staff",
        "Kamura Wand"
      ],
      "character": "Aerith"
    },
    {
      "weapons": [
        "Brilliant Collar",
        "Ivy Collar"
      ],
      "character": "Red XIII"
    }
  ],
  [
    {
      "weapons": [
        "Crimson Staff",
        "Terra's Rod"
      ],
      "character": "Aerith"
    },
    {
      "weapons": [
        "Headphones",
        "Sleek Collar"
      ],
      "character": "Red XIII"
    }
  ],
  [
    {
      "weapons": [
        "Crimson Staff",
        "Kamura Wand"
      ],
      "character": "Aerith"
    },
    {
      "weapons": [
        "Headphones",
        "Ivy Collar"
      ],
      "character": "Red XIII"
    }
  ],
  [
    {
      "weapons": [
        "Crimson Staff",
        "Terra's Rod"
      ],
      "character": "Aerith"
    },
    {
      "weapons": [
        "Pilot's Collar",
        "Sleek Collar"
      ],
      "character": "Red XIII"
    }
  ],
  [
    {
      "weapons": [
        "Crimson Staff",
        "Kamura Wand"
      ],
      "character": "Aerith"
    },
    {
      "weapons": [
        "Ivy Collar",
        "Pilot's Collar"
      ],
      "character": "Red XIII"
    }
  ],
  [
    {
      "weapons": [
        "Crimson Staff",
        "Terra's Rod"
      ],
      "character": "Aerith"
    },
    {
      "weapons": [
        "Silver Collar",
        "Sleek Collar"
      ],
      "character": "Red XIII"
    }
  ],
  [
    {
      "weapons": [
        "Crimson Staff",
        "Kamura Wand"
      ],
      "character": "Aerith"
    },
    {
      "weapons": [
        "Ivy Collar",
        "Silver Collar"
      ],
      "character": "Red XIII"
    }
  ],
  [
    {
      "weapons": [
        "Crimson Staff",
        "Terra's Rod"
      ],
      "character": "Aerith"
    },
    {
      "weapons": [
        "Syringe Rapier"
      ],
      "character": "Matt"
    }
  ],
  [
    {
      "weapons": [
        "Crimson Staff",
        "Terra's Rod"
      ],
      "character": "Aerith"
    },
    {
      "weapons": [
        "Pilot's Collar"
      ],
      "character": "Red XIII"
    }
  ],
  [
    {
      "weapons": [
        "Crimson Staff",
        "Terra's Rod"
      ],
      "character": "Aerith"
    },
    {
      "weapons": [
        "Bahamut Cutter"
      ],
      "character": "Yuffie"
    }
  ],
  [
    {
      "weapons": [
        "Crimson Staff"
      ],
      "character": "Aerith"
    },
    {
      "weapons": [
        "Ivy Collar",
        "Pilot's Collar"
      ],
      "character": "Red XIII"
    }
  ],
  [
    {
      "weapons": [
        "Crimson Staff"
      ],
      "character": "Aerith"
    },
    {
      "weapons": [
        "Bahamut Cutter",
        "Boomerang"
      ],
      "character": "Yuffie"
    }
  ],
  [
    {
      "weapons": [
        "Bahamut Rod",
        "Crimson Staff"
      ],
      "character": "Aerith"
    },
    {
      "weapons": [
        "Ivy Collar",
        "Pilot's Collar"
      ],
      "character": "Red XIII"
    }
  ],
  [
    {
      "weapons": [
        "Bahamut Rod",
        "Crimson Staff"
      ],
      "character": "Aerith"
    },
    {
      "weapons": [
        "Bahamut Cutter",
        "Boomerang"
      ],
      "character": "Yuffie"
    }
  ],
  [
    {
      "weapons": [
        "Crimson Staff",
        "Terra's Rod"
      ],
      "character": "Aerith"
    },
    {
      "weapons": [
        "Canyon Collar",
        "Sleek Collar"
      ],
      "character": "Red XIII"
    }
  ],
  [
    {
      "weapons": [
        "Crimson Staff",
        "Kamura Wand"
      ],
      "character": "Aerith"
    },
    {
      "weapons": [
        "Canyon Collar",
        "Ivy Collar"
      ],
      "character": "Red XIII"
    }
  ],
  [
    {
      "weapons": [
        "Crimson Staff",
        "Egg Staff"
      ],
      "character": "Aerith"
    },
    {
      "weapons": [
        "Ivy Collar",
        "Pilot's Collar"
      ],
      "character": "Red XIII"
    }
  ],
  [
    {
      "weapons": [
        "Crimson Staff",
        "Egg Staff"
      ],
      "character": "Aerith"
    },
    {
      "weapons": [
        "Bahamut Cutter",
        "Boomerang"
      ],
      "character": "Yuffie"
    }
  ],
  [
    {
      "weapons": [
        "Crimson Staff",
        "Fairy Tale"
      ],
      "character": "Aerith"
    },
    {
      "weapons": [
        "Ivy Collar",
        "Pilot's Collar"
      ],
      "character": "Red XIII"
    }
  ],
  [
    {
      "weapons": [
        "Crimson Staff",
        "Fairy Tale"
      ],
      "character": "Aerith"
    },
    {
      "weapons": [
        "Bahamut Cutter",
        "Boomerang"
      ],
      "character": "Yuffie"
    }
  ],
  [
    {
      "weapons": [
        "Crimson Staff",
        "Floral Wand"
      ],
      "character": "Aerith"
    },
    {
      "weapons": [
        "Ivy Collar",
        "Pilot's Collar"
      ],
      "character": "Red XIII"
    }
  ],
  [
    {
      "weapons": [
        "Crimson Staff",
        "Floral Wand"
      ],
      "character": "Aerith"
    },
    {
      "weapons": [
        "Bahamut Cutter",
        "Boomerang"
      ],
      "character": "Yuffie"
    }
  ],
  [
    {
      "weapons": [
        "Crimson Staff",
        "Gambanteinn"
      ],
      "character": "Aerith"
    },
    {
      "weapons": [
        "Ivy Collar",
        "Pilot's Collar"
      ],
      "character": "Red XIII"
    }
  ],
  [
    {
      "weapons": [
        "Crimson Staff",
        "Gambanteinn"
      ],
      "character": "Aerith"
    },
    {
      "weapons": [
        "Bahamut Cutter",
        "Boomerang"
      ],
      "character": "Yuffie"
    }
  ],
  [
    {
      "weapons": [
        "Crimson Staff",
        "Kamura Wand"
      ],
      "character": "Aerith"
    },
    {
      "weapons": [
        "Bahamut Cutter",
        "Boomerang"
      ],
      "character": "Yuffie"
    }
  ],
  [
    {
      "weapons": [
        "Crimson Staff",
        "Snowflake"
      ],
      "character": "Aerith"
    },
    {
      "weapons": [
        "Ivy Collar",
        "Pilot's Collar"
      ],
      "character": "Red XIII"
    }
  ],
  [
    {
      "weapons": [
        "Crimson Staff",
        "Snowflake"
      ],
      "character": "Aerith"
    },
    {
      "weapons": [
        "Bahamut Cutter",
        "Boomerang"
      ],
      "character": "Yuffie"
    }
  ],
  [
    {
      "weapons": [
        "Crimson Staff",
        "Terra's Rod"
      ],
      "character": "Aerith"
    },
    {
      "weapons": [
        "Ivy Collar",
        "Pilot's Collar"
      ],
      "character": "Red XIII"
    }
  ],
  [
    {
      "weapons": [
        "Crimson Staff",
        "Terra's Rod"
      ],
      "character": "Aerith"
    },
    {
      "weapons": [
        "Bahamut Cutter",
        "Boomerang"
      ],
      "character": "Yuffie"
    }
  ],
  [
    {
      "weapons": [
        "Crimson Staff",
        "Umbrella"
      ],
      "character": "Aerith"
    },
    {
      "weapons": [
        "Ivy Collar",
        "Pilot's Collar"
      ],
      "character": "Red XIII"
    }
  ],
  [
    {
      "weapons": [
        "Crimson Staff",
        "Umbrella"
      ],
      "character": "Aerith"
    },
    {
      "weapons": [
        "Bahamut Cutter",
        "Boomerang"
      ],
      "character": "Yuffie"
    }
  ],
  [
    {
      "weapons": [
        "Escutcheon Cannon",
        "Microlaser"
      ],
      "character": "Barret"
    },
    {
      "weapons": [
        "Canyon Collar",
        "Ivy Collar"
      ],
      "character": "Red XIII"
    }
  ],
  [
    {
      "weapons": [
        "Crimson Staff",
        "Terra's Rod"
      ],
      "character": "Aerith"
    },
    {
      "weapons": [
        "Bramble Spine",
        "Syringe Rapier"
      ],
      "character": "Matt"
    }
  ],
  [
    {
      "weapons": [
        "Crimson Staff",
        "Terra's Rod"
      ],
      "character": "Aerith"
    },
    {
      "weapons": [
        "Centipede",
        "Syringe Rapier"
      ],
      "character": "Matt"
    }
  ],
  [
    {
      "weapons": [
        "Crimson Staff",
        "Terra's Rod"
      ],
      "character": "Aerith"
    },
    {
      "weapons": [
        "Foam Sword",
        "Syringe Rapier"
      ],
      "character": "Matt"
    }
  ],
  [
    {
      "weapons": [
        "Crimson Staff",
        "Terra's Rod"
      ],
      "character": "Aerith"
    },
    {
      "weapons": [
        "Luminary Sword",
        "Syringe Rapier"
      ],
      "character": "Matt"
    }
  ],
  [
    {
      "weapons": [
        "Crimson Staff",
        "Terra's Rod"
      ],
      "character": "Aerith"
    },
    {
      "weapons": [
        "Nautilus Spiral",
        "Syringe Rapier"
      ],
      "character": "Matt"
    }
  ],
  [
    {
      "weapons": [
        "Crimson Staff",
        "Terra's Rod"
      ],
      "character": "Aerith"
    },
    {
      "weapons": [
        "Prime Number",
        "Syringe Rapier"
      ],
      "character": "Matt"
    }
  ],
  [
    {
      "weapons": [
        "Crimson Staff",
        "Terra's Rod"
      ],
      "character": "Aerith"
    },
    {
      "weapons": [
        "Brilliant Collar",
        "Pilot's Collar"
      ],
      "character": "Red XIII"
    }
  ],
  [
    {
      "weapons": [
        "Escutcheon Cannon",
        "Sharkslayer"
      ],
      "character": "Barret"
    },
    {
      "weapons": [
        "Brilliant Collar",
        "Canyon Collar"
      ],
      "character": "Red XIII"
    }
  ],
  [
    {
      "weapons": [
        "Crimson Staff",
        "Terra's Rod"
      ],
      "character": "Aerith"
    },
    {
      "weapons": [
        "Headphones",
        "Pilot's Collar"
      ],
      "character": "Red XIII"
    }
  ],
  [
    {
      "weapons": [
        "Escutcheon Cannon",
        "Sharkslayer"
      ],
      "character": "Barret"
    },
    {
      "weapons": [
        "Canyon Collar",
        "Headphones"
      ],
      "character": "Red XIII"
    }
  ],
  [
    {
      "weapons": [
        "Escutcheon Cannon",
        "Sharkslayer"
      ],
      "character": "Barret"
    },
    {
      "weapons": [
        "Canyon Collar",
        "Pilot's Collar"
      ],
      "character": "Red XIII"
    }
  ],
  [
    {
      "weapons": [
        "Crimson Staff",
        "Terra's Rod"
      ],
      "character": "Aerith"
    },
    {
      "weapons": [
        "Pilot's Collar",
        "Silver Collar"
      ],
      "character": "Red XIII"
    }
  ],
  [
    {
      "weapons": [
        "Escutcheon Cannon",
        "Sharkslayer"
      ],
      "character": "Barret"
    },
    {
      "weapons": [
        "Canyon Collar",
        "Silver Collar"
      ],
      "character": "Red XIII"
    }
  ],
  [
    {
      "weapons": [
        "Crimson Staff",
        "Kamura Wand"
      ],
      "character": "Aerith"
    },
    {
      "weapons": [
        "Withering Blaze"
      ],
      "character": "Sephiroth"
    }
  ],
  [
    {
      "weapons": [
        "Crimson Staff",
        "Terra's Rod"
      ],
      "character": "Aerith"
    },
    {
      "weapons": [
        "Canyon Collar",
        "Pilot's Collar"
      ],
      "character": "Red XIII"
    }
  ],
  [
    {
      "weapons": [
        "Kamura Wand",
        "Terra's Rod"
      ],
      "character": "Aerith"
    },
    {
      "weapons": [
        "Brilliant Collar",
        "Canyon Collar"
      ],
      "character": "Red XIII"
    }
  ],
  [
    {
      "weapons": [
        "Core Defender",
        "Luminary Sword"
      ],
      "character": "Matt"
    },
    {
      "weapons": [
        "Canyon Collar",
        "Ivy Collar"
      ],
      "character": "Red XIII"
    }
  ],
  [
    {
      "weapons": [
        "Brilliant Collar",
        "Canyon Collar"
      ],
      "character": "Red XIII"
    },
    {
      "weapons": [
        "Bahamut Cutter",
        "Boomerang"
      ],
      "character": "Yuffie"
    }
  ],
  [
    {
      "weapons": [
        "Luminary Sword",
        "Syringe Rapier"
      ],
      "character": "Matt"
    },
    {
      "weapons": [
        "Canyon Collar",
        "Ivy Collar"
      ],
      "character": "Red XIII"
    }
  ],
  [
    {
      "weapons": [
        "Crimson Staff",
        "Terra's Rod"
      ],
      "character": "Aerith"
    },
    {
      "weapons": [
        "Hardcore Squad"
      ],
      "character": "Glenn"
    }
  ],
  [
    {
      "weapons": [
        "Crimson Staff",
        "Mythril Rod"
      ],
      "character": "Aerith"
    },
    {
      "weapons": [
        "Volcanic Heat"
      ],
      "character": "Angeal"
    }
  ],
  [
    {
      "weapons": [
        "Crimson Staff",
        "Mythril Rod"
      ],
      "character": "Aerith"
    },
    {
      "weapons": [
        "Sharkslayer"
      ],
      "character": "Barret"
    }
  ],
  [
    {
      "weapons": [
        "Crimson Staff",
        "Mythril Rod"
      ],
      "character": "Aerith"
    },
    {
      "weapons": [
        "Gold Megaphone"
      ],
      "character": "Cait Sith"
    }
  ],
  [
    {
      "weapons": [
        "Crimson Staff",
        "Mythril Rod"
      ],
      "character": "Aerith"
    },
    {
      "weapons": [
        "Marine Shooter"
      ],
      "character": "Lucia"
    }
  ],
  [
    {
      "weapons": [
        "Crimson Staff",
        "Kamura Wand"
      ],
      "character": "Aerith"
    },
    {
      "weapons": [
        "Flame Dragon's Band"
      ],
      "character": "Red XIII"
    }
  ],
  [
    {
      "weapons": [
        "Crimson Staff"
      ],
      "character": "Aerith"
    },
    {
      "weapons": [
        "Flame Dragon's Band",
        "Sleek Collar"
      ],
      "character": "Red XIII"
    }
  ],
  [
    {
      "weapons": [
        "Crimson Staff",
        "Mythril Rod"
      ],
      "character": "Aerith"
    },
    {
      "weapons": [
        "Ivy Collar"
      ],
      "character": "Red XIII"
    }
  ],
  [
    {
      "weapons": [
        "Crimson Staff",
        "Kamura Wand"
      ],
      "character": "Aerith"
    },
    {
      "weapons": [
        "Flame Dragon Blade"
      ],
      "character": "Sephiroth"
    }
  ],
  [
    {
      "weapons": [
        "Crimson Staff",
        "Mythril Rod"
      ],
      "character": "Aerith"
    },
    {
      "weapons": [
        "Radiant Edge"
      ],
      "character": "Sephiroth"
    }
  ],
  [
    {
      "weapons": [
        "Crimson Staff",
        "Mythril Rod"
      ],
      "character": "Aerith"
    },
    {
      "weapons": [
        "Boomerang"
      ],
      "character": "Yuffie"
    }
  ],
  [
    {
      "weapons": [
        "Bahamut Rod",
        "Crimson Staff"
      ],
      "character": "Aerith"
    },
    {
      "weapons": [
        "Flame Dragon's Band",
        "Sleek Collar"
      ],
      "character": "Red XIII"
    }
  ],
  [
    {
      "weapons": [
        "Crimson Staff",
        "Terra's Rod"
      ],
      "character": "Aerith"
    },
    {
      "weapons": [
        "Gold Collar",
        "Sleek Collar"
      ],
      "character": "Red XIII"
    }
  ],
  [
    {
      "weapons": [
        "Crimson Staff",
        "Kamura Wand"
      ],
      "character": "Aerith"
    },
    {
      "weapons": [
        "Gold Collar",
        "Ivy Collar"
      ],
      "character": "Red XIII"
    }
  ],
  [
    {
      "weapons": [
        "Crimson Staff",
        "Mythril Rod"
      ],
      "character": "Aerith"
    },
    {
      "weapons": [
        "Escutcheon Cannon",
        "Sharkslayer"
      ],
      "character": "Barret"
    }
  ],
  [
    {
      "weapons": [
        "Crimson Staff",
        "Kamura Wand"
      ],
      "character": "Aerith"
    },
    {
      "weapons": [
        "Gold Megaphone",
        "Trumpet Shell"
      ],
      "character": "Cait Sith"
    }
  ],
  [
    {
      "weapons": [
        "Crimson Staff",
        "Egg Staff"
      ],
      "character": "Aerith"
    },
    {
      "weapons": [
        "Flame Dragon's Band",
        "Sleek Collar"
      ],
      "character": "Red XIII"
    }
  ],
  [
    {
      "weapons": [
        "Crimson Staff",
        "Fairy Tale"
      ],
      "character": "Aerith"
    },
    {
      "weapons": [
        "Flame Dragon's Band",
        "Sleek Collar"
      ],
      "character": "Red XIII"
    }
  ],
  [
    {
      "weapons": [
        "Crimson Staff",
        "Floral Wand"
      ],
      "character": "Aerith"
    },
    {
      "weapons": [
        "Flame Dragon's Band",
        "Sleek Collar"
      ],
      "character": "Red XIII"
    }
  ],
  [
    {
      "weapons": [
        "Crimson Staff",
        "Gambanteinn"
      ],
      "character": "Aerith"
    },
    {
      "weapons": [
        "Flame Dragon's Band",
        "Sleek Collar"
      ],
      "character": "Red XIII"
    }
  ],
  [
    {
      "weapons": [
        "Crimson Staff",
        "Kamura Wand"
      ],
      "character": "Aerith"
    },
    {
      "weapons": [
        "Flame Dragon's Band",
        "Sleek Collar"
      ],
      "character": "Red XIII"
    }
  ],
  [
    {
      "weapons": [
        "Crimson Staff",
        "Snowflake"
      ],
      "character": "Aerith"
    },
    {
      "weapons": [
        "Flame Dragon's Band",
        "Sleek Collar"
      ],
      "character": "Red XIII"
    }
  ],
  [
    {
      "weapons": [
        "Crimson Staff",
        "Terra's Rod"
      ],
      "character": "Aerith"
    },
    {
      "weapons": [
        "Flame Dragon's Band",
        "Sleek Collar"
      ],
      "character": "Red XIII"
    }
  ],
  [
    {
      "weapons": [
        "Crimson Staff",
        "Umbrella"
      ],
      "character": "Aerith"
    },
    {
      "weapons": [
        "Flame Dragon's Band",
        "Sleek Collar"
      ],
      "character": "Red XIII"
    }
  ],
  [
    {
      "weapons": [
        "Crimson Staff",
        "Mythril Rod"
      ],
      "character": "Aerith"
    },
    {
      "weapons": [
        "Microlaser",
        "Sharkslayer"
      ],
      "character": "Barret"
    }
  ],
  [
    {
      "weapons": [
        "Escutcheon Cannon",
        "Microlaser"
      ],
      "character": "Barret"
    },
    {
      "weapons": [
        "Gold Collar",
        "Ivy Collar"
      ],
      "character": "Red XIII"
    }
  ],
  [
    {
      "weapons": [
        "Crimson Staff",
        "Kamura Wand"
      ],
      "character": "Aerith"
    },
    {
      "weapons": [
        "Brilliant Collar",
        "Flame Dragon's Band"
      ],
      "character": "Red XIII"
    }
  ],
  [
    {
      "weapons": [
        "Crimson Staff",
        "Mythril Rod"
      ],
      "character": "Aerith"
    },
    {
      "weapons": [
        "Brilliant Collar",
        "Ivy Collar"
      ],
      "character": "Red XIII"
    }
  ],
  [
    {
      "weapons": [
        "Escutcheon Cannon",
        "Sharkslayer"
      ],
      "character": "Barret"
    },
    {
      "weapons": [
        "Brilliant Collar",
        "Gold Collar"
      ],
      "character": "Red XIII"
    }
  ],
  [
    {
      "weapons": [
        "Crimson Staff",
        "Kamura Wand"
      ],
      "character": "Aerith"
    },
    {
      "weapons": [
        "Flame Dragon's Band",
        "Headphones"
      ],
      "character": "Red XIII"
    }
  ],
  [
    {
      "weapons": [
        "Crimson Staff",
        "Mythril Rod"
      ],
      "character": "Aerith"
    },
    {
      "weapons": [
        "Headphones",
        "Ivy Collar"
      ],
      "character": "Red XIII"
    }
  ],
  [
    {
      "weapons": [
        "Escutcheon Cannon",
        "Sharkslayer"
      ],
      "character": "Barret"
    },
    {
      "weapons": [
        "Gold Collar",
        "Headphones"
      ],
      "character": "Red XIII"
    }
  ],
  [
    {
      "weapons": [
        "Crimson Staff",
        "Kamura Wand"
      ],
      "character": "Aerith"
    },
    {
      "weapons": [
        "Flame Dragon's Band",
        "Pilot's Collar"
      ],
      "character": "Red XIII"
    }
  ],
  [
    {
      "weapons": [
        "Crimson Staff",
        "Mythril Rod"
      ],
      "character": "Aerith"
    },
    {
      "weapons": [
        "Ivy Collar",
        "Pilot's Collar"
      ],
      "character": "Red XIII"
    }
  ],
  [
    {
      "weapons": [
        "Escutcheon Cannon",
        "Sharkslayer"
      ],
      "character": "Barret"
    },
    {
      "weapons": [
        "Gold Collar",
        "Pilot's Collar"
      ],
      "character": "Red XIII"
    }
  ],
  [
    {
      "weapons": [
        "Crimson Staff",
        "Kamura Wand"
      ],
      "character": "Aerith"
    },
    {
      "weapons": [
        "Flame Dragon's Band",
        "Silver Collar"
      ],
      "character": "Red XIII"
    }
  ],
  [
    {
      "weapons": [
        "Crimson Staff",
        "Mythril Rod"
      ],
      "character": "Aerith"
    },
    {
      "weapons": [
        "Ivy Collar",
        "Silver Collar"
      ],
      "character": "Red XIII"
    }
  ],
  [
    {
      "weapons": [
        "Escutcheon Cannon",
        "Sharkslayer"
      ],
      "character": "Barret"
    },
    {
      "weapons": [
        "Gold Collar",
        "Silver Collar"
      ],
      "character": "Red XIII"
    }
  ],
  [
    {
      "weapons": [
        "Crimson Staff",
        "Kamura Wand"
      ],
      "character": "Aerith"
    },
    {
      "weapons": [
        "Chocobo Paddle"
      ],
      "character": "Cloud"
    }
  ],
  [
    {
      "weapons": [
        "Crimson Staff"
      ],
      "character": "Aerith"
    },
    {
      "weapons": [
        "Bandaged Sword",
        "Chocobo Paddle"
      ],
      "character": "Cloud"
    }
  ],
  [
    {
      "weapons": [
        "Crimson Staff"
      ],
      "character": "Aerith"
    },
    {
      "weapons": [
        "Flame Dragon's Band",
        "Pilot's Collar"
      ],
      "character": "Red XIII"
    }
  ],
  [
    {
      "weapons": [
        "Crimson Staff",
        "Kamura Wand"
      ],
      "character": "Aerith"
    },
    {
      "weapons": [
        "Shinra Wyvern Blade"
      ],
      "character": "Sephiroth"
    }
  ],
  [
    {
      "weapons": [
        "Crimson Staff",
        "Kamura Wand"
      ],
      "character": "Aerith"
    },
    {
      "weapons": [
        "Mallet of Luck"
      ],
      "character": "Yuffie"
    }
  ],
  [
    {
      "weapons": [
        "Bahamut Rod",
        "Crimson Staff"
      ],
      "character": "Aerith"
    },
    {
      "weapons": [
        "Bandaged Sword",
        "Chocobo Paddle"
      ],
      "character": "Cloud"
    }
  ],
  [
    {
      "weapons": [
        "Bahamut Rod",
        "Crimson Staff"
      ],
      "character": "Aerith"
    },
    {
      "weapons": [
        "Flame Dragon's Band",
        "Pilot's Collar"
      ],
      "character": "Red XIII"
    }
  ],
  [
    {
      "weapons": [
        "Crimson Staff",
        "Kamura Wand"
      ],
      "character": "Aerith"
    },
    {
      "weapons": [
        "Canyon Collar",
        "Flame Dragon's Band"
      ],
      "character": "Red XIII"
    }
  ],
  [
    {
      "weapons": [
        "Crimson Staff",
        "Mythril Rod"
      ],
      "character": "Aerith"
    },
    {
      "weapons": [
        "Canyon Collar",
        "Ivy Collar"
      ],
      "character": "Red XIII"
    }
  ],
  [
    {
      "weapons": [
        "Crimson Staff",
        "Terra's Rod"
      ],
      "character": "Aerith"
    },
    {
      "weapons": [
        "Gold Collar",
        "Pilot's Collar"
      ],
      "character": "Red XIII"
    }
  ],
  [
    {
      "weapons": [
        "Crimson Staff",
        "Egg Staff"
      ],
      "character": "Aerith"
    },
    {
      "weapons": [
        "Bandaged Sword",
        "Chocobo Paddle"
      ],
      "character": "Cloud"
    }
  ],
  [
    {
      "weapons": [
        "Crimson Staff",
        "Egg Staff"
      ],
      "character": "Aerith"
    },
    {
      "weapons": [
        "Flame Dragon's Band",
        "Pilot's Collar"
      ],
      "character": "Red XIII"
    }
  ],
  [
    {
      "weapons": [
        "Crimson Staff",
        "Fairy Tale"
      ],
      "character": "Aerith"
    },
    {
      "weapons": [
        "Bandaged Sword",
        "Chocobo Paddle"
      ],
      "character": "Cloud"
    }
  ],
  [
    {
      "weapons": [
        "Crimson Staff",
        "Fairy Tale"
      ],
      "character": "Aerith"
    },
    {
      "weapons": [
        "Flame Dragon's Band",
        "Pilot's Collar"
      ],
      "character": "Red XIII"
    }
  ],
  [
    {
      "weapons": [
        "Crimson Staff",
        "Floral Wand"
      ],
      "character": "Aerith"
    },
    {
      "weapons": [
        "Bandaged Sword",
        "Chocobo Paddle"
      ],
      "character": "Cloud"
    }
  ],
  [
    {
      "weapons": [
        "Crimson Staff",
        "Floral Wand"
      ],
      "character": "Aerith"
    },
    {
      "weapons": [
        "Flame Dragon's Band",
        "Pilot's Collar"
      ],
      "character": "Red XIII"
    }
  ],
  [
    {
      "weapons": [
        "Crimson Staff",
        "Gambanteinn"
      ],
      "character": "Aerith"
    },
    {
      "weapons": [
        "Bandaged Sword",
        "Chocobo Paddle"
      ],
      "character": "Cloud"
    }
  ],
  [
    {
      "weapons": [
        "Crimson Staff",
        "Gambanteinn"
      ],
      "character": "Aerith"
    },
    {
      "weapons": [
        "Flame Dragon's Band",
        "Pilot's Collar"
      ],
      "character": "Red XIII"
    }
  ],
  [
    {
      "weapons": [
        "Crimson Staff",
        "Kamura Wand"
      ],
      "character": "Aerith"
    },
    {
      "weapons": [
        "Bandaged Sword",
        "Chocobo Paddle"
      ],
      "character": "Cloud"
    }
  ],
  [
    {
      "weapons": [
        "Kamura Wand",
        "Terra's Rod"
      ],
      "character": "Aerith"
    },
    {
      "weapons": [
        "Brilliant Collar",
        "Gold Collar"
      ],
      "character": "Red XIII"
    }
  ],
  [
    {
      "weapons": [
        "Crimson Staff",
        "Snowflake"
      ],
      "character": "Aerith"
    },
    {
      "weapons": [
        "Bandaged Sword",
        "Chocobo Paddle"
      ],
      "character": "Cloud"
    }
  ],
  [
    {
      "weapons": [
        "Crimson Staff",
        "Snowflake"
      ],
      "character": "Aerith"
    },
    {
      "weapons": [
        "Flame Dragon's Band",
        "Pilot's Collar"
      ],
      "character": "Red XIII"
    }
  ],
  [
    {
      "weapons": [
        "Crimson Staff",
        "Terra's Rod"
      ],
      "character": "Aerith"
    },
    {
      "weapons": [
        "Bandaged Sword",
        "Chocobo Paddle"
      ],
      "character": "Cloud"
    }
  ],
  [
    {
      "weapons": [
        "Crimson Staff",
        "Terra's Rod"
      ],
      "character": "Aerith"
    },
    {
      "weapons": [
        "Flame Dragon's Band",
        "Pilot's Collar"
      ],
      "character": "Red XIII"
    }
  ],
  [
    {
      "weapons": [
        "Crimson Staff",
        "Umbrella"
      ],
      "character": "Aerith"
    },
    {
      "weapons": [
        "Bandaged Sword",
        "Chocobo Paddle"
      ],
      "character": "Cloud"
    }
  ],
  [
    {
      "weapons": [
        "Crimson Staff",
        "Umbrella"
      ],
      "character": "Aerith"
    },
    {
      "weapons": [
        "Flame Dragon's Band",
        "Pilot's Collar"
      ],
      "character": "Red XIII"
    }
  ],
  [
    {
      "weapons": [
        "Escutcheon Cannon",
        "Microlaser"
      ],
      "character": "Barret"
    },
    {
      "weapons": [
        "Canyon Collar",
        "Flame Dragon's Band"
      ],
      "character": "Red XIII"
    }
  ],
  [
    {
      "weapons": [
        "Crimson Staff",
        "Kamura Wand"
      ],
      "character": "Aerith"
    },
    {
      "weapons": [
        "Chocobo Paddle",
        "Crystal Sword"
      ],
      "character": "Cloud"
    }
  ],
  [
    {
      "weapons": [
        "Crimson Staff",
        "Mythril Rod"
      ],
      "character": "Aerith"
    },
    {
      "weapons": [
        "Withering Blaze"
      ],
      "character": "Sephiroth"
    }
  ],
  [
    {
      "weapons": [
        "Crimson Staff"
      ],
      "character": "Aerith"
    },
    {
      "weapons": [
        "Bahamut Cutter",
        "Mallet of Luck"
      ],
      "character": "Yuffie"
    }
  ],
  [
    {
      "weapons": [
        "Bahamut Rod",
        "Crimson Staff"
      ],
      "character": "Aerith"
    },
    {
      "weapons": [
        "Bahamut Cutter",
        "Mallet of Luck"
      ],
      "character": "Yuffie"
    }
  ],
  [
    {
      "weapons": [
        "Crimson Staff",
        "Egg Staff"
      ],
      "character": "Aerith"
    },
    {
      "weapons": [
        "Bahamut Cutter",
        "Mallet of Luck"
      ],
      "character": "Yuffie"
    }
  ],
  [
    {
      "weapons": [
        "Crimson Staff",
        "Fairy Tale"
      ],
      "character": "Aerith"
    },
    {
      "weapons": [
        "Bahamut Cutter",
        "Mallet of Luck"
      ],
      "character": "Yuffie"
    }
  ],
  [
    {
      "weapons": [
        "Crimson Staff",
        "Floral Wand"
      ],
      "character": "Aerith"
    },
    {
      "weapons": [
        "Bahamut Cutter",
        "Mallet of Luck"
      ],
      "character": "Yuffie"
    }
  ],
  [
    {
      "weapons": [
        "Crimson Staff",
        "Gambanteinn"
      ],
      "character": "Aerith"
    },
    {
      "weapons": [
        "Bahamut Cutter",
        "Mallet of Luck"
      ],
      "character": "Yuffie"
    }
  ],
  [
    {
      "weapons": [
        "Crimson Staff",
        "Kamura Wand"
      ],
      "character": "Aerith"
    },
    {
      "weapons": [
        "Bahamut Cutter",
        "Mallet of Luck"
      ],
      "character": "Yuffie"
    }
  ],
  [
    {
      "weapons": [
        "Crimson Staff",
        "Snowflake"
      ],
      "character": "Aerith"
    },
    {
      "weapons": [
        "Bahamut Cutter",
        "Mallet of Luck"
      ],
      "character": "Yuffie"
    }
  ],
  [
    {
      "weapons": [
        "Crimson Staff",
        "Terra's Rod"
      ],
      "character": "Aerith"
    },
    {
      "weapons": [
        "Bahamut Cutter",
        "Mallet of Luck"
      ],
      "character": "Yuffie"
    }
  ],
  [
    {
      "weapons": [
        "Mythril Rod",
        "Terra's Rod"
      ],
      "character": "Aerith"
    },
    {
      "weapons": [
        "Brilliant Collar",
        "Canyon Collar"
      ],
      "character": "Red XIII"
    }
  ],
  [
    {
      "weapons": [
        "Crimson Staff",
        "Umbrella"
      ],
      "character": "Aerith"
    },
    {
      "weapons": [
        "Bahamut Cutter",
        "Mallet of Luck"
      ],
      "character": "Yuffie"
    }
  ],
  [
    {
      "weapons": [
        "Core Defender",
        "Luminary Sword"
      ],
      "character": "Matt"
    },
    {
      "weapons": [
        "Gold Collar",
        "Ivy Collar"
      ],
      "character": "Red XIII"
    }
  ],
  [
    {
      "weapons": [
        "Brilliant Collar",
        "Gold Collar"
      ],
      "character": "Red XIII"
    },
    {
      "weapons": [
        "Bahamut Cutter",
        "Boomerang"
      ],
      "character": "Yuffie"
    }
  ],
  [
    {
      "weapons": [
        "Gold Megaphone",
        "Trumpet Shell"
      ],
      "character": "Cait Sith"
    },
    {
      "weapons": [
        "Canyon Collar",
        "Pilot's Collar"
      ],
      "character": "Red XIII"
    }
  ],
  [
    {
      "weapons": [
        "Core Defender",
        "Luminary Sword"
      ],
      "character": "Matt"
    },
    {
      "weapons": [
        "Canyon Collar",
        "Flame Dragon's Band"
      ],
      "character": "Red XIII"
    }
  ],
  [
    {
      "weapons": [
        "Luminary Sword",
        "Syringe Rapier"
      ],
      "character": "Matt"
    },
    {
      "weapons": [
        "Gold Collar",
        "Ivy Collar"
      ],
      "character": "Red XIII"
    }
  ],
  [
    {
      "weapons": [
        "Bandaged Sword",
        "Chocobo Paddle"
      ],
      "character": "Cloud"
    },
    {
      "weapons": [
        "Brilliant Collar",
        "Canyon Collar"
      ],
      "character": "Red XIII"
    }
  ],
  [
    {
      "weapons": [
        "Luminary Sword",
        "Syringe Rapier"
      ],
      "character": "Matt"
    },
    {
      "weapons": [
        "Canyon Collar",
        "Flame Dragon's Band"
      ],
      "character": "Red XIII"
    }
  ],
  [
    {
      "weapons": [
        "Brilliant Collar",
        "Canyon Collar"
      ],
      "character": "Red XIII"
    },
    {
      "weapons": [
        "Bahamut Cutter",
        "Mallet of Luck"
      ],
      "character": "Yuffie"
    }
  ],
  [
    {
      "weapons": [
        "Crimson Staff",
        "Mythril Rod"
      ],
      "character": "Aerith"
    },
    {
      "weapons": [
        "Flame Dragon's Band"
      ],
      "character": "Red XIII"
    }
  ],
  [
    {
      "weapons": [
        "Crimson Staff",
        "Mythril Rod"
      ],
      "character": "Aerith"
    },
    {
      "weapons": [
        "Flame Dragon Blade"
      ],
      "character": "Sephiroth"
    }
  ],
  [
    {
      "weapons": [
        "Crimson Staff",
        "Kamura Wand"
      ],
      "character": "Aerith"
    },
    {
      "weapons": [
        "Flame Dragon's Band",
        "Gold Collar"
      ],
      "character": "Red XIII"
    }
  ],
  [
    {
      "weapons": [
        "Crimson Staff",
        "Mythril Rod"
      ],
      "character": "Aerith"
    },
    {
      "weapons": [
        "Gold Collar",
        "Ivy Collar"
      ],
      "character": "Red XIII"
    }
  ],
  [
    {
      "weapons": [
        "Crimson Staff",
        "Mythril Rod"
      ],
      "character": "Aerith"
    },
    {
      "weapons": [
        "Gold Megaphone",
        "Trumpet Shell"
      ],
      "character": "Cait Sith"
    }
  ],
  [
    {
      "weapons": [
        "Escutcheon Cannon",
        "Microlaser"
      ],
      "character": "Barret"
    },
    {
      "weapons": [
        "Flame Dragon's Band",
        "Gold Collar"
      ],
      "character": "Red XIII"
    }
  ],
  [
    {
      "weapons": [
        "Crimson Staff",
        "Mythril Rod"
      ],
      "character": "Aerith"
    },
    {
      "weapons": [
        "Brilliant Collar",
        "Flame Dragon's Band"
      ],
      "character": "Red XIII"
    }
  ],
  [
    {
      "weapons": [
        "Crimson Staff",
        "Mythril Rod"
      ],
      "character": "Aerith"
    },
    {
      "weapons": [
        "Flame Dragon's Band",
        "Headphones"
      ],
      "character": "Red XIII"
    }
  ],
  [
    {
      "weapons": [
        "Crimson Staff",
        "Mythril Rod"
      ],
      "character": "Aerith"
    },
    {
      "weapons": [
        "Flame Dragon's Band",
        "Pilot's Collar"
      ],
      "character": "Red XIII"
    }
  ],
  [
    {
      "weapons": [
        "Crimson Staff",
        "Mythril Rod"
      ],
      "character": "Aerith"
    },
    {
      "weapons": [
        "Flame Dragon's Band",
        "Silver Collar"
      ],
      "character": "Red XIII"
    }
  ],
  [
    {
      "weapons": [
        "Crimson Staff",
        "Mythril Rod"
      ],
      "character": "Aerith"
    },
    {
      "weapons": [
        "Chocobo Paddle"
      ],
      "character": "Cloud"
    }
  ],
  [
    {
      "weapons": [
        "Crimson Staff",
        "Mythril Rod"
      ],
      "character": "Aerith"
    },
    {
      "weapons": [
        "Shinra Wyvern Blade"
      ],
      "character": "Sephiroth"
    }
  ],
  [
    {
      "weapons": [
        "Crimson Staff",
        "Mythril Rod"
      ],
      "character": "Aerith"
    },
    {
      "weapons": [
        "Mallet of Luck"
      ],
      "character": "Yuffie"
    }
  ],
  [
    {
      "weapons": [
        "Crimson Staff",
        "Mythril Rod"
      ],
      "character": "Aerith"
    },
    {
      "weapons": [
        "Canyon Collar",
        "Flame Dragon's Band"
      ],
      "character": "Red XIII"
    }
  ],
  [
    {
      "weapons": [
        "Mythril Rod",
        "Terra's Rod"
      ],
      "character": "Aerith"
    },
    {
      "weapons": [
        "Brilliant Collar",
        "Gold Collar"
      ],
      "character": "Red XIII"
    }
  ],
  [
    {
      "weapons": [
        "Crimson Staff",
        "Mythril Rod"
      ],
      "character": "Aerith"
    },
    {
      "weapons": [
        "Chocobo Paddle",
        "Crystal Sword"
      ],
      "character": "Cloud"
    }
  ],
  [
    {
      "weapons": [
        "Gold Megaphone",
        "Trumpet Shell"
      ],
      "character": "Cait Sith"
    },
    {
      "weapons": [
        "Gold Collar",
        "Pilot's Collar"
      ],
      "character": "Red XIII"
    }
  ],
  [
    {
      "weapons": [
        "Core Defender",
        "Luminary Sword"
      ],
      "character": "Matt"
    },
    {
      "weapons": [
        "Flame Dragon's Band",
        "Gold Collar"
      ],
      "character": "Red XIII"
    }
  ],
  [
    {
      "weapons": [
        "Bandaged Sword",
        "Chocobo Paddle"
      ],
      "character": "Cloud"
    },
    {
      "weapons": [
        "Brilliant Collar",
        "Gold Collar"
      ],
      "character": "Red XIII"
    }
  ],
  [
    {
      "weapons": [
        "Luminary Sword",
        "Syringe Rapier"
      ],
      "character": "Matt"
    },
    {
      "weapons": [
        "Flame Dragon's Band",
        "Gold Collar"
      ],
      "character": "Red XIII"
    }
  ],
  [
    {
      "weapons": [
        "Brilliant Collar",
        "Gold Collar"
      ],
      "character": "Red XIII"
    },
    {
      "weapons": [
        "Bahamut Cutter",
        "Mallet of Luck"
      ],
      "character": "Yuffie"
    }
  ],
  [
    {
      "weapons": [
        "Crimson Staff",
        "Mythril Rod"
      ],
      "character": "Aerith"
    },
    {
      "weapons": [
        "Flame Dragon's Band",
        "Gold Collar"
      ],
      "character": "Red XIII"
    }
  ]
]
