[
  [
    "4-Point Shuriken",
    {
      "ownedOb": "OB6-10",
      "ignored": false,
      "distinctObs": [
        "OB0-5",
        "OB6-10"
      ]
    }
  ],
  [
    "Amarant's Claws",
    {
      "ownedOb": "OB6-10",
      "ignored": false,
      "distinctObs": [
        "OB0-5",
        "OB6-10"
      ]
    }
  ],
  [
    "Aonibi",
    {
      "ownedOb": "OB6-10",
      "ignored": false,
      "distinctObs": [
        "OB0-5",
        "OB6-10"
      ]
    }
  ],
  [
    "Arc Sword",
    {
      "ownedOb": "OB6-10",
      "ignored": false,
      "distinctObs": [
        "OB0-5",
        "OB6-10"
      ]
    }
  ],
  [
    "Arctic Star",
    {
      "ownedOb": "OB6-10",
      "ignored": false,
      "distinctObs": [
        "OB0-5",
        "OB6-10"
      ]
    }
  ],
  [
    "Assault Gun",
    {
      "ownedOb": "OB6-10",
      "ignored": false,
      "distinctObs": [
        "OB0-5",
        "OB6-10"
      ]
    }
  ],
  [
    "Bahamut Cutter",
    {
      "ownedOb": "OB6-10",
      "ignored": false,
      "distinctObs": [
        "OB0-5",
        "OB6-10"
      ]
    }
  ],
  [
    "Bahamut Fangs",
    {
      "ownedOb": "OB6-10",
      "ignored": false,
      "distinctObs": [
        "OB0-5",
        "OB6-10"
      ]
    }
  ],
  [
    "Bahamut Rod",
    {
      "ownedOb": "OB6-10",
      "ignored": false,
      "distinctObs": [
        "OB0-5",
        "OB6-10"
      ]
    }
  ],
  [
    "Bald Eagle",
    {
      "ownedOb": "OB6-10",
      "ignored": false,
      "distinctObs": [
        "OB0-5",
        "OB6-10"
      ]
    }
  ],
  [
    "Bandaged Sword",
    {
      "ownedOb": "OB6-10",
      "ignored": false,
      "distinctObs": [
        "OB0-5",
        "OB6-10"
      ]
    }
  ],
  [
    "Battle Trumpet",
    {
      "ownedOb": "OB6-10",
      "ignored": false,
      "distinctObs": [
        "OB0-5",
        "OB6-10"
      ]
    }
  ],
  [
    "Best Wishes",
    {
      "ownedOb": "OB0-10",
      "ignored": false,
      "distinctObs": [
        "OB0-10"
      ]
    }
  ],
  [
    "Bird of Prey",
    {
      "ownedOb": "OB0-10",
      "ignored": false,
      "distinctObs": [
        "OB0-10"
      ]
    }
  ],
  [
    "Black Whiskers",
    {
      "ownedOb": "OB10",
      "ignored": false,
      "distinctObs": [
        "OB0-5",
        "OB6-9",
        "OB10"
      ]
    }
  ],
  [
    "Blade of Ruin",
    {
      "ownedOb": "OB0-10",
      "ignored": false,
      "distinctObs": [
        "OB0-10"
      ]
    }
  ],
  [
    "Blue Bramble",
    {
      "ownedOb": "OB6-10",
      "ignored": false,
      "distinctObs": [
        "OB0-5",
        "OB6-10"
      ]
    }
  ],
  [
    "Blue Daffodil Gloves",
    {
      "ownedOb": "OB0-10",
      "ignored": false,
      "distinctObs": [
        "OB0-10"
      ]
    }
  ],
  [
    "Boomerang",
    {
      "ownedOb": "OB6-10",
      "ignored": false,
      "distinctObs": [
        "OB0-5",
        "OB6-10"
      ]
    }
  ],
  [
    "Bramble Spine",
    {
      "ownedOb": "OB6-10",
      "ignored": false,
      "distinctObs": [
        "OB0-5",
        "OB6-10"
      ]
    }
  ],
  [
    "Bunny Gloves",
    {
      "ownedOb": "OB6-10",
      "ignored": false,
      "distinctObs": [
        "OB0-5",
        "OB6-10"
      ]
    }
  ],
  [
    "Butterfly Edge",
    {
      "ownedOb": "OB6-10",
      "ignored": false,
      "distinctObs": [
        "OB0-5",
        "OB6-10"
      ]
    }
  ],
  [
    "Canyon Collar",
    {
      "ownedOb": "OB6-10",
      "ignored": false,
      "distinctObs": [
        "OB0-5",
        "OB6-10"
      ]
    }
  ],
  [
    "Catsmegaphone",
    {
      "ownedOb": "OB0-10",
      "ignored": false,
      "distinctObs": [
        "OB0-10"
      ]
    }
  ],
  [
    "Centipede",
    {
      "ownedOb": "OB6-10",
      "ignored": false,
      "distinctObs": [
        "OB0-5",
        "OB6-10"
      ]
    }
  ],
  [
    "Ceremonial Sword (Z)",
    {
      "ownedOb": "OB6-10",
      "ignored": false,
      "distinctObs": [
        "OB0-5",
        "OB6-10"
      ]
    }
  ],
  [
    "Chiron",
    {
      "ownedOb": "OB6-10",
      "ignored": false,
      "distinctObs": [
        "OB0-5",
        "OB6-10"
      ]
    }
  ],
  [
    "Chocobo Paddle",
    {
      "ownedOb": "OB0-10",
      "ignored": false,
      "distinctObs": [
        "OB0-10"
      ]
    }
  ],
  [
    "Chocobo Staff",
    {
      "ownedOb": "OB6-10",
      "ignored": false,
      "distinctObs": [
        "OB0-5",
        "OB6-10"
      ]
    }
  ],
  [
    "Citric Wand",
    {
      "ownedOb": "OB6-10",
      "ignored": false,
      "distinctObs": [
        "OB0-5",
        "OB6-10"
      ]
    }
  ],
  [
    "Core Defender",
    {
      "ownedOb": "OB6-10",
      "ignored": false,
      "distinctObs": [
        "OB0-5",
        "OB6-10"
      ]
    }
  ],
  [
    "Crimson Staff",
    {
      "ownedOb": "OB6-10",
      "ignored": false,
      "distinctObs": [
        "OB0-5",
        "OB6-10"
      ]
    }
  ],
  [
    "Crystal Cross",
    {
      "ownedOb": "OB6-10",
      "ignored": false,
      "distinctObs": [
        "OB0-5",
        "OB6-10"
      ]
    }
  ],
  [
    "Crystal Megaphone",
    {
      "ownedOb": "OB6-10",
      "ignored": false,
      "distinctObs": [
        "OB0",
        "OB1-5",
        "OB6-10"
      ]
    }
  ],
  [
    "Crystal Sword",
    {
      "ownedOb": "OB0-10",
      "ignored": false,
      "distinctObs": [
        "OB0-10"
      ]
    }
  ],
  [
    "Cutlass",
    {
      "ownedOb": "OB6-10",
      "ignored": false,
      "distinctObs": [
        "OB0-5",
        "OB6-10"
      ]
    }
  ],
  [
    "Dawn's Prayers",
    {
      "ownedOb": "OB0-10",
      "ignored": false,
      "distinctObs": [
        "OB0-10"
      ]
    }
  ],
  [
    "Defender",
    {
      "ownedOb": "OB6-10",
      "ignored": false,
      "distinctObs": [
        "OB0-5",
        "OB6-10"
      ]
    }
  ],
  [
    "Egg Staff",
    {
      "ownedOb": "OB0-10",
      "ignored": false,
      "distinctObs": [
        "OB0-10"
      ]
    }
  ],
  [
    "Electrocannon",
    {
      "ownedOb": "OB6-10",
      "ignored": false,
      "distinctObs": [
        "OB0-5",
        "OB6-10"
      ]
    }
  ],
  [
    "Enhance Sword (Z)",
    {
      "ownedOb": "OB0-10",
      "ignored": false,
      "distinctObs": [
        "OB0-10"
      ]
    }
  ],
  [
    "Escutcheon Cannon",
    {
      "ownedOb": "OB6-10",
      "ignored": false,
      "distinctObs": [
        "OB0-5",
        "OB6-10"
      ]
    }
  ],
  [
    "Espee Rapiere Next-G",
    {
      "ownedOb": "OB0-10",
      "ignored": false,
      "distinctObs": [
        "OB0-10"
      ]
    }
  ],
  [
    "Fairy Tale",
    {
      "ownedOb": "OB0-10",
      "ignored": false,
      "distinctObs": [
        "OB0-10"
      ]
    }
  ],
  [
    "Feathered Gloves",
    {
      "ownedOb": "OB6-10",
      "ignored": false,
      "distinctObs": [
        "OB0-5",
        "OB6-10"
      ]
    }
  ],
  [
    "Featherscatter",
    {
      "ownedOb": "OB0-10",
      "ignored": false,
      "distinctObs": [
        "OB0-10"
      ]
    }
  ],
  [
    "Flame Dragon Blade",
    {
      "ownedOb": "OB6-10",
      "ignored": false,
      "distinctObs": [
        "OB0-5",
        "OB6-10"
      ]
    }
  ],
  [
    "Flame Dragon's Band",
    {
      "ownedOb": "OB6-10",
      "ignored": false,
      "distinctObs": [
        "OB0-5",
        "OB6-10"
      ]
    }
  ],
  [
    "Flayer",
    {
      "ownedOb": "OB0-10",
      "ignored": false,
      "distinctObs": [
        "OB0-10"
      ]
    }
  ],
  [
    "Floral Wand",
    {
      "ownedOb": "OB6-10",
      "ignored": false,
      "distinctObs": [
        "OB0-5",
        "OB6-10"
      ]
    }
  ],
  [
    "Flower Vase",
    {
      "ownedOb": "OB6-10",
      "ignored": false,
      "distinctObs": [
        "OB0-5",
        "OB6-10"
      ]
    }
  ],
  [
    "Foam Sword",
    {
      "ownedOb": "OB0-10",
      "ignored": false,
      "distinctObs": [
        "OB0-10"
      ]
    }
  ],
  [
    "Full Metal Staff",
    {
      "ownedOb": "OB6-10",
      "ignored": false,
      "distinctObs": [
        "OB0-5",
        "OB6-10"
      ]
    }
  ],
  [
    "Gambanteinn",
    {
      "ownedOb": "OB6-10",
      "ignored": false,
      "distinctObs": [
        "OB0-5",
        "OB6-10"
      ]
    }
  ],
  [
    "Gargantuan Monolith",
    {
      "ownedOb": "OB6-10",
      "ignored": false,
      "distinctObs": [
        "OB0-5",
        "OB6-10"
      ]
    }
  ],
  [
    "Garnet's Rod",
    {
      "ownedOb": "OB6-10",
      "ignored": false,
      "distinctObs": [
        "OB0-5",
        "OB6-10"
      ]
    }
  ],
  [
    "Giant Fork",
    {
      "ownedOb": "OB0-10",
      "ignored": false,
      "distinctObs": [
        "OB0-10"
      ]
    }
  ],
  [
    "Glavenus Sword",
    {
      "ownedOb": "OB6-10",
      "ignored": false,
      "distinctObs": [
        "OB0-5",
        "OB6-10"
      ]
    }
  ],
  [
    "Gold Collar",
    {
      "ownedOb": "OB6-10",
      "ignored": false,
      "distinctObs": [
        "OB0-5",
        "OB6-10"
      ]
    }
  ],
  [
    "Gold Megaphone",
    {
      "ownedOb": "OB10",
      "ignored": false,
      "distinctObs": [
        "OB0-5",
        "OB6-9",
        "OB10"
      ]
    }
  ],
  [
    "Grand Gloves",
    {
      "ownedOb": "OB0-10",
      "ignored": false,
      "distinctObs": [
        "OB0-10"
      ]
    }
  ],
  [
    "Greatsword (A)",
    {
      "ownedOb": "OB6-10",
      "ignored": false,
      "distinctObs": [
        "OB0-5",
        "OB6-10"
      ]
    }
  ],
  [
    "Green Megaphone",
    {
      "ownedOb": "OB6-10",
      "ignored": false,
      "distinctObs": [
        "OB0-5",
        "OB6-10"
      ]
    }
  ],
  [
    "Guard Stick",
    {
      "ownedOb": "OB6-10",
      "ignored": false,
      "distinctObs": [
        "OB0-5",
        "OB6-10"
      ]
    }
  ],
  [
    "Hardcore Squad",
    {
      "ownedOb": "OB6-10",
      "ignored": false,
      "distinctObs": [
        "OB0-5",
        "OB6-10"
      ]
    }
  ],
  [
    "Hardedge",
    {
      "ownedOb": "OB6-10",
      "ignored": false,
      "distinctObs": [
        "OB0-5",
        "OB6-10"
      ]
    }
  ],
  [
    "Headphones",
    {
      "ownedOb": "OB0-10",
      "ignored": false,
      "distinctObs": [
        "OB0-10"
      ]
    }
  ],
  [
    "Heavy Vulcan",
    {
      "ownedOb": "OB6-10",
      "ignored": false,
      "distinctObs": [
        "OB0-5",
        "OB6-10"
      ]
    }
  ],
  [
    "Hell House Cannon",
    {
      "ownedOb": "OB0-10",
      "ignored": false,
      "distinctObs": [
        "OB0-10"
      ]
    }
  ],
  [
    "Hell House Collar",
    {
      "ownedOb": "OB0-10",
      "ignored": false,
      "distinctObs": [
        "OB0-10"
      ]
    }
  ],
  [
    "Holiday Bell",
    {
      "ownedOb": "OB6-10",
      "ignored": false,
      "distinctObs": [
        "OB0-5",
        "OB6-10"
      ]
    }
  ],
  [
    "Icebolt Megaphone",
    {
      "ownedOb": "OB6-10",
      "ignored": false,
      "distinctObs": [
        "OB0-5",
        "OB6-10"
      ]
    }
  ],
  [
    "Icebolt Shooter",
    {
      "ownedOb": "OB6-10",
      "ignored": false,
      "distinctObs": [
        "OB0-5",
        "OB6-10"
      ]
    }
  ],
  [
    "Iron Blade",
    {
      "ownedOb": "OB6-10",
      "ignored": false,
      "distinctObs": [
        "OB0-5",
        "OB6-10"
      ]
    }
  ],
  [
    "Iron Collar",
    {
      "ownedOb": "OB0-10",
      "ignored": false,
      "distinctObs": [
        "OB0-10"
      ]
    }
  ],
  [
    "Iron Greatsword",
    {
      "ownedOb": "OB0-10",
      "ignored": false,
      "distinctObs": [
        "OB0-10"
      ]
    }
  ],
  [
    "Ivy Collar",
    {
      "ownedOb": "OB6-10",
      "ignored": false,
      "distinctObs": [
        "OB0-5",
        "OB6-10"
      ]
    }
  ],
  [
    "Junk Collar",
    {
      "ownedOb": "OB6-10",
      "ignored": false,
      "distinctObs": [
        "OB0-5",
        "OB6-10"
      ]
    }
  ],
  [
    "Járngreipr",
    {
      "ownedOb": "OB0-10",
      "ignored": false,
      "distinctObs": [
        "OB0-10"
      ]
    }
  ],
  [
    "Kaiser Knuckles",
    {
      "ownedOb": "OB6-10",
      "ignored": false,
      "distinctObs": [
        "OB0-5",
        "OB6-10"
      ]
    }
  ],
  [
    "Kamura Wand",
    {
      "ownedOb": "OB6-10",
      "ignored": false,
      "distinctObs": [
        "OB0-5",
        "OB6-10"
      ]
    }
  ],
  [
    "Kirin Gloves",
    {
      "ownedOb": "OB6-10",
      "ignored": false,
      "distinctObs": [
        "OB0-5",
        "OB6-10"
      ]
    }
  ],
  [
    "Kugelblitz",
    {
      "ownedOb": "OB6-10",
      "ignored": false,
      "distinctObs": [
        "OB0-5",
        "OB6-10"
      ]
    }
  ],
  [
    "Kuja's Spirit Blade",
    {
      "ownedOb": "OB6-10",
      "ignored": false,
      "distinctObs": [
        "OB0-5",
        "OB6-10"
      ]
    }
  ],
  [
    "Leather Gloves",
    {
      "ownedOb": "OB6-10",
      "ignored": false,
      "distinctObs": [
        "OB0-5",
        "OB6-10"
      ]
    }
  ],
  [
    "Lefko Kypseli",
    {
      "ownedOb": "OB6-10",
      "ignored": false,
      "distinctObs": [
        "OB0-5",
        "OB6-10"
      ]
    }
  ],
  [
    "Lifeguard Wraps",
    {
      "ownedOb": "OB0-10",
      "ignored": false,
      "distinctObs": [
        "OB0-10"
      ]
    }
  ],
  [
    "Locke's Sword",
    {
      "ownedOb": "OB6-10",
      "ignored": false,
      "distinctObs": [
        "OB0-5",
        "OB6-10"
      ]
    }
  ],
  [
    "Luminary Sword",
    {
      "ownedOb": "OB6-10",
      "ignored": false,
      "distinctObs": [
        "OB0-5",
        "OB6-10"
      ]
    }
  ],
  [
    "Mad Minute",
    {
      "ownedOb": "OB6-10",
      "ignored": false,
      "distinctObs": [
        "OB0-5",
        "OB6-10"
      ]
    }
  ],
  [
    "Mallet of Luck",
    {
      "ownedOb": "OB0-10",
      "ignored": false,
      "distinctObs": [
        "OB0-10"
      ]
    }
  ],
  [
    "Marching Horn",
    {
      "ownedOb": "OB6-10",
      "ignored": false,
      "distinctObs": [
        "OB0-5",
        "OB6-10"
      ]
    }
  ],
  [
    "Marine Shooter",
    {
      "ownedOb": "OB6-10",
      "ignored": false,
      "distinctObs": [
        "OB0-5",
        "OB6-10"
      ]
    }
  ],
  [
    "Microlaser",
    {
      "ownedOb": "OB6-10",
      "ignored": false,
      "distinctObs": [
        "OB0-5",
        "OB6-10"
      ]
    }
  ],
  [
    "Mop",
    {
      "ownedOb": "OB0-10",
      "ignored": false,
      "distinctObs": [
        "OB0-10"
      ]
    }
  ],
  [
    "Mythril Rod",
    {
      "ownedOb": "OB6-10",
      "ignored": false,
      "distinctObs": [
        "OB0-5",
        "OB6-10"
      ]
    }
  ],
  [
    "Mythril Type-0 Katana",
    {
      "ownedOb": "OB6-10",
      "ignored": false,
      "distinctObs": [
        "OB0-5",
        "OB6-10"
      ]
    }
  ],
  [
    "Nameless",
    {
      "ownedOb": "OB6-10",
      "ignored": false,
      "distinctObs": [
        "OB0-5",
        "OB6-10"
      ]
    }
  ],
  [
    "Nautilus Spiral",
    {
      "ownedOb": "OB6-10",
      "ignored": false,
      "distinctObs": [
        "OB0-5",
        "OB6-10"
      ]
    }
  ],
  [
    "Nightjar",
    {
      "ownedOb": "OB6-10",
      "ignored": false,
      "distinctObs": [
        "OB0-5",
        "OB6-10"
      ]
    }
  ],
  [
    "Northern Lights",
    {
      "ownedOb": "OB6-10",
      "ignored": false,
      "distinctObs": [
        "OB0-5",
        "OB6-10"
      ]
    }
  ],
  [
    "Orchard Shovel",
    {
      "ownedOb": "OB0-10",
      "ignored": false,
      "distinctObs": [
        "OB0-10"
      ]
    }
  ],
  [
    "Oven Mitts",
    {
      "ownedOb": "OB0-10",
      "ignored": false,
      "distinctObs": [
        "OB0-10"
      ]
    }
  ],
  [
    "Piece of Cake",
    {
      "ownedOb": "OB6-10",
      "ignored": false,
      "distinctObs": [
        "OB0-5",
        "OB6-10"
      ]
    }
  ],
  [
    "Pilot's Collar",
    {
      "ownedOb": "OB6-10",
      "ignored": false,
      "distinctObs": [
        "OB0-5",
        "OB6-10"
      ]
    }
  ],
  [
    "Pinwheel",
    {
      "ownedOb": "OB6-10",
      "ignored": false,
      "distinctObs": [
        "OB0-5",
        "OB6-10"
      ]
    }
  ],
  [
    "Pole Axe",
    {
      "ownedOb": "OB6-10",
      "ignored": false,
      "distinctObs": [
        "OB0-5",
        "OB6-10"
      ]
    }
  ],
  [
    "Pressure Ridge",
    {
      "ownedOb": "OB6-10",
      "ignored": false,
      "distinctObs": [
        "OB0-5",
        "OB6-10"
      ]
    }
  ],
  [
    "Prime Number",
    {
      "ownedOb": "OB0-10",
      "ignored": false,
      "distinctObs": [
        "OB0-10"
      ]
    }
  ],
  [
    "Pumpkin Blaster",
    {
      "ownedOb": "OB6-10",
      "ignored": false,
      "distinctObs": [
        "OB0-5",
        "OB6-10"
      ]
    }
  ],
  [
    "Pumpkin Lamppost",
    {
      "ownedOb": "OB6-10",
      "ignored": false,
      "distinctObs": [
        "OB0-5",
        "OB6-10"
      ]
    }
  ],
  [
    "Quina Megaphone",
    {
      "ownedOb": "OB6-10",
      "ignored": false,
      "distinctObs": [
        "OB0-5",
        "OB6-10"
      ]
    }
  ],
  [
    "Radiant Edge",
    {
      "ownedOb": "OB6-10",
      "ignored": false,
      "distinctObs": [
        "OB0-5",
        "OB6-10"
      ]
    }
  ],
  [
    "Rhad Cannon",
    {
      "ownedOb": "OB0-10",
      "ignored": false,
      "distinctObs": [
        "OB0-10"
      ]
    }
  ],
  [
    "Rhad Gun",
    {
      "ownedOb": "OB0-10",
      "ignored": false,
      "distinctObs": [
        "OB0-10"
      ]
    }
  ],
  [
    "Rocket Lance",
    {
      "ownedOb": "OB6-10",
      "ignored": false,
      "distinctObs": [
        "OB0-5",
        "OB6-10"
      ]
    }
  ],
  [
    "Rose Musket",
    {
      "ownedOb": "OB6-10",
      "ignored": false,
      "distinctObs": [
        "OB0-5",
        "OB6-10"
      ]
    }
  ],
  [
    "Rubber Collar",
    {
      "ownedOb": "OB0-10",
      "ignored": false,
      "distinctObs": [
        "OB0-10"
      ]
    }
  ],
  [
    "S1976C",
    {
      "ownedOb": "OB6-10",
      "ignored": false,
      "distinctObs": [
        "OB0-5",
        "OB6-10"
      ]
    }
  ],
  [
    "SSR1976",
    {
      "ownedOb": "OB6-10",
      "ignored": false,
      "distinctObs": [
        "OB0-5",
        "OB6-10"
      ]
    }
  ],
  [
    "Sabin's Claws",
    {
      "ownedOb": "OB6-10",
      "ignored": false,
      "distinctObs": [
        "OB0-5",
        "OB6-10"
      ]
    }
  ],
  [
    "Sawed-Off GS",
    {
      "ownedOb": "OB6-10",
      "ignored": false,
      "distinctObs": [
        "OB0-5",
        "OB6-10"
      ]
    }
  ],
  [
    "Scimitar",
    {
      "ownedOb": "OB6-10",
      "ignored": false,
      "distinctObs": [
        "OB0-5",
        "OB6-10"
      ]
    }
  ],
  [
    "Seaside Collar",
    {
      "ownedOb": "OB6-10",
      "ignored": false,
      "distinctObs": [
        "OB0-5",
        "OB6-10"
      ]
    }
  ],
  [
    "Sharkslayer",
    {
      "ownedOb": "OB6-10",
      "ignored": false,
      "distinctObs": [
        "OB0-5",
        "OB6-10"
      ]
    }
  ],
  [
    "Shinra Greatsword: Model I",
    {
      "ownedOb": "OB6-10",
      "ignored": false,
      "distinctObs": [
        "OB0-5",
        "OB6-10"
      ]
    }
  ],
  [
    "Shinra Military Sword",
    {
      "ownedOb": "OB6-10",
      "ignored": false,
      "distinctObs": [
        "OB0-5",
        "OB6-10"
      ]
    }
  ],
  [
    "Shinra Wyvern Blade",
    {
      "ownedOb": "OB0-10",
      "ignored": false,
      "distinctObs": [
        "OB0-10"
      ]
    }
  ],
  [
    "Silver Collar",
    {
      "ownedOb": "OB6-10",
      "ignored": false,
      "distinctObs": [
        "OB0-5",
        "OB6-10"
      ]
    }
  ],
  [
    "Silver Megaphone",
    {
      "ownedOb": "OB0-10",
      "ignored": false,
      "distinctObs": [
        "OB0-10"
      ]
    }
  ],
  [
    "Slash Lance",
    {
      "ownedOb": "OB6-10",
      "ignored": false,
      "distinctObs": [
        "OB0-5",
        "OB6-10"
      ]
    }
  ],
  [
    "Slay the Day",
    {
      "ownedOb": "OB6-10",
      "ignored": false,
      "distinctObs": [
        "OB0-5",
        "OB6-10"
      ]
    }
  ],
  [
    "Sleek Collar",
    {
      "ownedOb": "OB6-10",
      "ignored": false,
      "distinctObs": [
        "OB0-5",
        "OB6-10"
      ]
    }
  ],
  [
    "Sleek Saber",
    {
      "ownedOb": "OB0-10",
      "ignored": false,
      "distinctObs": [
        "OB0-10"
      ]
    }
  ],
  [
    "Slick Beetle",
    {
      "ownedOb": "OB6-10",
      "ignored": false,
      "distinctObs": [
        "OB0-5",
        "OB6-10"
      ]
    }
  ],
  [
    "Snowflake",
    {
      "ownedOb": "OB6-10",
      "ignored": false,
      "distinctObs": [
        "OB0-5",
        "OB6-10"
      ]
    }
  ],
  [
    "Solid Bazooka",
    {
      "ownedOb": "OB6-10",
      "ignored": false,
      "distinctObs": [
        "OB0-5",
        "OB6-10"
      ]
    }
  ],
  [
    "Spear",
    {
      "ownedOb": "OB0-10",
      "ignored": false,
      "distinctObs": [
        "OB0-10"
      ]
    }
  ],
  [
    "Stalwart Integrity",
    {
      "ownedOb": "OB6-10",
      "ignored": false,
      "distinctObs": [
        "OB0-5",
        "OB6-10"
      ]
    }
  ],
  [
    "Steiner's Blade",
    {
      "ownedOb": "OB0-10",
      "ignored": false,
      "distinctObs": [
        "OB0-10"
      ]
    }
  ],
  [
    "Steward Collar",
    {
      "ownedOb": "OB0-10",
      "ignored": false,
      "distinctObs": [
        "OB0-10"
      ]
    }
  ],
  [
    "Steward Gloves",
    {
      "ownedOb": "OB0-10",
      "ignored": false,
      "distinctObs": [
        "OB0-10"
      ]
    }
  ],
  [
    "Stilva Glaive",
    {
      "ownedOb": "OB0-10",
      "ignored": false,
      "distinctObs": [
        "OB0-10"
      ]
    }
  ],
  [
    "Stilva Megaphone",
    {
      "ownedOb": "OB0-10",
      "ignored": false,
      "distinctObs": [
        "OB0-10"
      ]
    }
  ],
  [
    "Stingray",
    {
      "ownedOb": "OB6-10",
      "ignored": false,
      "distinctObs": [
        "OB0-5",
        "OB6-10"
      ]
    }
  ],
  [
    "Striped Moogle Float",
    {
      "ownedOb": "OB6-10",
      "ignored": false,
      "distinctObs": [
        "OB0-5",
        "OB6-10"
      ]
    }
  ],
  [
    "Sun Umbrella",
    {
      "ownedOb": "OB6-10",
      "ignored": false,
      "distinctObs": [
        "OB0-5",
        "OB6-10"
      ]
    }
  ],
  [
    "Syringe Rapier",
    {
      "ownedOb": "OB6-10",
      "ignored": false,
      "distinctObs": [
        "OB0-5",
        "OB6-10"
      ]
    }
  ],
  [
    "Tempest",
    {
      "ownedOb": "OB6-10",
      "ignored": false,
      "distinctObs": [
        "OB0-5",
        "OB6-10"
      ]
    }
  ],
  [
    "Terra's Rod",
    {
      "ownedOb": "OB6-10",
      "ignored": false,
      "distinctObs": [
        "OB0-5",
        "OB6-10"
      ]
    }
  ],
  [
    "Thunderbird",
    {
      "ownedOb": "OB6-10",
      "ignored": false,
      "distinctObs": [
        "OB0-5",
        "OB6-10"
      ]
    }
  ],
  [
    "Tiger Fangs",
    {
      "ownedOb": "OB6-10",
      "ignored": false,
      "distinctObs": [
        "OB0-5",
        "OB6-10"
      ]
    }
  ],
  [
    "Torn Wing",
    {
      "ownedOb": "OB6-10",
      "ignored": false,
      "distinctObs": [
        "OB0-5",
        "OB6-10"
      ]
    }
  ],
  [
    "Tranquility",
    {
      "ownedOb": "OB0-10",
      "ignored": false,
      "distinctObs": [
        "OB0-10"
      ]
    }
  ],
  [
    "Tranquilizer Gun",
    {
      "ownedOb": "OB0-10",
      "ignored": false,
      "distinctObs": [
        "OB0-10"
      ]
    }
  ],
  [
    "Trident",
    {
      "ownedOb": "OB0-10",
      "ignored": false,
      "distinctObs": [
        "OB0-10"
      ]
    }
  ],
  [
    "Trumpet Shell",
    {
      "ownedOb": "OB6-10",
      "ignored": false,
      "distinctObs": [
        "OB0-5",
        "OB6-10"
      ]
    }
  ],
  [
    "Turks' Blade",
    {
      "ownedOb": "OB0-10",
      "ignored": false,
      "distinctObs": [
        "OB0-10"
      ]
    }
  ],
  [
    "Turks' Gloves",
    {
      "ownedOb": "OB0-10",
      "ignored": false,
      "distinctObs": [
        "OB0-10"
      ]
    }
  ],
  [
    "Turks' Rifle",
    {
      "ownedOb": "OB0-10",
      "ignored": false,
      "distinctObs": [
        "OB0-10"
      ]
    }
  ],
  [
    "Twinkling Star",
    {
      "ownedOb": "OB6-10",
      "ignored": false,
      "distinctObs": [
        "OB0-5",
        "OB6-10"
      ]
    }
  ],
  [
    "Type-90 Longsword",
    {
      "ownedOb": "OB0-10",
      "ignored": false,
      "distinctObs": [
        "OB0-10"
      ]
    }
  ],
  [
    "Type-91 Two-Hander",
    {
      "ownedOb": "OB6-10",
      "ignored": false,
      "distinctObs": [
        "OB0-5",
        "OB6-10"
      ]
    }
  ],
  [
    "Umbrella",
    {
      "ownedOb": "OB0-10",
      "ignored": false,
      "distinctObs": [
        "OB0-10"
      ]
    }
  ],
  [
    "Viper Halberd",
    {
      "ownedOb": "OB6-10",
      "ignored": false,
      "distinctObs": [
        "OB0-5",
        "OB6-10"
      ]
    }
  ],
  [
    "Volcanic Heat",
    {
      "ownedOb": "OB6-10",
      "ignored": false,
      "distinctObs": [
        "OB0-5",
        "OB6-10"
      ]
    }
  ],
  [
    "W Machine",
    {
      "ownedOb": "OB6-10",
      "ignored": false,
      "distinctObs": [
        "OB0-5",
        "OB6-10"
      ]
    }
  ],
  [
    "Wind Slash",
    {
      "ownedOb": "OB6-10",
      "ignored": false,
      "distinctObs": [
        "OB0-5",
        "OB6-10"
      ]
    }
  ],
  [
    "Witch's Broom",
    {
      "ownedOb": "OB6-10",
      "ignored": false,
      "distinctObs": [
        "OB0-5",
        "OB6-10"
      ]
    }
  ],
  [
    "Withering Blaze",
    {
      "ownedOb": "OB6-10",
      "ignored": false,
      "distinctObs": [
        "OB0-5",
        "OB6-10"
      ]
    }
  ],
  [
    "Work Gloves",
    {
      "ownedOb": "OB6-10",
      "ignored": false,
      "distinctObs": [
        "OB0-5",
        "OB6-10"
      ]
    }
  ]
]
